Archive member included to satisfy reference by file (symbol)

c:/program files (x86)/atmel/studio/7.0/toolchain/arm/arm-gnu-toolchain/bin/../lib/gcc/arm-none-eabi/6.3.1/../../../../arm-none-eabi/lib/thumb/v7e-m\libm.a(lib_a-w_log.o)
                              izilink/iziplus_module_def.o (log)
c:/program files (x86)/atmel/studio/7.0/toolchain/arm/arm-gnu-toolchain/bin/../lib/gcc/arm-none-eabi/6.3.1/../../../../arm-none-eabi/lib/thumb/v7e-m\libm.a(lib_a-e_log.o)
                              c:/program files (x86)/atmel/studio/7.0/toolchain/arm/arm-gnu-toolchain/bin/../lib/gcc/arm-none-eabi/6.3.1/../../../../arm-none-eabi/lib/thumb/v7e-m\libm.a(lib_a-w_log.o) (__ieee754_log)
c:/program files (x86)/atmel/studio/7.0/toolchain/arm/arm-gnu-toolchain/bin/../lib/gcc/arm-none-eabi/6.3.1/../../../../arm-none-eabi/lib/thumb/v7e-m\libm.a(lib_a-s_lib_ver.o)
                              c:/program files (x86)/atmel/studio/7.0/toolchain/arm/arm-gnu-toolchain/bin/../lib/gcc/arm-none-eabi/6.3.1/../../../../arm-none-eabi/lib/thumb/v7e-m\libm.a(lib_a-w_log.o) (__fdlib_version)
c:/program files (x86)/atmel/studio/7.0/toolchain/arm/arm-gnu-toolchain/bin/../lib/gcc/arm-none-eabi/6.3.1/../../../../arm-none-eabi/lib/thumb/v7e-m\libm.a(lib_a-s_matherr.o)
                              c:/program files (x86)/atmel/studio/7.0/toolchain/arm/arm-gnu-toolchain/bin/../lib/gcc/arm-none-eabi/6.3.1/../../../../arm-none-eabi/lib/thumb/v7e-m\libm.a(lib_a-w_log.o) (matherr)
c:/program files (x86)/atmel/studio/7.0/toolchain/arm/arm-gnu-toolchain/bin/../lib/gcc/arm-none-eabi/6.3.1/../../../../arm-none-eabi/lib/thumb/v7e-m\libm.a(lib_a-s_nan.o)
                              c:/program files (x86)/atmel/studio/7.0/toolchain/arm/arm-gnu-toolchain/bin/../lib/gcc/arm-none-eabi/6.3.1/../../../../arm-none-eabi/lib/thumb/v7e-m\libm.a(lib_a-w_log.o) (nan)
C:\projects\trunk\Izi-Lib-sam\Release\libIZI-Lib-sam.a(crc.o)
                              izilink/slave/iziplus_dataframe.o (Crc16)
c:/program files (x86)/atmel/studio/7.0/toolchain/arm/arm-gnu-toolchain/bin/../lib/gcc/arm-none-eabi/6.3.1/thumb/v7e-m\libgcc.a(_arm_addsubdf3.o)
                              uart/usart1.o (__aeabi_dsub)
c:/program files (x86)/atmel/studio/7.0/toolchain/arm/arm-gnu-toolchain/bin/../lib/gcc/arm-none-eabi/6.3.1/thumb/v7e-m\libgcc.a(_arm_muldivdf3.o)
                              uart/usart1.o (__aeabi_dmul)
c:/program files (x86)/atmel/studio/7.0/toolchain/arm/arm-gnu-toolchain/bin/../lib/gcc/arm-none-eabi/6.3.1/thumb/v7e-m\libgcc.a(_arm_cmpdf2.o)
                              izilink/iziplus_module_def.o (__aeabi_dcmpeq)
c:/program files (x86)/atmel/studio/7.0/toolchain/arm/arm-gnu-toolchain/bin/../lib/gcc/arm-none-eabi/6.3.1/thumb/v7e-m\libgcc.a(_arm_unorddf2.o)
                              c:/program files (x86)/atmel/studio/7.0/toolchain/arm/arm-gnu-toolchain/bin/../lib/gcc/arm-none-eabi/6.3.1/../../../../arm-none-eabi/lib/thumb/v7e-m\libm.a(lib_a-w_log.o) (__aeabi_dcmpun)
c:/program files (x86)/atmel/studio/7.0/toolchain/arm/arm-gnu-toolchain/bin/../lib/gcc/arm-none-eabi/6.3.1/thumb/v7e-m\libgcc.a(_arm_fixdfsi.o)
                              izilink/iziplus_module_def.o (__aeabi_d2iz)
c:/program files (x86)/atmel/studio/7.0/toolchain/arm/arm-gnu-toolchain/bin/../lib/gcc/arm-none-eabi/6.3.1/thumb/v7e-m\libgcc.a(_arm_fixunsdfsi.o)
                              uart/usart1.o (__aeabi_d2uiz)
c:/program files (x86)/atmel/studio/7.0/toolchain/arm/arm-gnu-toolchain/bin/../lib/gcc/arm-none-eabi/6.3.1/thumb/v7e-m\libgcc.a(_aeabi_uldivmod.o)
                              driver/stepdown.o (__aeabi_uldivmod)
c:/program files (x86)/atmel/studio/7.0/toolchain/arm/arm-gnu-toolchain/bin/../lib/gcc/arm-none-eabi/6.3.1/thumb/v7e-m\libgcc.a(_udivmoddi4.o)
                              c:/program files (x86)/atmel/studio/7.0/toolchain/arm/arm-gnu-toolchain/bin/../lib/gcc/arm-none-eabi/6.3.1/thumb/v7e-m\libgcc.a(_aeabi_uldivmod.o) (__udivmoddi4)
c:/program files (x86)/atmel/studio/7.0/toolchain/arm/arm-gnu-toolchain/bin/../lib/gcc/arm-none-eabi/6.3.1/thumb/v7e-m\libgcc.a(_dvmd_tls.o)
                              c:/program files (x86)/atmel/studio/7.0/toolchain/arm/arm-gnu-toolchain/bin/../lib/gcc/arm-none-eabi/6.3.1/thumb/v7e-m\libgcc.a(_aeabi_uldivmod.o) (__aeabi_ldiv0)
c:/program files (x86)/atmel/studio/7.0/toolchain/arm/arm-gnu-toolchain/bin/../lib/gcc/arm-none-eabi/6.3.1/../../../../arm-none-eabi/lib/thumb/v7e-m\libc_nano.a(lib_a-errno.o)
                              c:/program files (x86)/atmel/studio/7.0/toolchain/arm/arm-gnu-toolchain/bin/../lib/gcc/arm-none-eabi/6.3.1/../../../../arm-none-eabi/lib/thumb/v7e-m\libm.a(lib_a-w_log.o) (__errno)
c:/program files (x86)/atmel/studio/7.0/toolchain/arm/arm-gnu-toolchain/bin/../lib/gcc/arm-none-eabi/6.3.1/../../../../arm-none-eabi/lib/thumb/v7e-m\libc_nano.a(lib_a-exit.o)
[...]
Memory Configuration

Name             Origin             Length             Attributes
rom              0x00004000         0x0001bf00         xr
bootloader       0x00000000         0x00004000         xr
app_setting      0x0003c000         0x00004000         xr
firmware_info    0x0001ff00         0x00000100         xr
mirror           0x00022000         0x0001df00         xr
ram              0x20002200         0x0001dd80         xrw
can_ram          0x20000000         0x00002200         xrw
energy_ram       0x2001fe80         0x00000080         xrw
boot_ram         0x2001ff00         0x00000100         xrw
bkupram          0x47000000         0x00002000         xrw
qspi             0x04000000         0x01000000         xrw
*default*        0x00000000         0xffffffff

Linker script and memory map

LOAD c:/program files (x86)/atmel/studio/7.0/toolchain/arm/arm-gnu-toolchain/bin/../lib/gcc/arm-none-eabi/6.3.1/thumb/v7e-m/crti.o
LOAD c:/program files (x86)/atmel/studio/7.0/toolchain/arm/arm-gnu-toolchain/bin/../lib/gcc/arm-none-eabi/6.3.1/thumb/v7e-m/crtbegin.o
LOAD c:/program files (x86)/atmel/studio/7.0/toolchain/arm/arm-gnu-toolchain/bin/../lib/gcc/arm-none-eabi/6.3.1/../../../../arm-none-eabi/lib/thumb/v7e-m/crt0.o
LOAD can/izi_can_driver.o
LOAD dmac/dmac.o
LOAD driver/mcp4725.o
LOAD driver/mcp4728.o
LOAD izilink/izi_output.o
LOAD izilink/slave/iziplus_dataframe.o
LOAD izilink/slave/iziplus_networkframe.o
LOAD misc/bod.o
LOAD misc/rprintf.o
LOAD misc/rtctime.o
LOAD misc/smart_eeprom.o
LOAD powerline/dcbm1_driver.o
LOAD production/production.o
LOAD uart/i2cx.o
LOAD uart/usart1.o
LOAD uart/usart2.o
LOAD appconfig.o
LOAD atmel_start.o
LOAD Device_Startup/startup_same51.o
LOAD Device_Startup/system_same51.o
LOAD driver/curve.o
LOAD driver/stepdown.o
LOAD driver_init.o
LOAD hal/src/hal_adc_async.o
LOAD hal/src/hal_atomic.o
LOAD hal/src/hal_cache.o
LOAD hal/src/hal_can_async.o
LOAD hal/src/hal_delay.o
LOAD hal/src/hal_ext_irq.o
LOAD hal/src/hal_flash.o
LOAD hal/src/hal_gpio.o
LOAD hal/src/hal_i2c_m_sync.o
LOAD hal/src/hal_init.o
LOAD hal/src/hal_io.o
LOAD hal/src/hal_rand_sync.o
LOAD hal/src/hal_sleep.o
LOAD hal/src/hal_timer.o
LOAD hal/src/hal_usart_async.o
LOAD hal/src/hal_usb_device.o
LOAD hal/src/hal_wdt.o
LOAD hal/src/utils_ringbuffer.o
LOAD hal/utils/src/utils_assert.o
LOAD hal/utils/src/utils_event.o
LOAD hal/utils/src/utils_list.o
LOAD hal/utils/src/utils_syscalls.o
LOAD hpl/adc/hpl_adc.o
LOAD hpl/can/hpl_can.o
LOAD hpl/cmcc/hpl_cmcc.o
LOAD hpl/core/hpl_core_m4.o
LOAD hpl/core/hpl_init.o
LOAD hpl/dmac/hpl_dmac.o
LOAD hpl/eic/hpl_eic.o
LOAD hpl/gclk/hpl_gclk.o
LOAD hpl/mclk/hpl_mclk.o
LOAD hpl/nvmctrl/hpl_nvmctrl.o
LOAD hpl/osc32kctrl/hpl_osc32kctrl.o
LOAD hpl/oscctrl/hpl_oscctrl.o
LOAD hpl/pm/hpl_pm.o
LOAD hpl/ramecc/hpl_ramecc.o
LOAD hpl/sercom/hpl_sercom.o
LOAD hpl/tc/hpl_tc.o
LOAD hpl/trng/hpl_trng.o
LOAD hpl/wdt/hpl_wdt.o
LOAD izilink/iziplus_driver.o
LOAD izilink/iziplus_module_def.o
LOAD izilink/izi_input.o
LOAD main.o
LOAD misc/analog.o
LOAD misc/debug.o
LOAD misc/state.o
LOAD misc/timing.o
LOAD thirdparty/RTOS/freertos/FreeRTOSV10.0.0/rtos_port.o
LOAD thirdparty/RTOS/freertos/FreeRTOSV10.0.0/Source/croutine.o
LOAD thirdparty/RTOS/freertos/FreeRTOSV10.0.0/Source/event_groups.o
LOAD thirdparty/RTOS/freertos/FreeRTOSV10.0.0/Source/list.o
LOAD thirdparty/RTOS/freertos/FreeRTOSV10.0.0/Source/portable/GCC/ARM_CM4F/port.o
LOAD thirdparty/RTOS/freertos/FreeRTOSV10.0.0/Source/portable/MemMang/heap_1.o
LOAD thirdparty/RTOS/freertos/FreeRTOSV10.0.0/Source/queue.o
LOAD thirdparty/RTOS/freertos/FreeRTOSV10.0.0/Source/stream_buffer.o
LOAD thirdparty/RTOS/freertos/FreeRTOSV10.0.0/Source/tasks.o
LOAD thirdparty/RTOS/freertos/FreeRTOSV10.0.0/Source/timers.o
LOAD usb/class/cdc/device/cdcdf_acm.o
LOAD usb/device/usbdc.o
LOAD usb/usb_protocol.o
LOAD version.o
START GROUP
LOAD c:/program files (x86)/atmel/studio/7.0/toolchain/arm/arm-gnu-toolchain/bin/../lib/gcc/arm-none-eabi/6.3.1/../../../../arm-none-eabi/lib/thumb/v7e-m\libm.a
LOAD C:\projects\trunk\Izi-Lib-sam\Release\libIZI-Lib-sam.a
END GROUP
START GROUP
LOAD c:/program files (x86)/atmel/studio/7.0/toolchain/arm/arm-gnu-toolchain/bin/../lib/gcc/arm-none-eabi/6.3.1/thumb/v7e-m\libgcc.a
LOAD c:/program files (x86)/atmel/studio/7.0/toolchain/arm/arm-gnu-toolchain/bin/../lib/gcc/arm-none-eabi/6.3.1/../../../../arm-none-eabi/lib/thumb/v7e-m\libc_nano.a
END GROUP
START GROUP
LOAD c:/program files (x86)/atmel/studio/7.0/toolchain/arm/arm-gnu-toolchain/bin/../lib/gcc/arm-none-eabi/6.3.1/thumb/v7e-m\libgcc.a
LOAD c:/program files (x86)/atmel/studio/7.0/toolchain/arm/arm-gnu-toolchain/bin/../lib/gcc/arm-none-eabi/6.3.1/../../../../arm-none-eabi/lib/thumb/v7e-m\libc_nano.a
END GROUP
LOAD c:/program files (x86)/atmel/studio/7.0/toolchain/arm/arm-gnu-toolchain/bin/../lib/gcc/arm-none-eabi/6.3.1/thumb/v7e-m/crtend.o
LOAD c:/program files (x86)/atmel/studio/7.0/toolchain/arm/arm-gnu-toolchain/bin/../lib/gcc/arm-none-eabi/6.3.1/thumb/v7e-m/crtn.o
                0x00001000                STACK_SIZE = DEFINED (STACK_SIZE)?STACK_SIZE:DEFINED (__stack_size__)?__stack_size__:0x1000

.text           0x00004000     0xe758
                0x00004000                . = ALIGN (0x4)
                0x00004000                _sfixed = .
 *(.vectors .vectors.*)
 .vectors       0x00004000      0x264 Device_Startup/startup_same51.o
                0x00004000                exception_table
 *(.text .text.* .gnu.linkonce.t.*)
 .text          0x00004264       0x6c c:/program files (x86)/atmel/studio/7.0/toolchain/arm/arm-gnu-toolchain/bin/../lib/gcc/arm-none-eabi/6.3.1/thumb/v7e-m/crtbegin.o
 .text.DMA_Init
                0x000042d0       0x64 dmac/dmac.o
                0x000042d0                DMA_Init
 .text.DMAC_0_Handler
                0x00004334       0xa0 dmac/dmac.o
                0x00004334                DMAC_0_Handler
 .text.DMA_ChannelInit
                0x000043d4       0x4c dmac/dmac.o
                0x000043d4                DMA_ChannelInit
 .text.DMA_Send
                0x00004420       0xb4 dmac/dmac.o
                0x00004420                DMA_Send
 .text.Mcp4728_Init
                0x000044d4       0xdc driver/mcp4728.o
                0x000044d4                Mcp4728_Init
 .text.Mcp4728_InitReady
                0x000045b0        0xc driver/mcp4728.o
                0x000045b0                Mcp4728_InitReady
 .text.Mcp4728_WriteDacs
                0x000045bc       0x7c driver/mcp4728.o
                0x000045bc                Mcp4728_WriteDacs
 .text.Izi_OutputSet
                0x00004638       0x44 izilink/izi_output.o
                0x00004638                Izi_OutputSet
 .text.Izi_OutputSetAll
                0x0000467c       0x50 izilink/izi_output.o
                0x0000467c                Izi_OutputSetAll
 .text.Izi_OutputSetBuffer
                0x000046cc       0x58 izilink/izi_output.o
                0x000046cc                Izi_OutputSetBuffer
 .text.Izi_OutputGet
                0x00004724       0x10 izilink/izi_output.o
                0x00004724                Izi_OutputGet
 .text.iziplus_data_Dcbm1Rx
                0x00004734      0x1b4 izilink/slave/iziplus_dataframe.o
                0x00004734                iziplus_data_Dcbm1Rx
 .text.iziplus_dataframe_sendrsp.part.1
                0x000048e8       0xfc izilink/slave/iziplus_dataframe.o
 .text.iziplus_dataframe_init
                0x000049e4       0x68 izilink/slave/iziplus_dataframe.o
                0x000049e4                iziplus_dataframe_init
 .text.iziplus_dataframe_set_rx_callback
                0x00004a4c        0xc izilink/slave/iziplus_dataframe.o
                0x00004a4c                iziplus_dataframe_set_rx_callback
 .text.iziplus_dataframe_set_rxidle_callback
                0x00004a58        0xc izilink/slave/iziplus_dataframe.o
                0x00004a58                iziplus_dataframe_set_rxidle_callback
 .text.iziplus_data_comquality
                0x00004a64        0xc izilink/slave/iziplus_dataframe.o
                0x00004a64                iziplus_data_comquality
 .text.iziplus_data_handle_rx
                0x00004a70      0x134 izilink/slave/iziplus_dataframe.o
                0x00004a70                iziplus_data_handle_rx
 .text.iziplus_data_RxTask
                0x00004ba4       0xe4 izilink/slave/iziplus_dataframe.o
 .text.iziplus_dataframe_response
                0x00004c88       0x38 izilink/slave/iziplus_dataframe.o
                0x00004c88                iziplus_dataframe_response
 .text.iziplus_dataframe_timer100ms
                0x00004cc0       0x48 izilink/slave/iziplus_dataframe.o
                0x00004cc0                iziplus_dataframe_timer100ms
 .text.iziplus_dataframe_loss
                0x00004d08       0x10 izilink/slave/iziplus_dataframe.o
                0x00004d08                iziplus_dataframe_loss
 .text.iziplus_networkframe_error
                0x00004d18       0x24 izilink/slave/iziplus_networkframe.o
                0x00004d18                iziplus_networkframe_error
 .text.iziplus_networkframe_discover
                0x00004d3c       0x30 izilink/slave/iziplus_networkframe.o
                0x00004d3c                iziplus_networkframe_discover
 .text.iziplus_networkframe_assign_network
                0x00004d6c       0x20 izilink/slave/iziplus_networkframe.o
                0x00004d6c                iziplus_networkframe_assign_network
 .text.iziplus_networkframe_assign_channelmodewritedelay
                0x00004d8c       0x28 izilink/slave/iziplus_networkframe.o
                0x00004d8c                iziplus_networkframe_assign_channelmodewritedelay
 .text.iziplus_networkframe_assign_channelmodewrite
                0x00004db4       0x28 izilink/slave/iziplus_networkframe.o
                0x00004db4                iziplus_networkframe_assign_channelmodewrite
 .text.iziplus_networkframe_assign_channelmoderead
                0x00004ddc       0x3c izilink/slave/iziplus_networkframe.o
                0x00004ddc                iziplus_networkframe_assign_channelmoderead
 .text.iziplus_networkframe_assign_configwrite
                0x00004e18       0x20 izilink/slave/iziplus_networkframe.o
                0x00004e18                iziplus_networkframe_assign_configwrite
 .text.iziplus_networkframe_assign_configwritedly
                0x00004e38       0x28 izilink/slave/iziplus_networkframe.o
                0x00004e38                iziplus_networkframe_assign_configwritedly
 .text.iziplus_networkframe_assign_configread
                0x00004e60       0x34 izilink/slave/iziplus_networkframe.o
                0x00004e60                iziplus_networkframe_assign_configread
 .text.iziplus_networkframe_textwrite
                0x00004e94       0x20 izilink/slave/iziplus_networkframe.o
                0x00004e94                iziplus_networkframe_textwrite
 .text.iziplus_networkframe_textwritedly
                0x00004eb4       0x28 izilink/slave/iziplus_networkframe.o
                0x00004eb4                iziplus_networkframe_textwritedly
 .text.iziplus_networkframe_textread
                0x00004edc       0x34 izilink/slave/iziplus_networkframe.o
                0x00004edc                iziplus_networkframe_textread
 .text.iziplus_networkframe_versionread
                0x00004f10       0x80 izilink/slave/iziplus_networkframe.o
                0x00004f10                iziplus_networkframe_versionread
 .text.iziplus_networkframe_operationmodewrite
                0x00004f90       0x30 izilink/slave/iziplus_networkframe.o
                0x00004f90                iziplus_networkframe_operationmodewrite
 .text.iziplus_networkframe_stateread
                0x00004fc0       0x30 izilink/slave/iziplus_networkframe.o
                0x00004fc0                iziplus_networkframe_stateread
 .text.iziplus_networkframe_joinnetworkaction
                0x00004ff0       0x30 izilink/slave/iziplus_networkframe.o
                0x00004ff0                iziplus_networkframe_joinnetworkaction
 .text.iziplus_networkframe_identifyaction
                0x00005020       0x24 izilink/slave/iziplus_networkframe.o
                0x00005020                iziplus_networkframe_identifyaction
 .text.iziplus_networkframe_identifyaction_not
                0x00005044       0x24 izilink/slave/iziplus_networkframe.o
                0x00005044                iziplus_networkframe_identifyaction_not
 .text.iziplus_networkframe_firmwarewrite
                0x00005068       0x20 izilink/slave/iziplus_networkframe.o
                0x00005068                iziplus_networkframe_firmwarewrite
 .text.iziplus_networkframe_firmwarewritedly
                0x00005088       0x28 izilink/slave/iziplus_networkframe.o
                0x00005088                iziplus_networkframe_firmwarewritedly
 .text.iziplus_networkframe_firmwareapply
                0x000050b0       0x20 izilink/slave/iziplus_networkframe.o
                0x000050b0                iziplus_networkframe_firmwareapply
 .text.iziplus_networkframe_firmwareapplydly
                0x000050d0       0x28 izilink/slave/iziplus_networkframe.o
                0x000050d0                iziplus_networkframe_firmwareapplydly
 .text.iziplus_networkframe_firmwareallow
                0x000050f8       0x2c izilink/slave/iziplus_networkframe.o
                0x000050f8                iziplus_networkframe_firmwareallow
 .text.iziplus_networkframe_production_data_write
                0x00005124       0x20 izilink/slave/iziplus_networkframe.o
                0x00005124                iziplus_networkframe_production_data_write
 .text.iziplus_networkframe_production_data_read
                0x00005144       0x38 izilink/slave/iziplus_networkframe.o
                0x00005144                iziplus_networkframe_production_data_read
 .text.bod33_enable_at_poweron
                0x0000517c       0x74 misc/bod.o
                0x0000517c                bod33_enable_at_poweron
 .text.bod33_ensure
                0x000051f0       0xb8 misc/bod.o
                0x000051f0                bod33_ensure
 .text.RtcTime_GetSeconds
                0x000052a8        0xc misc/rtctime.o
                0x000052a8                RtcTime_GetSeconds
 .text.RtcTime_Tick
                0x000052b4       0x10 misc/rtctime.o
                0x000052b4                RtcTime_Tick
 .text.Eeprom_init
                0x000052c4       0x44 misc/smart_eeprom.o
                0x000052c4                Eeprom_init
 .text.Eeprom_Read
                0x00005308       0x30 misc/smart_eeprom.o
                0x00005308                Eeprom_Read
 .text.Eeprom_Write
                0x00005338       0x44 misc/smart_eeprom.o
                0x00005338                Eeprom_Write
 .text.dcbm1_err_cb
                0x0000537c       0x10 powerline/dcbm1_driver.o
 .text.dcbm1_rx_cb
                0x0000538c       0x40 powerline/dcbm1_driver.o
 .text.dcbm1_tx_cb
                0x000053cc       0x98 powerline/dcbm1_driver.o
 .text.dcbm1_set_rx_callback
                0x00005464       0x24 powerline/dcbm1_driver.o
                0x00005464                dcbm1_set_rx_callback
 .text.dcbm1_enable_bus_busy
                0x00005488        0xc powerline/dcbm1_driver.o
                0x00005488                dcbm1_enable_bus_busy
 .text.dcbm1_send
                0x00005494       0xd0 powerline/dcbm1_driver.o
                0x00005494                dcbm1_send
 .text.dcbm1_writesync
                0x00005564       0x58 powerline/dcbm1_driver.o
                0x00005564                dcbm1_writesync
 .text.dcbm1_writereg
                0x000055bc       0x58 powerline/dcbm1_driver.o
                0x000055bc                dcbm1_writereg
 .text.dcbm1_writeonlyreg
                0x00005614       0x7c powerline/dcbm1_driver.o
                0x00005614                dcbm1_writeonlyreg
 .text.dcbm1_readreg
                0x00005690       0x70 powerline/dcbm1_driver.o
                0x00005690                dcbm1_readreg
 .text.dcbm1_writeverifyreg
                0x00005700       0x54 powerline/dcbm1_driver.o
                0x00005700                dcbm1_writeverifyreg
 .text.dcbm1_checkfrequency
                0x00005754       0x28 powerline/dcbm1_driver.o
                0x00005754                dcbm1_checkfrequency
 .text.dcbm1_getfrequency_h
                0x0000577c       0x10 powerline/dcbm1_driver.o
                0x0000577c                dcbm1_getfrequency_h
 .text.dcbm1_getfrequency_l
                0x0000578c       0x18 powerline/dcbm1_driver.o
                0x0000578c                dcbm1_getfrequency_l
 .text.dcbm1_checkrate
                0x000057a4       0x28 powerline/dcbm1_driver.o
                0x000057a4                dcbm1_checkrate
 .text.dcbm1_getrate_kHz
                0x000057cc       0x20 powerline/dcbm1_driver.o
                0x000057cc                dcbm1_getrate_kHz
 .text.dcbm1_checkerror
                0x000057ec        0x4 powerline/dcbm1_driver.o
                0x000057ec                dcbm1_checkerror
 .text.dcbm1_setcom
                0x000057f0       0x44 powerline/dcbm1_driver.o
                0x000057f0                dcbm1_setcom
 .text.dcbm1_init
                0x00005834      0x154 powerline/dcbm1_driver.o
                0x00005834                dcbm1_init
 .text.dcbm1_nap
                0x00005988       0x6c powerline/dcbm1_driver.o
                0x00005988                dcbm1_nap
 .text.dcbm1_driver_init
                0x000059f4       0x24 powerline/dcbm1_driver.o
                0x000059f4                dcbm1_driver_init
 .text.Production_Write
                0x00005a18       0x40 production/production.o
                0x00005a18                Production_Write
 .text.Production_WriteStruct
                0x00005a58       0x1c production/production.o
                0x00005a58                Production_WriteStruct
 .text.I2Cx_Init
                0x00005a74       0xf4 uart/i2cx.o
                0x00005a74                I2Cx_Init
 .text.I2Cx_Write_Sequence
                0x00005b68       0x40 uart/i2cx.o
                0x00005b68                I2Cx_Write_Sequence
 .text.I2Cx_Check
                0x00005ba8       0x20 uart/i2cx.o
                0x00005ba8                I2Cx_Check
 .text.Usart1_DmaCb
                0x00005bc8        0xc uart/usart1.o
                0x00005bc8                Usart1_DmaCb
 .text.Usart1_Init
                0x00005bd4      0x158 uart/usart1.o
                0x00005bd4                Usart1_Init
 .text.SERCOM1_0_Handler
                0x00005d2c       0x58 uart/usart1.o
                0x00005d2c                SERCOM1_0_Handler
 .text.SERCOM1_1_Handler
                0x00005d84       0x20 uart/usart1.o
                0x00005d84                SERCOM1_1_Handler
 .text.SERCOM1_2_Handler
                0x00005da4       0x20 uart/usart1.o
                0x00005da4                SERCOM1_2_Handler
 .text.SERCOM1_3_Handler
                0x00005dc4       0x20 uart/usart1.o
                0x00005dc4                SERCOM1_3_Handler
 .text.Usart1_PutBfr
                0x00005de4       0x10 uart/usart1.o
                0x00005de4                Usart1_PutBfr
 .text.SERCOM2_0_Handler
                0x00005df4       0x58 uart/usart2.o
                0x00005df4                SERCOM2_0_Handler
 .text.SERCOM2_1_Handler
                0x00005e4c       0x40 uart/usart2.o
                0x00005e4c                SERCOM2_1_Handler
 .text.SERCOM2_2_Handler
                0x00005e8c       0x20 uart/usart2.o
                0x00005e8c                SERCOM2_2_Handler
 .text.SERCOM2_3_Handler
                0x00005eac       0x20 uart/usart2.o
                0x00005eac                SERCOM2_3_Handler
 .text.AppCalib_Default
                0x00005ecc       0x5c appconfig.o
                0x00005ecc                AppCalib_Default
 .text.AppConfig_Default
                0x00005f28      0x128 appconfig.o
                0x00005f28                AppConfig_Default
 .text.AppConfig_Get
                0x00006050       0x1c appconfig.o
                0x00006050                AppConfig_Get
 .text.AppConfig_GetPtr
                0x0000606c        0x8 appconfig.o
                0x0000606c                AppConfig_GetPtr
 .text.AppConfig_Set
                0x00006074       0x50 appconfig.o
                0x00006074                AppConfig_Set
 .text.AppCalib_Set
                0x000060c4       0x38 appconfig.o
                0x000060c4                AppCalib_Set
 .text.AppLog_Default
                0x000060fc       0x7c appconfig.o
                0x000060fc                AppLog_Default
 .text.AppConfig_CheckConfig
                0x00006178       0xac appconfig.o
                0x00006178                AppConfig_CheckConfig
 .text.AppLog_Set
                0x00006224       0x3c appconfig.o
                0x00006224                AppLog_Set
 .text.AppConfig_Init
                0x00006260      0x194 appconfig.o
                0x00006260                AppConfig_Init
 .text.atmel_start_init
                0x000063f4        0x8 atmel_start.o
                0x000063f4                atmel_start_init
 .text.Dummy_Handler
                0x000063fc        0xc Device_Startup/startup_same51.o
                0x000063fc                EIC_5_Handler
                0x000063fc                SERCOM0_2_Handler
                0x000063fc                EIC_13_Handler
                0x000063fc                DAC_3_Handler
                0x000063fc                TRNG_Handler
                0x000063fc                TC2_Handler
                0x000063fc                PDEC_2_Handler
                0x000063fc                EIC_4_Handler
                0x000063fc                AC_Handler
                0x000063fc                SERCOM3_1_Handler
                0x000063fc                SERCOM3_2_Handler
                0x000063fc                PDEC_0_Handler
                0x000063fc                QSPI_Handler
                0x000063fc                EIC_3_Handler
                0x000063fc                DAC_2_Handler
                0x000063fc                SERCOM0_0_Handler
                0x000063fc                RTC_Handler
                0x000063fc                SERCOM4_0_Handler
                0x000063fc                EIC_10_Handler
                0x000063fc                SERCOM0_3_Handler
                0x000063fc                EIC_11_Handler
                0x000063fc                EIC_9_Handler
                0x000063fc                OSC32KCTRL_Handler
                0x000063fc                SUPC_1_Handler
                0x000063fc                WDT_Handler
                0x000063fc                EIC_8_Handler
                0x000063fc                EIC_15_Handler
                0x000063fc                SERCOM5_0_Handler
                0x000063fc                TC1_Handler
                0x000063fc                OSCCTRL_4_Handler
                0x000063fc                SERCOM4_3_Handler
                0x000063fc                EIC_12_Handler
                0x000063fc                DMAC_4_Handler
                0x000063fc                USB_0_Handler
                0x000063fc                OSCCTRL_0_Handler
                0x000063fc                EIC_0_Handler
                0x000063fc                OSCCTRL_3_Handler
                0x000063fc                SERCOM4_1_Handler
                0x000063fc                TC3_Handler
                0x000063fc                Dummy_Handler
                0x000063fc                SERCOM5_1_Handler
                0x000063fc                DMAC_2_Handler
                0x000063fc                ADC0_0_Handler
                0x000063fc                SERCOM0_1_Handler
                0x000063fc                OSCCTRL_2_Handler
                0x000063fc                ADC1_0_Handler
                0x000063fc                USB_1_Handler
                0x000063fc                PM_Handler
                0x000063fc                DAC_4_Handler
                0x000063fc                TCC3_2_Handler
                0x000063fc                DMAC_1_Handler
                0x000063fc                TCC4_0_Handler
                0x000063fc                USB_3_Handler
                0x000063fc                CAN1_Handler
                0x000063fc                PDEC_1_Handler
                0x000063fc                SERCOM5_3_Handler
                0x000063fc                USB_2_Handler
                0x000063fc                SDHC0_Handler
                0x000063fc                I2S_Handler
                0x000063fc                EIC_2_Handler
                0x000063fc                PCC_Handler
                0x000063fc                DAC_0_Handler
                0x000063fc                EIC_6_Handler
                0x000063fc                OSCCTRL_1_Handler
                0x000063fc                PUKCC_Handler
                0x000063fc                SERCOM3_0_Handler
                0x000063fc                EIC_1_Handler
                0x000063fc                SERCOM4_2_Handler
                0x000063fc                EIC_7_Handler
                0x000063fc                SERCOM5_2_Handler
                0x000063fc                SERCOM3_3_Handler
                0x000063fc                TCC3_1_Handler
                0x000063fc                EIC_14_Handler
                0x000063fc                DAC_1_Handler
                0x000063fc                MCLK_Handler
                0x000063fc                SUPC_0_Handler
                0x000063fc                TC0_Handler
                0x000063fc                DMAC_3_Handler
                0x000063fc                TC5_Handler
                0x000063fc                AES_Handler
                0x000063fc                ICM_Handler
 .text.Dummy_Handler2
                0x00006408        0xc Device_Startup/startup_same51.o
                0x00006408                TCC1_3_Handler
                0x00006408                TCC2_3_Handler
                0x00006408                TCC2_1_Handler
                0x00006408                TCC0_5_Handler
                0x00006408                TCC0_6_Handler
                0x00006408                TCC1_4_Handler
                0x00006408                Dummy_Handler2
                0x00006408                TCC2_2_Handler
                0x00006408                TCC1_1_Handler
                0x00006408                TCC1_2_Handler
                0x00006408                TCC0_2_Handler
                0x00006408                TCC0_1_Handler
                0x00006408                TCC0_3_Handler
                0x00006408                DebugMonitor_Handler
                0x00006408                TCC0_4_Handler
 .text.Dummy_Handler3
                0x00006414        0xc Device_Startup/startup_same51.o
                0x00006414                EVSYS_3_Handler
                0x00006414                EVSYS_1_Handler
                0x00006414                PAC_Handler
                0x00006414                Dummy_Handler3
                0x00006414                EVSYS_4_Handler
                0x00006414                EVSYS_2_Handler
                0x00006414                FREQM_Handler
                0x00006414                EVSYS_0_Handler
 .text.NonMaskableInt_Handler2
                0x00006420        0xc Device_Startup/startup_same51.o
                0x00006420                NonMaskableInt_Handler
                0x00006420                NonMaskableInt_Handler2
 .text.HardFault_Handler2
                0x0000642c        0x4 Device_Startup/startup_same51.o
                0x0000642c                HardFault_Handler2
                0x0000642c                HardFault_Handler
 .text.MemManagement_Handler2
                0x00006430        0xc Device_Startup/startup_same51.o
                0x00006430                MemManagement_Handler2
                0x00006430                MemManagement_Handler
 .text.BusFault_Handler2
                0x0000643c        0xc Device_Startup/startup_same51.o
                0x0000643c                BusFault_Handler
                0x0000643c                BusFault_Handler2
 .text.UsageFault_Handler2
                0x00006448        0xc Device_Startup/startup_same51.o
                0x00006448                UsageFault_Handler2
                0x00006448                UsageFault_Handler
 .text.Reset_Handler
                0x00006454       0x94 Device_Startup/startup_same51.o
                0x00006454                Reset_Handler
 .text._gpio_set_pin_function
                0x000064e8       0x80 driver/stepdown.o
 .text.StepDown_SetControl.isra.4
                0x00006568      0x298 driver/stepdown.o
 .text.StepDown_ChannelEnable_Ch4
                0x00006800       0xa8 driver/stepdown.o
                0x00006800                StepDown_ChannelEnable_Ch4
 .text.StepDown_ChannelEnable_Ch3
                0x000068a8       0xa8 driver/stepdown.o
                0x000068a8                StepDown_ChannelEnable_Ch3
 .text.StepDown_ChannelEnable_Ch1
                0x00006950       0xac driver/stepdown.o
                0x00006950                StepDown_ChannelEnable_Ch1
 .text.StepDown_ChannelEnable_Ch2
                0x000069fc       0xa8 driver/stepdown.o
                0x000069fc                StepDown_ChannelEnable_Ch2
 .text.StepDown_InitPwmChannel1
                0x00006aa4       0x78 driver/stepdown.o
                0x00006aa4                StepDown_InitPwmChannel1
 .text.StepDown_InitPwmChannel2
                0x00006b1c       0x78 driver/stepdown.o
                0x00006b1c                StepDown_InitPwmChannel2
 .text.StepDown_InitPwmChannel3
                0x00006b94       0x74 driver/stepdown.o
                0x00006b94                StepDown_InitPwmChannel3
 .text.StepDown_InitPwmChannel4
                0x00006c08       0x78 driver/stepdown.o
                0x00006c08                StepDown_InitPwmChannel4
 .text.StepDown_InitChannel1
                0x00006c80      0x10c driver/stepdown.o
                0x00006c80                StepDown_InitChannel1
 .text.StepDown_InitChannel2
                0x00006d8c       0xf0 driver/stepdown.o
                0x00006d8c                StepDown_InitChannel2
 .text.StepDown_InitChannel3
                0x00006e7c       0xf4 driver/stepdown.o
                0x00006e7c                StepDown_InitChannel3
 .text.StepDown_InitChannel4
                0x00006f70       0xf4 driver/stepdown.o
                0x00006f70                StepDown_InitChannel4
 .text.Filter_LowPass
                0x00007064       0x2c driver/stepdown.o
                0x00007064                Filter_LowPass
 .text.StepDown_IsClosed
                0x00007090       0x10 driver/stepdown.o
                0x00007090                StepDown_IsClosed
 .text.StepDown_Close
                0x000070a0       0x4c driver/stepdown.o
                0x000070a0                StepDown_Close
 .text.StepDown_CheckLimits.part.6
                0x000070ec      0x144 driver/stepdown.o
 .text.TCC3_0_Handler
                0x00007230       0x88 driver/stepdown.o
                0x00007230                TCC3_0_Handler
 .text.TCC1_0_Handler
                0x000072b8       0x88 driver/stepdown.o
                0x000072b8                TCC1_0_Handler
 .text.TCC2_0_Handler
                0x00007340       0x88 driver/stepdown.o
                0x00007340                TCC2_0_Handler
 .text.TCC0_0_Handler
                0x000073c8       0x88 driver/stepdown.o
                0x000073c8                TCC0_0_Handler
 .text.StepDown_Module_Update
                0x00007450        0x4 driver/stepdown.o
                0x00007450                StepDown_Module_Update
 .text.Stepdown_SetCurrentCalc
                0x00007454      0x294 driver/stepdown.o
                0x00007454                Stepdown_SetCurrentCalc
 .text.Stepdown_SetCurrentCh1
                0x000076e8       0x28 driver/stepdown.o
                0x000076e8                Stepdown_SetCurrentCh1
 .text.Stepdown_SetCurrentCh2
                0x00007710       0x28 driver/stepdown.o
                0x00007710                Stepdown_SetCurrentCh2
 .text.Stepdown_SetCurrentCh3
                0x00007738       0x28 driver/stepdown.o
                0x00007738                Stepdown_SetCurrentCh3
 .text.Stepdown_SetCurrentCh4
                0x00007760       0x28 driver/stepdown.o
                0x00007760                Stepdown_SetCurrentCh4
 .text.Stepdown_SetCurrent
                0x00007788       0x48 driver/stepdown.o
                0x00007788                Stepdown_SetCurrent
 .text.StepDown_Init
                0x000077d0       0x8c driver/stepdown.o
                0x000077d0                StepDown_Init
 .text.StepDown_GetPower
                0x0000785c        0xc driver/stepdown.o
                0x0000785c                StepDown_GetPower
 .text.StepDown_SleepCheck
                0x00007868       0x1c driver/stepdown.o
                0x00007868                StepDown_SleepCheck
 .text.StepDown_GetDutyPercentage
                0x00007884       0x28 driver/stepdown.o
                0x00007884                StepDown_GetDutyPercentage
 .text.StepDown_Logging
                0x000078ac       0x6c driver/stepdown.o
                0x000078ac                StepDown_Logging
 .text.StepDown_Timer
                0x00007918      0x124 driver/stepdown.o
                0x00007918                StepDown_Timer
 .text.StepDown_Start
                0x00007a3c      0x200 driver/stepdown.o
                0x00007a3c                StepDown_Start
 *fill*         0x00007c3c        0x4 
 .text.StepDown_SetOutputs
                0x00007c40      0x54c driver/stepdown.o
                0x00007c40                StepDown_SetOutputs
 .text.StepDown_Task
                0x0000818c      0x388 driver/stepdown.o
 .text.WD_Init  0x00008514       0x48 driver_init.o
                0x00008514                WD_Init
 .text.WD_Refresh
                0x0000855c       0x2c driver_init.o
                0x0000855c                WD_Refresh
 .text.RAND_0_init
                0x00008588       0x34 driver_init.o
                0x00008588                RAND_0_init
 .text.get_hw_id
                0x000085bc       0xc8 driver_init.o
                0x000085bc                get_hw_id
 .text.get_device_id
                0x00008684       0x8c driver_init.o
                0x00008684                get_device_id
 .text.system_init
                0x00008710      0x2d8 driver_init.o
                0x00008710                system_init
 .text.atomic_enter_critical
                0x000089e8       0x10 hal/src/hal_atomic.o
                0x000089e8                atomic_enter_critical
 .text.atomic_leave_critical
                0x000089f8        0xc hal/src/hal_atomic.o
                0x000089f8                atomic_leave_critical
 .text.flash_ready
                0x00008a04        0x8 hal/src/hal_flash.o
 .text.flash_error
                0x00008a0c        0x8 hal/src/hal_flash.o
 .text.flash_init
                0x00008a14       0x20 hal/src/hal_flash.o
                0x00008a14                flash_init
 .text.flash_write_page_erase
                0x00008a34       0xb0 hal/src/hal_flash.o
                0x00008a34                flash_write_page_erase
 .text.flash_check_erase
                0x00008ae4       0x14 hal/src/hal_flash.o
                0x00008ae4                flash_check_erase
 .text.i2c_m_sync_write
                0x00008af8       0x30 hal/src/hal_i2c_m_sync.o
 .text.i2c_m_sync_read
                0x00008b28       0x30 hal/src/hal_i2c_m_sync.o
 .text.i2c_m_sync_init
                0x00008b58       0x20 hal/src/hal_i2c_m_sync.o
                0x00008b58                i2c_m_sync_init
 .text.i2c_m_sync_deinit
                0x00008b78       0x14 hal/src/hal_i2c_m_sync.o
                0x00008b78                i2c_m_sync_deinit
 .text.i2c_m_sync_enable
                0x00008b8c        0x8 hal/src/hal_i2c_m_sync.o
                0x00008b8c                i2c_m_sync_enable
 .text.i2c_m_sync_disable
                0x00008b94        0x8 hal/src/hal_i2c_m_sync.o
                0x00008b94                i2c_m_sync_disable
 .text.i2c_m_sync_set_slaveaddr
                0x00008b9c       0x10 hal/src/hal_i2c_m_sync.o
                0x00008b9c                i2c_m_sync_set_slaveaddr
 .text.i2c_m_sync_cmd_writeseq
                0x00008bac       0x24 hal/src/hal_i2c_m_sync.o
                0x00008bac                i2c_m_sync_cmd_writeseq
 .text.i2c_m_sync_get_io_descriptor
                0x00008bd0        0x8 hal/src/hal_i2c_m_sync.o
                0x00008bd0                i2c_m_sync_get_io_descriptor
 .text._rand_sync_read_data
                0x00008bd8       0x48 hal/src/hal_rand_sync.o
 .text.rand_sync_init
                0x00008c20        0x8 hal/src/hal_rand_sync.o
                0x00008c20                rand_sync_init
 .text.rand_sync_enable
                0x00008c28        0x8 hal/src/hal_rand_sync.o
                0x00008c28                rand_sync_enable
 .text.rand_sync_read32
                0x00008c30        0xc hal/src/hal_rand_sync.o
                0x00008c30                rand_sync_read32
 .text._sbrk    0x00008c3c       0x1c hal/utils/src/utils_syscalls.o
                0x00008c3c                _sbrk
 .text.CAN0_Handler
                0x00008c58       0x6c hpl/can/hpl_can.o
                0x00008c58                CAN0_Handler
 .text._init_chip
                0x00008cc4       0x44 hpl/core/hpl_init.o
                0x00008cc4                _init_chip
 .text._gclk_init_generators_by_fref
                0x00008d08       0x50 hpl/gclk/hpl_gclk.o
                0x00008d08                _gclk_init_generators_by_fref
 .text._mclk_init
                0x00008d58        0xc hpl/mclk/hpl_mclk.o
                0x00008d58                _mclk_init
 .text._flash_program
                0x00008d64       0x40 hpl/nvmctrl/hpl_nvmctrl.o
 .text._user_row_write_exec
                0x00008da4       0x88 hpl/nvmctrl/hpl_nvmctrl.o
 .text._flash_init
                0x00008e2c       0x54 hpl/nvmctrl/hpl_nvmctrl.o
                0x00008e2c                _flash_init
 .text._flash_get_page_size
                0x00008e80        0x8 hpl/nvmctrl/hpl_nvmctrl.o
                0x00008e80                _flash_get_page_size
 .text._flash_get_total_pages
                0x00008e88        0x8 hpl/nvmctrl/hpl_nvmctrl.o
                0x00008e88                _flash_get_total_pages
 .text._flash_erase_block_addr
                0x00008e90       0x1c hpl/nvmctrl/hpl_nvmctrl.o
                0x00008e90                _flash_erase_block_addr
 .text._flash_write_page_addr
                0x00008eac       0x14 hpl/nvmctrl/hpl_nvmctrl.o
                0x00008eac                _flash_write_page_addr
 .text._flash_is_locked
                0x00008ec0       0x18 hpl/nvmctrl/hpl_nvmctrl.o
                0x00008ec0                _flash_is_locked
 .text.NVMCTRL_1_Handler
                0x00008ed8       0x30 hpl/nvmctrl/hpl_nvmctrl.o
                0x00008ed8                NVMCTRL_1_Handler
 .text.NVMCTRL_0_Handler
                0x00008f08        0x8 hpl/nvmctrl/hpl_nvmctrl.o
                0x00008f08                NVMCTRL_0_Handler
 .text._user_area_read
                0x00008f10       0x68 hpl/nvmctrl/hpl_nvmctrl.o
                0x00008f10                _user_area_read
 .text._user_area_write
                0x00008f78       0x7c hpl/nvmctrl/hpl_nvmctrl.o
                0x00008f78                _user_area_write
 .text._osc32kctrl_init_sources
                0x00008ff4       0x14 hpl/osc32kctrl/hpl_osc32kctrl.o
                0x00008ff4                _osc32kctrl_init_sources
 .text._oscctrl_init_sources
                0x00009008       0x18 hpl/oscctrl/hpl_oscctrl.o
                0x00009008                _oscctrl_init_sources
 .text._oscctrl_init_referenced_generators
                0x00009020       0x6c hpl/oscctrl/hpl_oscctrl.o
                0x00009020                _oscctrl_init_referenced_generators
 .text.RAMECC_Handler
                0x0000908c       0x3c hpl/ramecc/hpl_ramecc.o
                0x0000908c                RAMECC_Handler
 .text._get_i2cm_index
                0x000090c8       0x48 hpl/sercom/hpl_sercom.o
 .text._sercom_i2c_sync_wait_bus
                0x00009110       0x60 hpl/sercom/hpl_sercom.o
 .text._i2c_m_sync_init_impl
                0x00009170       0xb4 hpl/sercom/hpl_sercom.o
 .text._i2c_m_sync_init
                0x00009224        0xc hpl/sercom/hpl_sercom.o
                0x00009224                _i2c_m_sync_init
 .text._i2c_m_sync_deinit
                0x00009230       0x24 hpl/sercom/hpl_sercom.o
                0x00009230                _i2c_m_sync_deinit
 .text._i2c_m_sync_enable
                0x00009254       0x48 hpl/sercom/hpl_sercom.o
                0x00009254                _i2c_m_sync_enable
 .text._i2c_m_sync_disable
                0x0000929c       0x14 hpl/sercom/hpl_sercom.o
                0x0000929c                _i2c_m_sync_disable
 .text._i2c_m_sync_transfer
                0x000092b0      0x4d0 hpl/sercom/hpl_sercom.o
                0x000092b0                _i2c_m_sync_transfer
 .text._rand_sync_init
                0x00009780       0x30 hpl/trng/hpl_trng.o
                0x00009780                _rand_sync_init
 .text._rand_sync_enable
                0x000097b0       0x10 hpl/trng/hpl_trng.o
                0x000097b0                _rand_sync_enable
 .text._rand_sync_read_one
                0x000097c0        0xc hpl/trng/hpl_trng.o
                0x000097c0                _rand_sync_read_one
 .text._wdt_init
                0x000097cc       0x44 hpl/wdt/hpl_wdt.o
                0x000097cc                _wdt_init
 .text._wdt_set_timeout_period
                0x00009810       0xc8 hpl/wdt/hpl_wdt.o
                0x00009810                _wdt_set_timeout_period
 .text._wdt_enable
                0x000098d8       0x14 hpl/wdt/hpl_wdt.o
                0x000098d8                _wdt_enable
 .text.IziPlus_HandleRxIdle
                0x000098ec        0x4 izilink/iziplus_driver.o
                0x000098ec                IziPlus_HandleRxIdle
 .text.IziPlus_Timer100ms
                0x000098f0       0x70 izilink/iziplus_driver.o
                0x000098f0                IziPlus_Timer100ms
 .text.IziPlus_HandleRx
                0x00009960      0xdf8 izilink/iziplus_driver.o
                0x00009960                IziPlus_HandleRx
 .text.IziPlus_Init
                0x0000a758       0xbc izilink/iziplus_driver.o
                0x0000a758                IziPlus_Init
 .text.IziPlus_LightDataOk
                0x0000a814       0x1c izilink/iziplus_driver.o
                0x0000a814                IziPlus_LightDataOk
 .text.IziPlus_IdentifyLocal
                0x0000a830       0x10 izilink/iziplus_driver.o
                0x0000a830                IziPlus_IdentifyLocal
 .text.IziPlus_Powerup
                0x0000a840       0xf0 izilink/iziplus_driver.o
                0x0000a840                IziPlus_Powerup
 .text.IziPlus_Task
                0x0000a930      0x304 izilink/iziplus_driver.o
 .text.IziPlus_Module_SetConfigValue.part.1
                0x0000ac34       0xac izilink/iziplus_module_def.o
 .text.IziPlus_Module_Overrule_Ch1234.part.3
                0x0000ace0       0x40 izilink/iziplus_module_def.o
 .text.IziPlus_GetDevType
                0x0000ad20       0x8c izilink/iziplus_module_def.o
                0x0000ad20                IziPlus_GetDevType
 .text.IziPlus_Module_InitReady
                0x0000adac        0xc izilink/iziplus_module_def.o
                0x0000adac                IziPlus_Module_InitReady
 .text.IziPlus_Module_WriteEmitter_WRGB_MP
                0x0000adb8      0x118 izilink/iziplus_module_def.o
                0x0000adb8                IziPlus_Module_WriteEmitter_WRGB_MP
 .text.IziPlus_Module_Fixture_Wrgb
                0x0000aed0       0x68 izilink/iziplus_module_def.o
                0x0000aed0                IziPlus_Module_Fixture_Wrgb
 .text.IziPlus_Module_SetFixtureParameters
                0x0000af38       0xa4 izilink/iziplus_module_def.o
                0x0000af38                IziPlus_Module_SetFixtureParameters
 .text.IziPlus_Module_CheckDefinitions
                0x0000afdc       0x58 izilink/iziplus_module_def.o
                0x0000afdc                IziPlus_Module_CheckDefinitions
 *fill*         0x0000b034        0x4 
 .text.compute_index
                0x0000b038       0xfc izilink/iziplus_module_def.o
                0x0000b038                compute_index
 .text.IziPlus_Module_Update
                0x0000b134      0x198 izilink/iziplus_module_def.o
                0x0000b134                IziPlus_Module_Update
 .text.IziPlus_Module_Init
                0x0000b2cc       0xd8 izilink/iziplus_module_def.o
                0x0000b2cc                IziPlus_Module_Init
 .text.IziPlus_Module_TemperatureCheck
                0x0000b3a4       0x84 izilink/iziplus_module_def.o
                0x0000b3a4                IziPlus_Module_TemperatureCheck
 .text.IziPlus_Module_TempLimit
                0x0000b428       0x34 izilink/iziplus_module_def.o
                0x0000b428                IziPlus_Module_TempLimit
 .text.IziPlus_Module_PowerCheck
                0x0000b45c       0xac izilink/iziplus_module_def.o
                0x0000b45c                IziPlus_Module_PowerCheck
 .text.IziPlus_Module_Timer100ms
                0x0000b508      0x3e0 izilink/iziplus_module_def.o
                0x0000b508                IziPlus_Module_Timer100ms
 .text.IziPlus_Module_IdentifySync
                0x0000b8e8        0xc izilink/iziplus_module_def.o
                0x0000b8e8                IziPlus_Module_IdentifySync
 .text.IziPlus_Module_IsIdentifying
                0x0000b8f4       0x10 izilink/iziplus_module_def.o
                0x0000b8f4                IziPlus_Module_IsIdentifying
 .text.IziPlus_Module_GetCpuState
                0x0000b904        0xc izilink/iziplus_module_def.o
                0x0000b904                IziPlus_Module_GetCpuState
 .text.IziPlus_EmitterOk
                0x0000b910       0x10 izilink/iziplus_module_def.o
                0x0000b910                IziPlus_EmitterOk
 .text.IziPlus_Module_MonitorValue
                0x0000b920      0x3d0 izilink/iziplus_module_def.o
                0x0000b920                IziPlus_Module_MonitorValue
 .text.IziPlus_Module_GetMonitor
                0x0000bcf0       0x6c izilink/iziplus_module_def.o
                0x0000bcf0                IziPlus_Module_GetMonitor
 .text.IziPlus_Module_SetConfigByIndex
                0x0000bd5c       0x84 izilink/iziplus_module_def.o
                0x0000bd5c                IziPlus_Module_SetConfigByIndex
 .text.IziPlus_Module_ConfigValue
                0x0000bde0       0xb0 izilink/iziplus_module_def.o
                0x0000bde0                IziPlus_Module_ConfigValue
 .text.IziPlus_Module_GetConfig
                0x0000be90       0x38 izilink/iziplus_module_def.o
                0x0000be90                IziPlus_Module_GetConfig
 .text.IziPlus_Module_SetIdentify
                0x0000bec8       0x80 izilink/iziplus_module_def.o
                0x0000bec8                IziPlus_Module_SetIdentify
 .text.IziPlus_Module_GetDim
                0x0000bf48       0xbc izilink/iziplus_module_def.o
                0x0000bf48                IziPlus_Module_GetDim
 .text.IziPlus_Module_GetChannelAmount
                0x0000c004        0xc izilink/iziplus_module_def.o
                0x0000c004                IziPlus_Module_GetChannelAmount
 .text.IziPlus_Module_GetChannelAmountTemp
                0x0000c010       0x30 izilink/iziplus_module_def.o
                0x0000c010                IziPlus_Module_GetChannelAmountTemp
 .text.IziPlus_Module_GetHwRevision
                0x0000c040        0x8 izilink/iziplus_module_def.o
                0x0000c040                IziPlus_Module_GetHwRevision
 .text.IziPlus_Module_GetVariant
                0x0000c048        0x8 izilink/iziplus_module_def.o
                0x0000c048                IziPlus_Module_GetVariant
 .text.IziPlus_Module_GetAppVersion
                0x0000c050       0x1c izilink/iziplus_module_def.o
                0x0000c050                IziPlus_Module_GetAppVersion
 .text.IziPlus_Module_GetBootVersion
                0x0000c06c       0x1c izilink/iziplus_module_def.o
                0x0000c06c                IziPlus_Module_GetBootVersion
 .text.IziPlus_Module_GetImageVersion
                0x0000c088       0x1c izilink/iziplus_module_def.o
                0x0000c088                IziPlus_Module_GetImageVersion
 .text.IziPlus_Module_GetTypedefVersion
                0x0000c0a4       0x14 izilink/iziplus_module_def.o
                0x0000c0a4                IziPlus_Module_GetTypedefVersion
 .text.IziPlus_Module_GetLedtableVersion
                0x0000c0b8       0x1c izilink/iziplus_module_def.o
                0x0000c0b8                IziPlus_Module_GetLedtableVersion
 .text.IziPlus_Module_GetMemoryVersion
                0x0000c0d4        0x4 izilink/iziplus_module_def.o
                0x0000c0d4                IziPlus_Module_GetMemoryVersion
 .text.IziPlus_Module_IsOverruled
                0x0000c0d8       0x14 izilink/iziplus_module_def.o
                0x0000c0d8                IziPlus_Module_IsOverruled
 .text.IziPlus_Module_Test
                0x0000c0ec       0x54 izilink/iziplus_module_def.o
                0x0000c0ec                IziPlus_Module_Test
 .text.IziPlus_Module_Overrule_Chx
                0x0000c140       0x34 izilink/iziplus_module_def.o
                0x0000c140                IziPlus_Module_Overrule_Chx
 .text.IziPlus_Module_Overrule_Ch1234
                0x0000c174       0x2c izilink/iziplus_module_def.o
                0x0000c174                IziPlus_Module_Overrule_Ch1234
 .text.IziPlus_NoComCheck
                0x0000c1a0       0xd0 izilink/iziplus_module_def.o
                0x0000c1a0                IziPlus_NoComCheck
 .text.IziInput_Init
                0x0000c270        0x4 izilink/izi_input.o
                0x0000c270                IziInput_Init
 .text.IziInput_10ms
                0x0000c274      0x278 izilink/izi_input.o
                0x0000c274                IziInput_10ms
 .text.__NVIC_SystemReset
                0x0000c4ec       0x24 main.o
 .text.vApplicationStackOverflowHook
                0x0000c510        0xc main.o
                0x0000c510                vApplicationStackOverflowHook
 .text.vApplicationIdleHook
                0x0000c51c       0x60 main.o
                0x0000c51c                vApplicationIdleHook
 .text.print_resetcause
                0x0000c57c       0xd4 main.o
                0x0000c57c                print_resetcause
 .text.ReportStackSize
                0x0000c650       0x30 main.o
                0x0000c650                ReportStackSize
 .text.startup.main
                0x0000c680       0xd0 main.o
                0x0000c680                main
 .text.Analog_125ms
                0x0000c750       0xf4 misc/analog.o
                0x0000c750                Analog_125ms
 .text.Analog_Apply_Gain_Correction.part.0
                0x0000c844       0x30 misc/analog.o
 .text.Analog_Init
                0x0000c874      0x404 misc/analog.o
                0x0000c874                Analog_Init
 .text.Analog_Ready
                0x0000cc78       0x10 misc/analog.o
                0x0000cc78                Analog_Ready
 .text.ADC1_1_Handler
                0x0000cc88      0x12c misc/analog.o
                0x0000cc88                ADC1_1_Handler
 .text.ADC0_1_Handler
                0x0000cdb4      0x104 misc/analog.o
                0x0000cdb4                ADC0_1_Handler
 .text.Analog_GetSupplyVoltage
                0x0000ceb8       0x28 misc/analog.o
                0x0000ceb8                Analog_GetSupplyVoltage
 .text.Analog_GetSupplyVoltageRaw
                0x0000cee0        0xc misc/analog.o
                0x0000cee0                Analog_GetSupplyVoltageRaw
 .text.Adc_GetTemperature
                0x0000ceec       0x24 misc/analog.o
                0x0000ceec                Adc_GetTemperature
 .text.Adc_GetTemperatureRaw
                0x0000cf10       0x1c misc/analog.o
                0x0000cf10                Adc_GetTemperatureRaw
 .text.Adc_GetTemperatureMax
                0x0000cf2c        0xc misc/analog.o
                0x0000cf2c                Adc_GetTemperatureMax
 .text.Adc_GetNtc
                0x0000cf38       0x18 misc/analog.o
                0x0000cf38                Adc_GetNtc
 .text.Adc_GetNtcMax
                0x0000cf50        0xc misc/analog.o
                0x0000cf50                Adc_GetNtcMax
 .text.Adc_GetNtcRaw
                0x0000cf5c        0xc misc/analog.o
                0x0000cf5c                Adc_GetNtcRaw
 .text.Adc_GetVled1Raw
                0x0000cf68        0xc misc/analog.o
                0x0000cf68                Adc_GetVled1Raw
 .text.Adc_GetVled1
                0x0000cf74       0x28 misc/analog.o
                0x0000cf74                Adc_GetVled1
 .text.Adc_GetVled1LastRaw
                0x0000cf9c        0xc misc/analog.o
                0x0000cf9c                Adc_GetVled1LastRaw
 .text.Adc_GetVled2Raw
                0x0000cfa8        0xc misc/analog.o
                0x0000cfa8                Adc_GetVled2Raw
 .text.Adc_GetVled2
                0x0000cfb4       0x28 misc/analog.o
                0x0000cfb4                Adc_GetVled2
 .text.Adc_GetVled2LastRaw
                0x0000cfdc        0xc misc/analog.o
                0x0000cfdc                Adc_GetVled2LastRaw
 .text.Adc_GetVled3Raw
                0x0000cfe8        0xc misc/analog.o
                0x0000cfe8                Adc_GetVled3Raw
 .text.Adc_GetVled3
                0x0000cff4       0x28 misc/analog.o
                0x0000cff4                Adc_GetVled3
 .text.Adc_GetVled3LastRaw
                0x0000d01c        0xc misc/analog.o
                0x0000d01c                Adc_GetVled3LastRaw
 .text.Adc_GetVled4Raw
                0x0000d028        0xc misc/analog.o
                0x0000d028                Adc_GetVled4Raw
 .text.Adc_GetVled4
                0x0000d034       0x28 misc/analog.o
                0x0000d034                Adc_GetVled4
 .text.Adc_GetVled4LastRaw
                0x0000d05c        0xc misc/analog.o
                0x0000d05c                Adc_GetVled4LastRaw
 .text.State_SetError.part.0
                0x0000d068       0x1c misc/state.o
 .text.State_SetWarning.part.2
                0x0000d084       0x20 misc/state.o
 .text.State_SetError
                0x0000d0a4       0x10 misc/state.o
                0x0000d0a4                State_SetError
 .text.State_ClearError
                0x0000d0b4       0x1c misc/state.o
                0x0000d0b4                State_ClearError
 .text.State_GetHighestError
                0x0000d0d0       0x28 misc/state.o
                0x0000d0d0                State_GetHighestError
 .text.State_SetWarning
                0x0000d0f8       0x10 misc/state.o
                0x0000d0f8                State_SetWarning
 .text.State_ClearWarning
                0x0000d108       0x2c misc/state.o
                0x0000d108                State_ClearWarning
 .text.State_IsWarningActive
                0x0000d134       0x18 misc/state.o
                0x0000d134                State_IsWarningActive
 .text.State_GetHighestWarning
                0x0000d14c       0x30 misc/state.o
                0x0000d14c                State_GetHighestWarning
 .text.State_SetStartInfo
                0x0000d17c       0x18 misc/state.o
                0x0000d17c                State_SetStartInfo
 .text.State_ClearStartInfo
                0x0000d194       0x2c misc/state.o
                0x0000d194                State_ClearStartInfo
 .text.State_SetAttentionInfo
                0x0000d1c0       0x28 misc/state.o
                0x0000d1c0                State_SetAttentionInfo
 .text.State_ClearAttentionInfo
                0x0000d1e8        0xc misc/state.o
                0x0000d1e8                State_ClearAttentionInfo
 .text.State_SetLed
                0x0000d1f4      0x10c misc/state.o
                0x0000d1f4                State_SetLed
 .text.State_Blink
                0x0000d300       0xb8 misc/state.o
                0x0000d300                State_Blink
 .text.State_Timer200ms
                0x0000d3b8      0x28c misc/state.o
                0x0000d3b8                State_Timer200ms
 .text.TC4_Handler
                0x0000d644      0x12c misc/state.o
                0x0000d644                TC4_Handler
 .text.State_TimerSync
                0x0000d770       0x88 misc/state.o
                0x0000d770                State_TimerSync
 .text.State_Init
                0x0000d7f8       0xcc misc/state.o
                0x0000d7f8                State_Init
 .text.State_ComToggle
                0x0000d8c4       0x64 misc/state.o
                0x0000d8c4                State_ComToggle
 .text.State_ComToggleNoData
                0x0000d928       0x70 misc/state.o
                0x0000d928                State_ComToggleNoData
 .text.State_ResetToggleData_Show
                0x0000d998       0x10 misc/state.o
                0x0000d998                State_ResetToggleData_Show
 .text.TCC4_1_Handler
                0x0000d9a8       0x34 misc/timing.o
                0x0000d9a8                TCC4_1_Handler
 .text.TCC4_2_Handler
                0x0000d9dc       0x34 misc/timing.o
                0x0000d9dc                TCC4_2_Handler
 .text.timing_init
                0x0000da10       0x9c misc/timing.o
                0x0000da10                timing_init
 .text.vListInitialise
                0x0000daac       0x18 thirdparty/RTOS/freertos/FreeRTOSV10.0.0/Source/list.o
                0x0000daac                vListInitialise
 .text.vListInitialiseItem
                0x0000dac4        0x8 thirdparty/RTOS/freertos/FreeRTOSV10.0.0/Source/list.o
                0x0000dac4                vListInitialiseItem
 .text.vListInsertEnd
                0x0000dacc       0x20 thirdparty/RTOS/freertos/FreeRTOSV10.0.0/Source/list.o
                0x0000dacc                vListInsertEnd
 .text.vListInsert
                0x0000daec       0x34 thirdparty/RTOS/freertos/FreeRTOSV10.0.0/Source/list.o
                0x0000daec                vListInsert
 .text.uxListRemove
                0x0000db20       0x28 thirdparty/RTOS/freertos/FreeRTOSV10.0.0/Source/list.o
                0x0000db20                uxListRemove
 .text.prvTaskExitError
                0x0000db48       0x40 thirdparty/RTOS/freertos/FreeRTOSV10.0.0/Source/portable/GCC/ARM_CM4F/port.o
 .text.unlikely.prvPortStartFirstTask
                0x0000db88       0x28 thirdparty/RTOS/freertos/FreeRTOSV10.0.0/Source/portable/GCC/ARM_CM4F/port.o
 .text.unlikely.vPortEnableVFP
                0x0000dbb0       0x14 thirdparty/RTOS/freertos/FreeRTOSV10.0.0/Source/portable/GCC/ARM_CM4F/port.o
 .text.pxPortInitialiseStack
                0x0000dbc4       0x2c thirdparty/RTOS/freertos/FreeRTOSV10.0.0/Source/portable/GCC/ARM_CM4F/port.o
                0x0000dbc4                pxPortInitialiseStack
 .text.SVCall_Handler
                0x0000dbf0       0x24 thirdparty/RTOS/freertos/FreeRTOSV10.0.0/Source/portable/GCC/ARM_CM4F/port.o
                0x0000dbf0                SVCall_Handler
 .text.vPortEnterCritical
                0x0000dc14       0x44 thirdparty/RTOS/freertos/FreeRTOSV10.0.0/Source/portable/GCC/ARM_CM4F/port.o
                0x0000dc14                vPortEnterCritical
 .text.vPortExitCritical
                0x0000dc58       0x28 thirdparty/RTOS/freertos/FreeRTOSV10.0.0/Source/portable/GCC/ARM_CM4F/port.o
                0x0000dc58                vPortExitCritical
 .text.PendSV_Handler
                0x0000dc80       0x64 thirdparty/RTOS/freertos/FreeRTOSV10.0.0/Source/portable/GCC/ARM_CM4F/port.o
                0x0000dc80                PendSV_Handler
 .text.SysTick_Handler
                0x0000dce4       0x30 thirdparty/RTOS/freertos/FreeRTOSV10.0.0/Source/portable/GCC/ARM_CM4F/port.o
                0x0000dce4                SysTick_Handler
 .text.vPortSetupTimerInterrupt
                0x0000dd14       0x2c thirdparty/RTOS/freertos/FreeRTOSV10.0.0/Source/portable/GCC/ARM_CM4F/port.o
                0x0000dd14                vPortSetupTimerInterrupt
 .text.xPortStartScheduler
                0x0000dd40      0x120 thirdparty/RTOS/freertos/FreeRTOSV10.0.0/Source/portable/GCC/ARM_CM4F/port.o
                0x0000dd40                xPortStartScheduler
 .text.vPortValidateInterruptPriority
                0x0000de60       0x58 thirdparty/RTOS/freertos/FreeRTOSV10.0.0/Source/portable/GCC/ARM_CM4F/port.o
                0x0000de60                vPortValidateInterruptPriority
 .text.pvPortMalloc
                0x0000deb8       0x64 thirdparty/RTOS/freertos/FreeRTOSV10.0.0/Source/portable/MemMang/heap_1.o
                0x0000deb8                pvPortMalloc
 .text.vPortFree
                0x0000df1c       0x18 thirdparty/RTOS/freertos/FreeRTOSV10.0.0/Source/portable/MemMang/heap_1.o
                0x0000df1c                vPortFree
 .text.xPortGetFreeHeapSize
                0x0000df34       0x14 thirdparty/RTOS/freertos/FreeRTOSV10.0.0/Source/portable/MemMang/heap_1.o
                0x0000df34                xPortGetFreeHeapSize
 .text.unlikely.prvCopyDataToQueue
                0x0000df48       0x74 thirdparty/RTOS/freertos/FreeRTOSV10.0.0/Source/queue.o
 .text.unlikely.prvCopyDataFromQueue
                0x0000dfbc       0x2c thirdparty/RTOS/freertos/FreeRTOSV10.0.0/Source/queue.o
 .text.xQueueGenericReset.part.1
                0x0000dfe8       0x14 thirdparty/RTOS/freertos/FreeRTOSV10.0.0/Source/queue.o
 .text.prvNotifyQueueSetContainer
                0x0000dffc       0x80 thirdparty/RTOS/freertos/FreeRTOSV10.0.0/Source/queue.o
 .text.prvUnlockQueue
                0x0000e07c       0xbc thirdparty/RTOS/freertos/FreeRTOSV10.0.0/Source/queue.o
 .text.xQueueGenericReset
                0x0000e138       0x94 thirdparty/RTOS/freertos/FreeRTOSV10.0.0/Source/queue.o
                0x0000e138                xQueueGenericReset
 .text.xQueueGenericCreate
                0x0000e1cc       0x58 thirdparty/RTOS/freertos/FreeRTOSV10.0.0/Source/queue.o
                0x0000e1cc                xQueueGenericCreate
 .text.xQueueGenericSend
                0x0000e224      0x1c8 thirdparty/RTOS/freertos/FreeRTOSV10.0.0/Source/queue.o
                0x0000e224                xQueueGenericSend
 .text.xQueueGenericSendFromISR
                0x0000e3ec       0xe8 thirdparty/RTOS/freertos/FreeRTOSV10.0.0/Source/queue.o
                0x0000e3ec                xQueueGenericSendFromISR
 .text.xQueueGiveFromISR
                0x0000e4d4       0xcc thirdparty/RTOS/freertos/FreeRTOSV10.0.0/Source/queue.o
                0x0000e4d4                xQueueGiveFromISR
 .text.xQueueReceive
                0x0000e5a0      0x190 thirdparty/RTOS/freertos/FreeRTOSV10.0.0/Source/queue.o
                0x0000e5a0                xQueueReceive
 .text.xQueueSemaphoreTake
                0x0000e730      0x1cc thirdparty/RTOS/freertos/FreeRTOSV10.0.0/Source/queue.o
                0x0000e730                xQueueSemaphoreTake
 .text.vQueueWaitForMessageRestricted
                0x0000e8fc       0x58 thirdparty/RTOS/freertos/FreeRTOSV10.0.0/Source/queue.o
                0x0000e8fc                vQueueWaitForMessageRestricted
 .text.prvIdleTask
                0x0000e954       0x2c thirdparty/RTOS/freertos/FreeRTOSV10.0.0/Source/tasks.o
 .text.prvResetNextTaskUnblockTime.part.1
                0x0000e980       0x18 thirdparty/RTOS/freertos/FreeRTOSV10.0.0/Source/tasks.o
 .text.prvAddCurrentTaskToDelayedList
                0x0000e998       0x80 thirdparty/RTOS/freertos/FreeRTOSV10.0.0/Source/tasks.o
 .text.eTaskGetState.part.4
                0x0000ea18       0x14 thirdparty/RTOS/freertos/FreeRTOSV10.0.0/Source/tasks.o
 .text.xTaskCreate
                0x0000ea2c      0x1c0 thirdparty/RTOS/freertos/FreeRTOSV10.0.0/Source/tasks.o
                0x0000ea2c                xTaskCreate
 .text.eTaskGetState
                0x0000ebec       0x60 thirdparty/RTOS/freertos/FreeRTOSV10.0.0/Source/tasks.o
                0x0000ebec                eTaskGetState
 .text.vTaskStartScheduler
                0x0000ec4c       0x84 thirdparty/RTOS/freertos/FreeRTOSV10.0.0/Source/tasks.o
                0x0000ec4c                vTaskStartScheduler
 .text.vTaskSuspendAll
                0x0000ecd0       0x14 thirdparty/RTOS/freertos/FreeRTOSV10.0.0/Source/tasks.o
                0x0000ecd0                vTaskSuspendAll
 .text.xTaskGetTickCount
                0x0000ece4        0xc thirdparty/RTOS/freertos/FreeRTOSV10.0.0/Source/tasks.o
                0x0000ece4                xTaskGetTickCount
 .text.xTaskGetTickCountFromISR
                0x0000ecf0       0x18 thirdparty/RTOS/freertos/FreeRTOSV10.0.0/Source/tasks.o
                0x0000ecf0                xTaskGetTickCountFromISR
 .text.xTaskIncrementTick
                0x0000ed08      0x124 thirdparty/RTOS/freertos/FreeRTOSV10.0.0/Source/tasks.o
                0x0000ed08                xTaskIncrementTick
 .text.xTaskResumeAll
                0x0000ee2c      0x104 thirdparty/RTOS/freertos/FreeRTOSV10.0.0/Source/tasks.o
                0x0000ee2c                xTaskResumeAll
 .text.vTaskDelay
                0x0000ef30       0x58 thirdparty/RTOS/freertos/FreeRTOSV10.0.0/Source/tasks.o
                0x0000ef30                vTaskDelay
 .text.vTaskSwitchContext
                0x0000ef88       0x94 thirdparty/RTOS/freertos/FreeRTOSV10.0.0/Source/tasks.o
                0x0000ef88                vTaskSwitchContext
 .text.vTaskPlaceOnEventList
                0x0000f01c       0x3c thirdparty/RTOS/freertos/FreeRTOSV10.0.0/Source/tasks.o
                0x0000f01c                vTaskPlaceOnEventList
 .text.vTaskPlaceOnEventListRestricted
                0x0000f058       0x48 thirdparty/RTOS/freertos/FreeRTOSV10.0.0/Source/tasks.o
                0x0000f058                vTaskPlaceOnEventListRestricted
 .text.xTaskRemoveFromEventList
                0x0000f0a0       0x7c thirdparty/RTOS/freertos/FreeRTOSV10.0.0/Source/tasks.o
                0x0000f0a0                xTaskRemoveFromEventList
 .text.vTaskInternalSetTimeOutState
                0x0000f11c       0x14 thirdparty/RTOS/freertos/FreeRTOSV10.0.0/Source/tasks.o
                0x0000f11c                vTaskInternalSetTimeOutState
 .text.xTaskCheckForTimeOut
                0x0000f130       0x9c thirdparty/RTOS/freertos/FreeRTOSV10.0.0/Source/tasks.o
                0x0000f130                xTaskCheckForTimeOut
 .text.vTaskMissedYield
                0x0000f1cc       0x10 thirdparty/RTOS/freertos/FreeRTOSV10.0.0/Source/tasks.o
                0x0000f1cc                vTaskMissedYield
 .text.vTaskGetInfo
                0x0000f1dc       0xa0 thirdparty/RTOS/freertos/FreeRTOSV10.0.0/Source/tasks.o
                0x0000f1dc                vTaskGetInfo
 .text.xTaskGetSchedulerState
                0x0000f27c       0x20 thirdparty/RTOS/freertos/FreeRTOSV10.0.0/Source/tasks.o
                0x0000f27c                xTaskGetSchedulerState
 .text.xTaskPriorityInherit
                0x0000f29c       0x90 thirdparty/RTOS/freertos/FreeRTOSV10.0.0/Source/tasks.o
                0x0000f29c                xTaskPriorityInherit
 .text.xTaskPriorityDisinherit
                0x0000f32c       0x8c thirdparty/RTOS/freertos/FreeRTOSV10.0.0/Source/tasks.o
                0x0000f32c                xTaskPriorityDisinherit
 .text.vTaskPriorityDisinheritAfterTimeout
                0x0000f3b8       0xa0 thirdparty/RTOS/freertos/FreeRTOSV10.0.0/Source/tasks.o
                0x0000f3b8                vTaskPriorityDisinheritAfterTimeout
 .text.pvTaskIncrementMutexHeldCount
                0x0000f458       0x1c thirdparty/RTOS/freertos/FreeRTOSV10.0.0/Source/tasks.o
                0x0000f458                pvTaskIncrementMutexHeldCount
 .text.prvCheckForValidListAndQueue
                0x0000f474       0x54 thirdparty/RTOS/freertos/FreeRTOSV10.0.0/Source/timers.o
 .text.prvInsertTimerInActiveList
                0x0000f4c8       0x44 thirdparty/RTOS/freertos/FreeRTOSV10.0.0/Source/timers.o
 .text.xTimerCreateTimerTask
                0x0000f50c       0x50 thirdparty/RTOS/freertos/FreeRTOSV10.0.0/Source/timers.o
                0x0000f50c                xTimerCreateTimerTask
 .text.xTimerCreate
                0x0000f55c       0x54 thirdparty/RTOS/freertos/FreeRTOSV10.0.0/Source/timers.o
                0x0000f55c                xTimerCreate
 .text.xTimerGenericCommand
                0x0000f5b0       0x74 thirdparty/RTOS/freertos/FreeRTOSV10.0.0/Source/timers.o
                0x0000f5b0                xTimerGenericCommand
 .text.prvSwitchTimerLists
                0x0000f624       0x94 thirdparty/RTOS/freertos/FreeRTOSV10.0.0/Source/timers.o
 .text.prvTimerTask
                0x0000f6b8      0x1d4 thirdparty/RTOS/freertos/FreeRTOSV10.0.0/Source/timers.o
 .text.log      0x0000f88c       0xf8 c:/program files (x86)/atmel/studio/7.0/toolchain/arm/arm-gnu-toolchain/bin/../lib/gcc/arm-none-eabi/6.3.1/../../../../arm-none-eabi/lib/thumb/v7e-m\libm.a(lib_a-w_log.o)
                0x0000f88c                log
 *fill*         0x0000f984        0x4 
 .text.__ieee754_log
                0x0000f988      0x3e8 c:/program files (x86)/atmel/studio/7.0/toolchain/arm/arm-gnu-toolchain/bin/../lib/gcc/arm-none-eabi/6.3.1/../../../../arm-none-eabi/lib/thumb/v7e-m\libm.a(lib_a-e_log.o)
                0x0000f988                __ieee754_log
 .text.matherr  0x0000fd70        0x4 c:/program files (x86)/atmel/studio/7.0/toolchain/arm/arm-gnu-toolchain/bin/../lib/gcc/arm-none-eabi/6.3.1/../../../../arm-none-eabi/lib/thumb/v7e-m\libm.a(lib_a-s_matherr.o)
                0x0000fd70                matherr
 .text.nan      0x0000fd74        0xc c:/program files (x86)/atmel/studio/7.0/toolchain/arm/arm-gnu-toolchain/bin/../lib/gcc/arm-none-eabi/6.3.1/../../../../arm-none-eabi/lib/thumb/v7e-m\libm.a(lib_a-s_nan.o)
                0x0000fd74                nan
 .text.Crc16    0x0000fd80       0x3c C:\projects\trunk\Izi-Lib-sam\Release\libIZI-Lib-sam.a(crc.o)
                0x0000fd80                Crc16
 .text.Crc16Fast
                0x0000fdbc       0x28 C:\projects\trunk\Izi-Lib-sam\Release\libIZI-Lib-sam.a(crc.o)
                0x0000fdbc                Crc16Fast
 .text          0x0000fde4      0x370 c:/program files (x86)/atmel/studio/7.0/toolchain/arm/arm-gnu-toolchain/bin/../lib/gcc/arm-none-eabi/6.3.1/thumb/v7e-m\libgcc.a(_arm_addsubdf3.o)
                0x0000fde4                __aeabi_drsub
                0x0000fdec                __aeabi_dsub
                0x0000fdec                __subdf3
                0x0000fdf0                __aeabi_dadd
                0x0000fdf0                __adddf3
                0x00010068                __floatunsidf
                0x00010068                __aeabi_ui2d
                0x00010088                __floatsidf
                0x00010088                __aeabi_i2d
                0x000100ac                __aeabi_f2d
                0x000100ac                __extendsfdf2
                0x000100e8                __floatundidf
                0x000100e8                __aeabi_ul2d
                0x000100f8                __floatdidf
                0x000100f8                __aeabi_l2d
 .text          0x00010154      0x424 c:/program files (x86)/atmel/studio/7.0/toolchain/arm/arm-gnu-toolchain/bin/../lib/gcc/arm-none-eabi/6.3.1/thumb/v7e-m\libgcc.a(_arm_muldivdf3.o)
                0x00010154                __aeabi_dmul
                0x00010154                __muldf3
                0x000103a8                __divdf3
                0x000103a8                __aeabi_ddiv
 .text          0x00010578      0x110 c:/program files (x86)/atmel/studio/7.0/toolchain/arm/arm-gnu-toolchain/bin/../lib/gcc/arm-none-eabi/6.3.1/thumb/v7e-m\libgcc.a(_arm_cmpdf2.o)
                0x00010578                __gtdf2
                0x00010578                __gedf2
                0x00010580                __ltdf2
                0x00010580                __ledf2
                0x00010588                __nedf2
                0x00010588                __eqdf2
                0x00010588                __cmpdf2
                0x00010604                __aeabi_cdrcmple
                0x00010614                __aeabi_cdcmpeq
                0x00010614                __aeabi_cdcmple
                0x00010624                __aeabi_dcmpeq
                0x00010638                __aeabi_dcmplt
                0x0001064c                __aeabi_dcmple
                0x00010660                __aeabi_dcmpge
                0x00010674                __aeabi_dcmpgt
 .text          0x00010688       0x2c c:/program files (x86)/atmel/studio/7.0/toolchain/arm/arm-gnu-toolchain/bin/../lib/gcc/arm-none-eabi/6.3.1/thumb/v7e-m\libgcc.a(_arm_unorddf2.o)
                0x00010688                __unorddf2
                0x00010688                __aeabi_dcmpun
 .text          0x000106b4       0x50 c:/program files (x86)/atmel/studio/7.0/toolchain/arm/arm-gnu-toolchain/bin/../lib/gcc/arm-none-eabi/6.3.1/thumb/v7e-m\libgcc.a(_arm_fixdfsi.o)
                0x000106b4                __aeabi_d2iz
                0x000106b4                __fixdfsi
 .text          0x00010704       0x30 c:/program files (x86)/atmel/studio/7.0/toolchain/arm/arm-gnu-toolchain/bin/../lib/gcc/arm-none-eabi/6.3.1/thumb/v7e-m\libgcc.a(_aeabi_uldivmod.o)
                0x00010704                __aeabi_uldivmod
 .text          0x00010734      0x2dc c:/program files (x86)/atmel/studio/7.0/toolchain/arm/arm-gnu-toolchain/bin/../lib/gcc/arm-none-eabi/6.3.1/thumb/v7e-m\libgcc.a(_udivmoddi4.o)
                0x00010734                __udivmoddi4
 .text          0x00010a10        0x4 c:/program files (x86)/atmel/studio/7.0/toolchain/arm/arm-gnu-toolchain/bin/../lib/gcc/arm-none-eabi/6.3.1/thumb/v7e-m\libgcc.a(_dvmd_tls.o)
                0x00010a10                __aeabi_idiv0
                0x00010a10                __aeabi_ldiv0
 .text.__errno  0x00010a14        0xc c:/program files (x86)/atmel/studio/7.0/toolchain/arm/arm-gnu-toolchain/bin/../lib/gcc/arm-none-eabi/6.3.1/../../../../arm-none-eabi/lib/thumb/v7e-m\libc_nano.a(lib_a-errno.o)
                0x00010a14                __errno
 .text.__libc_init_array
                0x00010a20       0x48 c:/program files (x86)/atmel/studio/7.0/toolchain/arm/arm-gnu-toolchain/bin/../lib/gcc/arm-none-eabi/6.3.1/../../../../arm-none-eabi/lib/thumb/v7e-m\libc_nano.a(lib_a-init.o)
                0x00010a20                __libc_init_array
 .text.memcpy   0x00010a68       0x16 c:/program files (x86)/atmel/studio/7.0/toolchain/arm/arm-gnu-toolchain/bin/../lib/gcc/arm-none-eabi/6.3.1/../../../../arm-none-eabi/lib/thumb/v7e-m\libc_nano.a(lib_a-memcpy-stub.o)
                0x00010a68                memcpy
 .text.memset   0x00010a7e       0x10 c:/program files (x86)/atmel/studio/7.0/toolchain/arm/arm-gnu-toolchain/bin/../lib/gcc/arm-none-eabi/6.3.1/../../../../arm-none-eabi/lib/thumb/v7e-m\libc_nano.a(lib_a-memset.o)
                0x00010a7e                memset
 *fill*         0x00010a8e        0x2 
 .text.sprintf  0x00010a90       0x48 c:/program files (x86)/atmel/studio/7.0/toolchain/arm/arm-gnu-toolchain/bin/../lib/gcc/arm-none-eabi/6.3.1/../../../../arm-none-eabi/lib/thumb/v7e-m\libc_nano.a(lib_a-sprintf.o)
                0x00010a90                siprintf
                0x00010a90                sprintf
 .text          0x00010ad8       0x10 c:/program files (x86)/atmel/studio/7.0/toolchain/arm/arm-gnu-toolchain/bin/../lib/gcc/arm-none-eabi/6.3.1/../../../../arm-none-eabi/lib/thumb/v7e-m\libc_nano.a(lib_a-strlen.o)
                0x00010ad8                strlen
 .text.strncpy  0x00010ae8       0x2a c:/program files (x86)/atmel/studio/7.0/toolchain/arm/arm-gnu-toolchain/bin/../lib/gcc/arm-none-eabi/6.3.1/../../../../arm-none-eabi/lib/thumb/v7e-m\libc_nano.a(lib_a-strncpy.o)
                0x00010ae8                strncpy
 *fill*         0x00010b12        0x2 
 .text._malloc_r
                0x00010b14       0xbc c:/program files (x86)/atmel/studio/7.0/toolchain/arm/arm-gnu-toolchain/bin/../lib/gcc/arm-none-eabi/6.3.1/../../../../arm-none-eabi/lib/thumb/v7e-m\libc_nano.a(lib_a-nano-mallocr.o)
                0x00010b14                _malloc_r
 .text.__ssputs_r
                0x00010bd0       0xb6 c:/program files (x86)/atmel/studio/7.0/toolchain/arm/arm-gnu-toolchain/bin/../lib/gcc/arm-none-eabi/6.3.1/../../../../arm-none-eabi/lib/thumb/v7e-m\libc_nano.a(lib_a-nano-svfprintf.o)
                0x00010bd0                __ssputs_r
 *fill*         0x00010c86        0x2 
 .text._svfprintf_r
                0x00010c88      0x1e8 c:/program files (x86)/atmel/studio/7.0/toolchain/arm/arm-gnu-toolchain/bin/../lib/gcc/arm-none-eabi/6.3.1/../../../../arm-none-eabi/lib/thumb/v7e-m\libc_nano.a(lib_a-nano-svfprintf.o)
                0x00010c88                _svfiprintf_r
                0x00010c88                _svfprintf_r
 .text._printf_common
                0x00010e70       0xec c:/program files (x86)/atmel/studio/7.0/toolchain/arm/arm-gnu-toolchain/bin/../lib/gcc/arm-none-eabi/6.3.1/../../../../arm-none-eabi/lib/thumb/v7e-m\libc_nano.a(lib_a-nano-vfprintf_i.o)
                0x00010e70                _printf_common
 .text._printf_i
                0x00010f5c      0x240 c:/program files (x86)/atmel/studio/7.0/toolchain/arm/arm-gnu-toolchain/bin/../lib/gcc/arm-none-eabi/6.3.1/../../../../arm-none-eabi/lib/thumb/v7e-m\libc_nano.a(lib_a-nano-vfprintf_i.o)
                0x00010f5c                _printf_i
 .text._sbrk_r  0x0001119c       0x20 c:/program files (x86)/atmel/studio/7.0/toolchain/arm/arm-gnu-toolchain/bin/../lib/gcc/arm-none-eabi/6.3.1/../../../../arm-none-eabi/lib/thumb/v7e-m\libc_nano.a(lib_a-sbrkr.o)
                0x0001119c                _sbrk_r
 *fill*         0x000111bc        0x4 
 .text          0x000111c0       0xa0 c:/program files (x86)/atmel/studio/7.0/toolchain/arm/arm-gnu-toolchain/bin/../lib/gcc/arm-none-eabi/6.3.1/../../../../arm-none-eabi/lib/thumb/v7e-m\libc_nano.a(lib_a-memchr.o)
                0x000111c0                memchr
 .text.memmove  0x00011260       0x34 c:/program files (x86)/atmel/studio/7.0/toolchain/arm/arm-gnu-toolchain/bin/../lib/gcc/arm-none-eabi/6.3.1/../../../../arm-none-eabi/lib/thumb/v7e-m\libc_nano.a(lib_a-memmove.o)
                0x00011260                memmove
 .text.__malloc_lock
                0x00011294        0x2 c:/program files (x86)/atmel/studio/7.0/toolchain/arm/arm-gnu-toolchain/bin/../lib/gcc/arm-none-eabi/6.3.1/../../../../arm-none-eabi/lib/thumb/v7e-m\libc_nano.a(lib_a-mlock.o)
                0x00011294                __malloc_lock
 .text.__malloc_unlock
                0x00011296        0x2 c:/program files (x86)/atmel/studio/7.0/toolchain/arm/arm-gnu-toolchain/bin/../lib/gcc/arm-none-eabi/6.3.1/../../../../arm-none-eabi/lib/thumb/v7e-m\libc_nano.a(lib_a-mlock.o)
                0x00011296                __malloc_unlock
 .text._free_r  0x00011298       0x9c c:/program files (x86)/atmel/studio/7.0/toolchain/arm/arm-gnu-toolchain/bin/../lib/gcc/arm-none-eabi/6.3.1/../../../../arm-none-eabi/lib/thumb/v7e-m\libc_nano.a(lib_a-nano-freer.o)
                0x00011298                _free_r
 .text._realloc_r
                0x00011334       0x4c c:/program files (x86)/atmel/studio/7.0/toolchain/arm/arm-gnu-toolchain/bin/../lib/gcc/arm-none-eabi/6.3.1/../../../../arm-none-eabi/lib/thumb/v7e-m\libc_nano.a(lib_a-nano-reallocr.o)
                0x00011334                _realloc_r
 .text._malloc_usable_size_r
                0x00011380       0x12 c:/program files (x86)/atmel/studio/7.0/toolchain/arm/arm-gnu-toolchain/bin/../lib/gcc/arm-none-eabi/6.3.1/../../../../arm-none-eabi/lib/thumb/v7e-m\libc_nano.a(lib_a-nano-msizer.o)
                0x00011380                _malloc_usable_size_r
 *(.glue_7t)
 .glue_7t       0x00011392        0x0 linker stubs
 *(.glue_7)
 .glue_7        0x00011392        0x0 linker stubs
 *(.rodata .rodata* .gnu.linkonce.r.*)
 *fill*         0x00011392        0x2 
 .rodata.str1.4
                0x00011394        0xa izilink/slave/iziplus_dataframe.o
 *fill*         0x0001139e        0x2 
 .rodata        0x000113a0       0x10 powerline/dcbm1_driver.o
                0x000113a0                csel_rates
 .rodata        0x000113b0      0x648 driver/stepdown.o
                0x000113b0                dmxTable
                0x000119b8                random_table
                0x000119d8                random_table2
 .rodata.str1.4
                0x000119f8        0x9 driver/stepdown.o
 *fill*         0x00011a01        0x3 
 .rodata        0x00011a04       0x30 hpl/sercom/hpl_sercom.o
 .rodata.str1.4
                0x00011a34       0x3f izilink/iziplus_driver.o
 *fill*         0x00011a73        0x1 
 .rodata        0x00011a74      0x494 izilink/iziplus_module_def.o
                0x00011ea8                CfgSwap_table
 .rodata.str1.4
                0x00011f08        0xe izilink/iziplus_module_def.o
 *fill*         0x00011f16        0x2 
 .rodata.str1.4
                0x00011f18       0x60 izilink/izi_input.o
 .rodata.str1.4
                0x00011f78       0xde main.o
 *fill*         0x00012056        0x2 
 .rodata        0x00012058      0x21c misc/analog.o
                0x00012058                ntc_table
                0x00012258                adc_filters
                0x00012260                adc_channels
                0x00012268                adc2_filters
                0x0001226c                adc2_channels
                0x00012270                g_Adc_12bitFullRange
 .rodata.str1.4
                0x00012274        0xd misc/analog.o
 *fill*         0x00012281        0x3 
 .rodata        0x00012284       0x33 misc/state.o
                0x00012284                color_table
 *fill*         0x000122b7        0x1 
 .rodata.str1.4
                0x000122b8      0x1c7 misc/state.o
                                0x1cb (size before relaxing)
 *fill*         0x0001247f        0x1 
 .rodata.str1.4
                0x00012480       0x17 thirdparty/RTOS/freertos/FreeRTOSV10.0.0/Source/tasks.o
 *fill*         0x00012497        0x1 
 .rodata.str1.4
                0x00012498        0x8 thirdparty/RTOS/freertos/FreeRTOSV10.0.0/Source/timers.o
 .rodata.log.str1.4
                0x000124a0        0x4 c:/program files (x86)/atmel/studio/7.0/toolchain/arm/arm-gnu-toolchain/bin/../lib/gcc/arm-none-eabi/6.3.1/../../../../arm-none-eabi/lib/thumb/v7e-m\libm.a(lib_a-w_log.o)
                                  0x5 (size before relaxing)
 .rodata        0x000124a4      0x200 C:\projects\trunk\Izi-Lib-sam\Release\libIZI-Lib-sam.a(crc.o)
                0x000124a4                crc16Table
 .rodata.__sf_fake_stderr
                0x000126a4       0x20 c:/program files (x86)/atmel/studio/7.0/toolchain/arm/arm-gnu-toolchain/bin/../lib/gcc/arm-none-eabi/6.3.1/../../../../arm-none-eabi/lib/thumb/v7e-m\libc_nano.a(lib_a-findfp.o)
                0x000126a4                __sf_fake_stderr
 .rodata.__sf_fake_stdin
                0x000126c4       0x20 c:/program files (x86)/atmel/studio/7.0/toolchain/arm/arm-gnu-toolchain/bin/../lib/gcc/arm-none-eabi/6.3.1/../../../../arm-none-eabi/lib/thumb/v7e-m\libc_nano.a(lib_a-findfp.o)
                0x000126c4                __sf_fake_stdin
 .rodata.__sf_fake_stdout
                0x000126e4       0x20 c:/program files (x86)/atmel/studio/7.0/toolchain/arm/arm-gnu-toolchain/bin/../lib/gcc/arm-none-eabi/6.3.1/../../../../arm-none-eabi/lib/thumb/v7e-m\libc_nano.a(lib_a-findfp.o)
                0x000126e4                __sf_fake_stdout
 .rodata._svfprintf_r.str1.1
                0x00012704       0x11 c:/program files (x86)/atmel/studio/7.0/toolchain/arm/arm-gnu-toolchain/bin/../lib/gcc/arm-none-eabi/6.3.1/../../../../arm-none-eabi/lib/thumb/v7e-m\libc_nano.a(lib_a-nano-svfprintf.o)
 .rodata._printf_i.str1.1
                0x00012715       0x22 c:/program files (x86)/atmel/studio/7.0/toolchain/arm/arm-gnu-toolchain/bin/../lib/gcc/arm-none-eabi/6.3.1/../../../../arm-none-eabi/lib/thumb/v7e-m\libc_nano.a(lib_a-nano-vfprintf_i.o)
 *(.ARM.extab* .gnu.linkonce.armextab.*)
                0x00012738                . = ALIGN (0x4)
 *fill*         0x00012737        0x1 
 *(.init)
 .init          0x00012738        0x4 c:/program files (x86)/atmel/studio/7.0/toolchain/arm/arm-gnu-toolchain/bin/../lib/gcc/arm-none-eabi/6.3.1/thumb/v7e-m/crti.o
                0x00012738                _init
 .init          0x0001273c        0x8 c:/program files (x86)/atmel/studio/7.0/toolchain/arm/arm-gnu-toolchain/bin/../lib/gcc/arm-none-eabi/6.3.1/thumb/v7e-m/crtn.o
                0x00012744                . = ALIGN (0x4)
                0x00012744                __preinit_array_start = .
 *(.preinit_array)
                0x00012744                __preinit_array_end = .
                0x00012744                . = ALIGN (0x4)
                0x00012744                __init_array_start = .
 *(SORT(.init_array.*))
 *(.init_array)
 .init_array    0x00012744        0x4 c:/program files (x86)/atmel/studio/7.0/toolchain/arm/arm-gnu-toolchain/bin/../lib/gcc/arm-none-eabi/6.3.1/thumb/v7e-m/crtbegin.o
                0x00012748                __init_array_end = .
                0x00012748                . = ALIGN (0x4)
 *crtbegin.o(.ctors)
 *(EXCLUDE_FILE(*crtend.o) .ctors)
 *(SORT(.ctors.*))
 *crtend.o(.ctors)
                0x00012748                . = ALIGN (0x4)
 *(.fini)
 .fini          0x00012748        0x4 c:/program files (x86)/atmel/studio/7.0/toolchain/arm/arm-gnu-toolchain/bin/../lib/gcc/arm-none-eabi/6.3.1/thumb/v7e-m/crti.o
                0x00012748                _fini
 .fini          0x0001274c        0x8 c:/program files (x86)/atmel/studio/7.0/toolchain/arm/arm-gnu-toolchain/bin/../lib/gcc/arm-none-eabi/6.3.1/thumb/v7e-m/crtn.o
                0x00012754                . = ALIGN (0x4)
                0x00012754                __fini_array_start = .
 *(.fini_array)
 .fini_array    0x00012754        0x4 c:/program files (x86)/atmel/studio/7.0/toolchain/arm/arm-gnu-toolchain/bin/../lib/gcc/arm-none-eabi/6.3.1/thumb/v7e-m/crtbegin.o
 *(SORT(.fini_array.*))
                0x00012758                __fini_array_end = .
 *crtbegin.o(.dtors)
 *(EXCLUDE_FILE(*crtend.o) .dtors)
 *(SORT(.dtors.*))
 *crtend.o(.dtors)
                0x00012758                . = ALIGN (0x4)
                0x00012758                _efixed = .
                [!provide]                PROVIDE (__exidx_start, .)

.vfp11_veneer   0x00012758        0x0
 .vfp11_veneer  0x00012758        0x0 linker stubs

.v4_bx          0x00012758        0x0
 .v4_bx         0x00012758        0x0 linker stubs

.iplt           0x00012758        0x0
 .iplt          0x00012758        0x0 c:/program files (x86)/atmel/studio/7.0/toolchain/arm/arm-gnu-toolchain/bin/../lib/gcc/arm-none-eabi/6.3.1/thumb/v7e-m/crtbegin.o

.ARM.exidx      0x00012758        0x8
 *(.ARM.exidx* .gnu.linkonce.armexidx.*)
 .ARM.exidx     0x00012758        0x8 c:/program files (x86)/atmel/studio/7.0/toolchain/arm/arm-gnu-toolchain/bin/../lib/gcc/arm-none-eabi/6.3.1/thumb/v7e-m\libgcc.a(_udivmoddi4.o)
                [!provide]                PROVIDE (__exidx_end, .)
                0x00012760                . = ALIGN (0x4)
                0x00012760                _etext = .

.bootloadersection
                0x00000000        0x0
                0x00000000                . = ALIGN (0x4)
                0x00000000                _sbootloadersection = .
 *(.bootloadersection*)
                0x00000000                . = ALIGN (0x4)
                0x00000000                _ebootloadersection = .

.appsettingsection
                0x0003c000        0x0
                0x0003c000                . = ALIGN (0x4)
                0x0003c000                _sappsettingsection = .
 *(.appsettingsection*)
                0x0003c000                . = ALIGN (0x4)
                0x0003c000                _eappsettingsection = .

.firmwareinfosection
                0x0001ff00      0x100
                0x0001ff00                . = ALIGN (0x4)
                0x0001ff00                _sfirmwareinfosection = .
 *(.firmwareinfosection*)
 .firmwareinfosection
                0x0001ff00      0x100 version.o
                0x0001ff00                firmare_info
                0x00020000                . = ALIGN (0x4)
                0x00020000                _efirmwareinfosection = .

.eh_frame       0x00020000        0x0
 .eh_frame      0x00020000        0x0 c:/program files (x86)/atmel/studio/7.0/toolchain/arm/arm-gnu-toolchain/bin/../lib/gcc/arm-none-eabi/6.3.1/thumb/v7e-m/crtbegin.o

.rel.dyn        0x00020000        0x0
 .rel.iplt      0x00020000        0x0 c:/program files (x86)/atmel/studio/7.0/toolchain/arm/arm-gnu-toolchain/bin/../lib/gcc/arm-none-eabi/6.3.1/thumb/v7e-m/crtbegin.o

.jcr            0x00020000        0x0
 .jcr           0x00020000        0x0 c:/program files (x86)/atmel/studio/7.0/toolchain/arm/arm-gnu-toolchain/bin/../lib/gcc/arm-none-eabi/6.3.1/thumb/v7e-m/crtbegin.o

.igot.plt       0x00012760        0x0 load address 0x00020000
 .igot.plt      0x00012760        0x0 c:/program files (x86)/atmel/studio/7.0/toolchain/arm/arm-gnu-toolchain/bin/../lib/gcc/arm-none-eabi/6.3.1/thumb/v7e-m/crtbegin.o

.mirrorsection  0x00022000        0x0
                0x00022000                . = ALIGN (0x4)
                0x00022000                _smirrorsection = .
 *(.mirrorsection*)
                0x00022000                . = ALIGN (0x4)
                0x00022000                _emirrorsection = .

.relocate       0x20002200      0x8f4 load address 0x00012760
                0x20002200                . = ALIGN (0x4)
                0x20002200                _srelocate = .
 *(.ramfunc .ramfunc.*)
 *(.data .data.*)
 .data          0x20002200        0x3 izilink/slave/iziplus_dataframe.o
                0x20002200                iziplus_data_quality
                0x20002201                iziplus_data_quality_first
                0x20002202                iziplus_trace_lvl
 *fill*         0x20002203        0x1 
 .data          0x20002204      0x802 driver/stepdown.o
                0x20002204                stepdown_ctrl_chx
                0x20002a05                last_freq
 .data          0x20002a06        0x9 izilink/iziplus_driver.o
                0x20002a0e                izi_trace_lvl
 *fill*         0x20002a0f        0x1 
 .data          0x20002a10        0x6 izilink/iziplus_module_def.o
                0x20002a10                intern_temp_master
                0x20002a12                ntc_temp_master
                0x20002a14                power_master
 .data          0x20002a16        0x1 main.o
 *fill*         0x20002a17        0x1 
 .data          0x20002a18        0x8 misc/analog.o
                0x20002a18                adc_valid_time
 .data          0x20002a20       0x66 misc/state.o
                0x20002a20                StateErrorText
                0x20002a44                StateWarningText
                0x20002a70                StateStartInfoText
                0x20002a82                state_trace_lvl
 *fill*         0x20002a86        0x2 
 .data          0x20002a88        0x4 thirdparty/RTOS/freertos/FreeRTOSV10.0.0/Source/portable/GCC/ARM_CM4F/port.o
 .data.__fdlib_version
                0x20002a8c        0x1 c:/program files (x86)/atmel/studio/7.0/toolchain/arm/arm-gnu-toolchain/bin/../lib/gcc/arm-none-eabi/6.3.1/../../../../arm-none-eabi/lib/thumb/v7e-m\libm.a(lib_a-s_lib_ver.o)
                0x20002a8c                __fdlib_version
 *fill*         0x20002a8d        0x3 
 .data._impure_ptr
                0x20002a90        0x4 c:/program files (x86)/atmel/studio/7.0/toolchain/arm/arm-gnu-toolchain/bin/../lib/gcc/arm-none-eabi/6.3.1/../../../../arm-none-eabi/lib/thumb/v7e-m\libc_nano.a(lib_a-impure.o)
                0x20002a90                _impure_ptr
 .data.impure_data
                0x20002a94       0x60 c:/program files (x86)/atmel/studio/7.0/toolchain/arm/arm-gnu-toolchain/bin/../lib/gcc/arm-none-eabi/6.3.1/../../../../arm-none-eabi/lib/thumb/v7e-m\libc_nano.a(lib_a-impure.o)
                0x20002af4                . = ALIGN (0x4)
                0x20002af4                _erelocate = .

.energy_ram     0x2001fe80       0x7c
                0x2001fe80                . = ALIGN (0x4)
 *(.energy_ram)
 .energy_ram    0x2001fe80       0x7c appconfig.o
                0x2001fe80                appLog
                0x2001fefc                . = ALIGN (0x4)

.boot_ram       0x2001ff00       0x34
                0x2001ff00                . = ALIGN (0x4)
 *(.boot_ram)
 .boot_ram      0x2001ff00       0x34 main.o
                0x2001ff00                boot_data
                0x2001ff34                . = ALIGN (0x4)

.can_ram        0x20000000        0x0
                0x20000000                . = ALIGN (0x4)
 *(.can_ram)
                0x20000000                . = ALIGN (0x4)

.qspi           0x04000000        0x0
                0x04000000                . = ALIGN (0x8)
                0x04000000                _sqspi = .
 *(.qspi .qspi.*)
                0x04000000                . = ALIGN (0x8)
                0x04000000                _eqspi = .

.bss            0x20002b00     0xcf0c load address 0x00013060
                0x20002b00                . = ALIGN (0x4)
                0x20002b00                _sbss = .
                0x20002b00                _szero = .
 *(.bss .bss.*)
 .bss           0x20002b00       0x1c c:/program files (x86)/atmel/studio/7.0/toolchain/arm/arm-gnu-toolchain/bin/../lib/gcc/arm-none-eabi/6.3.1/thumb/v7e-m/crtbegin.o
 .bss           0x20002b1c       0x18 dmac/dmac.o
 .bss           0x20002b34        0x9 driver/mcp4728.o
                0x20002b34                mcp4728_dac_values
                0x20002b3c                mcp4728_init
 *fill*         0x20002b3d        0x3 
 .bss           0x20002b40        0x8 izilink/izi_output.o
                0x20002b40                izi_output_valid
                0x20002b44                xIziOutput_Timer
 .bss           0x20002b48      0xa94 izilink/slave/iziplus_dataframe.o