Archive member included to satisfy reference by file (symbol)

C:\projects\trunk\Izi-Lib-sam\Release\libIZI-Lib-sam.a(crc.o)
                              izilink/slave/iziplus_dataframe.o (Crc16)
c:/program files (x86)/atmel/studio/7.0/toolchain/arm/arm-gnu-toolchain/bin/../lib/gcc/arm-none-eabi/6.3.1/thumb/v7e-m\libgcc.a(_arm_addsubdf3.o)
                              uart/usart1.o (__aeabi_dsub)
c:/program files (x86)/atmel/studio/7.0/toolchain/arm/arm-gnu-toolchain/bin/../lib/gcc/arm-none-eabi/6.3.1/thumb/v7e-m\libgcc.a(_arm_muldivdf3.o)
                              uart/usart1.o (__aeabi_dmul)
c:/program files (x86)/atmel/studio/7.0/toolchain/arm/arm-gnu-toolchain/bin/../lib/gcc/arm-none-eabi/6.3.1/thumb/v7e-m\libgcc.a(_arm_fixunsdfsi.o)
                              uart/usart1.o (__aeabi_d2uiz)
c:/program files (x86)/atmel/studio/7.0/toolchain/arm/arm-gnu-toolchain/bin/../lib/gcc/arm-none-eabi/6.3.1/thumb/v7e-m\libgcc.a(_aeabi_uldivmod.o)
                              driver/stepdown.o (__aeabi_uldivmod)
c:/program files (x86)/atmel/studio/7.0/toolchain/arm/arm-gnu-toolchain/bin/../lib/gcc/arm-none-eabi/6.3.1/thumb/v7e-m\libgcc.a(_udivmoddi4.o)
                              c:/program files (x86)/atmel/studio/7.0/toolchain/arm/arm-gnu-toolchain/bin/../lib/gcc/arm-none-eabi/6.3.1/thumb/v7e-m\libgcc.a(_aeabi_uldivmod.o) (__udivmoddi4)
c:/program files (x86)/atmel/studio/7.0/toolchain/arm/arm-gnu-toolchain/bin/../lib/gcc/arm-none-eabi/6.3.1/thumb/v7e-m\libgcc.a(_dvmd_tls.o)
                              c:/program files (x86)/atmel/studio/7.0/toolchain/arm/arm-gnu-toolchain/bin/../lib/gcc/arm-none-eabi/6.3.1/thumb/v7e-m\libgcc.a(_aeabi_uldivmod.o) (__aeabi_ldiv0)
c:/program files (x86)/atmel/studio/7.0/toolchain/arm/arm-gnu-toolchain/bin/../lib/gcc/arm-none-eabi/6.3.1/../../../../arm-none-eabi/lib/thumb/v7e-m\libc_nano.a(lib_a-exit.o)
                              c:/program files (x86)/atmel/studio/7.0/toolchain/arm/arm-gnu-toolchain/bin/../lib/gcc/arm-none-eabi/6.3.1/../../../../arm-none-eabi/lib/thumb/v7e-m/crt0.o (exit)
c:/program files (x86)/atmel/studio/7.0/toolchain/arm/arm-gnu-toolchain/bin/../lib/gcc/arm-none-eabi/6.3.1/../../../../arm-none-eabi/lib/thumb/v7e-m\libc_nano.a(lib_a-impure.o)
                              c:/program files (x86)/atmel/studio/7.0/toolchain/arm/arm-gnu-toolchain/bin/../lib/gcc/arm-none-eabi/6.3.1/../../../../arm-none-eabi/lib/thumb/v7e-m\libc_nano.a(lib_a-exit.o) (_global_impure_ptr)
c:/program files (x86)/atmel/studio/7.0/toolchain/arm/arm-gnu-toolchain/bin/../lib/gcc/arm-none-eabi/6.3.1/../../../../arm-none-eabi/lib/thumb/v7e-m\libc_nano.a(lib_a-init.o)
                              c:/program files (x86)/atmel/studio/7.0/toolchain/arm/arm-gnu-toolchain/bin/../lib/gcc/arm-none-eabi/6.3.1/../../../../arm-none-eabi/lib/thumb/v7e-m/crt0.o (__libc_init_array)
c:/program files (x86)/atmel/studio/7.0/toolchain/arm/arm-gnu-toolchain/bin/../lib/gcc/arm-none-eabi/6.3.1/../../../../arm-none-eabi/lib/thumb/v7e-m\libc_nano.a(lib_a-locale.o)
                              misc/rprintf.o (__locale_ctype_ptr)
c:/program files (x86)/atmel/studio/7.0/toolchain/arm/arm-gnu-toolchain/bin/../lib/gcc/arm-none-eabi/6.3.1/../../../../arm-none-eabi/lib/thumb/v7e-m\libc_nano.a(lib_a-mbtowc_r.o)
                              c:/program files (x86)/atmel/studio/7.0/toolchain/arm/arm-gnu-toolchain/bin/../lib/gcc/arm-none-eabi/6.3.1/../../../../arm-none-eabi/lib/thumb/v7e-m\libc_nano.a(lib_a-locale.o) (__ascii_mbtowc)
c:/program files (x86)/atmel/studio/7.0/toolchain/arm/arm-gnu-toolchain/bin/../lib/gcc/arm-none-eabi/6.3.1/../../../../arm-none-eabi/lib/thumb/v7e-m\libc_nano.a(lib_a-memcpy-stub.o)
                              can/izi_can_driver.o (memcpy)
c:/program files (x86)/atmel/studio/7.0/toolchain/arm/arm-gnu-toolchain/bin/../lib/gcc/arm-none-eabi/6.3.1/../../../../arm-none-eabi/lib/thumb/v7e-m\libc_nano.a(lib_a-memset.o)
                              c:/program files (x86)/atmel/studio/7.0/toolchain/arm/arm-gnu-toolchain/bin/../lib/gcc/arm-none-eabi/6.3.1/../../../../arm-none-eabi/lib/thumb/v7e-m/crt0.o (memset)
c:/program files (x86)/atmel/studio/7.0/toolchain/arm/arm-gnu-toolchain/bin/../lib/gcc/arm-none-eabi/6.3.1/../../../../arm-none-eabi/lib/thumb/v7e-m\libc_nano.a(lib_a-printf.o)
                              hal/utils/src/utils_syscalls.o (printf)
c:/program files (x86)/atmel/studio/7.0/toolchain/arm/arm-gnu-toolchain/bin/../lib/gcc/arm-none-eabi/6.3.1/../../../../arm-none-eabi/lib/thumb/v7e-m\libc_nano.a(lib_a-sprintf.o)
                              izilink/iziplus_driver.o (sprintf)
c:/program files (x86)/atmel/studio/7.0/toolchain/arm/arm-gnu-toolchain/bin/../lib/gcc/arm-none-eabi/6.3.1/../../../../arm-none-eabi/lib/thumb/v7e-m\libc_nano.a(lib_a-stpcpy.o)
                              thirdparty/RTOS/freertos/FreeRTOSV10.0.0/Source/tasks.o (stpcpy)
[...]
Memory Configuration

Name             Origin             Length             Attributes
rom              0x00004000         0x0001bf00         xr
bootloader       0x00000000         0x00004000         xr
app_setting      0x0003c000         0x00004000         xr
firmware_info    0x0001ff00         0x00000100         xr
mirror           0x00022000         0x0001df00         xr
ram              0x20002200         0x0001dd80         xrw
can_ram          0x20000000         0x00002200         xrw
energy_ram       0x2001fe80         0x00000080         xrw
boot_ram         0x2001ff00         0x00000100         xrw
bkupram          0x47000000         0x00002000         xrw
qspi             0x04000000         0x01000000         xrw
*default*        0x00000000         0xffffffff

Linker script and memory map

LOAD c:/program files (x86)/atmel/studio/7.0/toolchain/arm/arm-gnu-toolchain/bin/../lib/gcc/arm-none-eabi/6.3.1/thumb/v7e-m/crti.o
LOAD c:/program files (x86)/atmel/studio/7.0/toolchain/arm/arm-gnu-toolchain/bin/../lib/gcc/arm-none-eabi/6.3.1/thumb/v7e-m/crtbegin.o
LOAD c:/program files (x86)/atmel/studio/7.0/toolchain/arm/arm-gnu-toolchain/bin/../lib/gcc/arm-none-eabi/6.3.1/../../../../arm-none-eabi/lib/thumb/v7e-m/crt0.o
LOAD can/izi_can_driver.o
LOAD dmac/dmac.o
LOAD driver/mcp4725.o
LOAD driver/mcp4728.o
LOAD izilink/izi_output.o
LOAD izilink/slave/iziplus_dataframe.o
LOAD izilink/slave/iziplus_networkframe.o
LOAD misc/bod.o
LOAD misc/rprintf.o
LOAD misc/rtctime.o
LOAD misc/smart_eeprom.o
LOAD powerline/dcbm1_driver.o
LOAD production/production.o
LOAD uart/i2cx.o
LOAD uart/usart1.o
LOAD uart/usart2.o
LOAD appconfig.o
LOAD atmel_start.o
LOAD Device_Startup/startup_same51.o
LOAD Device_Startup/system_same51.o
LOAD driver/curve.o
LOAD driver/stepdown.o
LOAD driver_init.o
LOAD hal/src/hal_adc_async.o
LOAD hal/src/hal_atomic.o
LOAD hal/src/hal_cache.o
LOAD hal/src/hal_can_async.o
LOAD hal/src/hal_delay.o
LOAD hal/src/hal_ext_irq.o
LOAD hal/src/hal_flash.o
LOAD hal/src/hal_gpio.o
LOAD hal/src/hal_i2c_m_sync.o
LOAD hal/src/hal_init.o
LOAD hal/src/hal_io.o
LOAD hal/src/hal_rand_sync.o
LOAD hal/src/hal_sleep.o
LOAD hal/src/hal_timer.o
LOAD hal/src/hal_usart_async.o
LOAD hal/src/hal_usb_device.o
LOAD hal/src/hal_wdt.o
LOAD hal/src/utils_ringbuffer.o
LOAD hal/utils/src/utils_assert.o
LOAD hal/utils/src/utils_event.o
LOAD hal/utils/src/utils_list.o
LOAD hal/utils/src/utils_syscalls.o
LOAD hpl/adc/hpl_adc.o
LOAD hpl/can/hpl_can.o
LOAD hpl/cmcc/hpl_cmcc.o
LOAD hpl/core/hpl_core_m4.o
LOAD hpl/core/hpl_init.o
LOAD hpl/dmac/hpl_dmac.o
LOAD hpl/eic/hpl_eic.o
LOAD hpl/gclk/hpl_gclk.o
LOAD hpl/mclk/hpl_mclk.o
LOAD hpl/nvmctrl/hpl_nvmctrl.o
LOAD hpl/osc32kctrl/hpl_osc32kctrl.o
LOAD hpl/oscctrl/hpl_oscctrl.o
LOAD hpl/pm/hpl_pm.o
LOAD hpl/ramecc/hpl_ramecc.o
LOAD hpl/sercom/hpl_sercom.o
LOAD hpl/tc/hpl_tc.o
LOAD hpl/trng/hpl_trng.o
LOAD hpl/wdt/hpl_wdt.o
LOAD izilink/iziplus_driver.o
LOAD izilink/iziplus_module_def.o
LOAD izilink/izi_input.o
LOAD main.o
LOAD misc/analog.o
LOAD misc/debug.o
LOAD misc/state.o
LOAD misc/timing.o
LOAD thirdparty/RTOS/freertos/FreeRTOSV10.0.0/rtos_port.o
LOAD thirdparty/RTOS/freertos/FreeRTOSV10.0.0/Source/croutine.o
LOAD thirdparty/RTOS/freertos/FreeRTOSV10.0.0/Source/event_groups.o
LOAD thirdparty/RTOS/freertos/FreeRTOSV10.0.0/Source/list.o
LOAD thirdparty/RTOS/freertos/FreeRTOSV10.0.0/Source/portable/GCC/ARM_CM4F/port.o
LOAD thirdparty/RTOS/freertos/FreeRTOSV10.0.0/Source/portable/MemMang/heap_1.o
LOAD thirdparty/RTOS/freertos/FreeRTOSV10.0.0/Source/queue.o
LOAD thirdparty/RTOS/freertos/FreeRTOSV10.0.0/Source/stream_buffer.o
LOAD thirdparty/RTOS/freertos/FreeRTOSV10.0.0/Source/tasks.o
LOAD thirdparty/RTOS/freertos/FreeRTOSV10.0.0/Source/timers.o
LOAD usb/class/cdc/device/cdcdf_acm.o
LOAD usb/device/usbdc.o
LOAD usb/usb_protocol.o
LOAD version.o
START GROUP
LOAD c:/program files (x86)/atmel/studio/7.0/toolchain/arm/arm-gnu-toolchain/bin/../lib/gcc/arm-none-eabi/6.3.1/../../../../arm-none-eabi/lib/thumb/v7e-m\libm.a
LOAD C:\projects\trunk\Izi-Lib-sam\Release\libIZI-Lib-sam.a
END GROUP
START GROUP
LOAD c:/program files (x86)/atmel/studio/7.0/toolchain/arm/arm-gnu-toolchain/bin/../lib/gcc/arm-none-eabi/6.3.1/thumb/v7e-m\libgcc.a
LOAD c:/program files (x86)/atmel/studio/7.0/toolchain/arm/arm-gnu-toolchain/bin/../lib/gcc/arm-none-eabi/6.3.1/../../../../arm-none-eabi/lib/thumb/v7e-m\libc_nano.a
END GROUP
START GROUP
LOAD c:/program files (x86)/atmel/studio/7.0/toolchain/arm/arm-gnu-toolchain/bin/../lib/gcc/arm-none-eabi/6.3.1/thumb/v7e-m\libgcc.a
LOAD c:/program files (x86)/atmel/studio/7.0/toolchain/arm/arm-gnu-toolchain/bin/../lib/gcc/arm-none-eabi/6.3.1/../../../../arm-none-eabi/lib/thumb/v7e-m\libc_nano.a
END GROUP
LOAD c:/program files (x86)/atmel/studio/7.0/toolchain/arm/arm-gnu-toolchain/bin/../lib/gcc/arm-none-eabi/6.3.1/thumb/v7e-m/crtend.o
LOAD c:/program files (x86)/atmel/studio/7.0/toolchain/arm/arm-gnu-toolchain/bin/../lib/gcc/arm-none-eabi/6.3.1/thumb/v7e-m/crtn.o
                0x00001000                STACK_SIZE = DEFINED (STACK_SIZE)?STACK_SIZE:DEFINED (__stack_size__)?__stack_size__:0x1000

.text           0x00004000     0xddec
                0x00004000                . = ALIGN (0x4)
                0x00004000                _sfixed = .
 *(.vectors .vectors.*)
 .vectors       0x00004000      0x264 Device_Startup/startup_same51.o
                0x00004000                exception_table
 *(.text .text.* .gnu.linkonce.t.*)
 .text          0x00004264       0x6c c:/program files (x86)/atmel/studio/7.0/toolchain/arm/arm-gnu-toolchain/bin/../lib/gcc/arm-none-eabi/6.3.1/thumb/v7e-m/crtbegin.o
 .text.DMA_Init
                0x000042d0       0x64 dmac/dmac.o
                0x000042d0                DMA_Init
 .text.DMAC_0_Handler
                0x00004334       0xa0 dmac/dmac.o
                0x00004334                DMAC_0_Handler
 .text.DMA_ChannelInit
                0x000043d4       0x4c dmac/dmac.o
                0x000043d4                DMA_ChannelInit
 .text.DMA_Send
                0x00004420       0xb4 dmac/dmac.o
                0x00004420                DMA_Send
 .text.Mcp4728_Init
                0x000044d4       0xdc driver/mcp4728.o
                0x000044d4                Mcp4728_Init
 .text.Mcp4728_InitReady
                0x000045b0        0xc driver/mcp4728.o
                0x000045b0                Mcp4728_InitReady
 .text.Mcp4728_WriteDacs
                0x000045bc       0x7c driver/mcp4728.o
                0x000045bc                Mcp4728_WriteDacs
 .text.Izi_OutputSet
                0x00004638       0x44 izilink/izi_output.o
                0x00004638                Izi_OutputSet
 .text.Izi_OutputSetAll
                0x0000467c       0x50 izilink/izi_output.o
                0x0000467c                Izi_OutputSetAll
 .text.Izi_OutputSetBuffer
                0x000046cc       0x58 izilink/izi_output.o
                0x000046cc                Izi_OutputSetBuffer
 .text.Izi_OutputGet
                0x00004724       0x10 izilink/izi_output.o
                0x00004724                Izi_OutputGet
 .text.iziplus_data_Dcbm1Rx
                0x00004734      0x1b4 izilink/slave/iziplus_dataframe.o
                0x00004734                iziplus_data_Dcbm1Rx
 .text.iziplus_dataframe_sendrsp.part.1
                0x000048e8       0xfc izilink/slave/iziplus_dataframe.o
 .text.iziplus_dataframe_init
                0x000049e4       0x68 izilink/slave/iziplus_dataframe.o
                0x000049e4                iziplus_dataframe_init
 .text.iziplus_dataframe_set_rx_callback
                0x00004a4c        0xc izilink/slave/iziplus_dataframe.o
                0x00004a4c                iziplus_dataframe_set_rx_callback
 .text.iziplus_dataframe_set_rxidle_callback
                0x00004a58        0xc izilink/slave/iziplus_dataframe.o
                0x00004a58                iziplus_dataframe_set_rxidle_callback
 .text.iziplus_data_comquality
                0x00004a64        0xc izilink/slave/iziplus_dataframe.o
                0x00004a64                iziplus_data_comquality
 .text.iziplus_data_handle_rx
                0x00004a70      0x134 izilink/slave/iziplus_dataframe.o
                0x00004a70                iziplus_data_handle_rx
 .text.iziplus_data_RxTask
                0x00004ba4       0xe4 izilink/slave/iziplus_dataframe.o
 .text.iziplus_dataframe_response
                0x00004c88       0x38 izilink/slave/iziplus_dataframe.o
                0x00004c88                iziplus_dataframe_response
 .text.iziplus_dataframe_timer100ms
                0x00004cc0       0x48 izilink/slave/iziplus_dataframe.o
                0x00004cc0                iziplus_dataframe_timer100ms
 .text.iziplus_dataframe_loss
                0x00004d08       0x10 izilink/slave/iziplus_dataframe.o
                0x00004d08                iziplus_dataframe_loss
 .text.iziplus_networkframe_error
                0x00004d18       0x24 izilink/slave/iziplus_networkframe.o
                0x00004d18                iziplus_networkframe_error
 .text.iziplus_networkframe_discover
                0x00004d3c       0x30 izilink/slave/iziplus_networkframe.o
                0x00004d3c                iziplus_networkframe_discover
 .text.iziplus_networkframe_assign_network
                0x00004d6c       0x20 izilink/slave/iziplus_networkframe.o
                0x00004d6c                iziplus_networkframe_assign_network
 .text.iziplus_networkframe_assign_channelmodewritedelay
                0x00004d8c       0x28 izilink/slave/iziplus_networkframe.o
                0x00004d8c                iziplus_networkframe_assign_channelmodewritedelay
 .text.iziplus_networkframe_assign_channelmodewrite
                0x00004db4       0x28 izilink/slave/iziplus_networkframe.o
                0x00004db4                iziplus_networkframe_assign_channelmodewrite
 .text.iziplus_networkframe_assign_channelmoderead
                0x00004ddc       0x3c izilink/slave/iziplus_networkframe.o
                0x00004ddc                iziplus_networkframe_assign_channelmoderead
 .text.iziplus_networkframe_assign_configwrite
                0x00004e18       0x20 izilink/slave/iziplus_networkframe.o
                0x00004e18                iziplus_networkframe_assign_configwrite
 .text.iziplus_networkframe_assign_configwritedly
                0x00004e38       0x28 izilink/slave/iziplus_networkframe.o
                0x00004e38                iziplus_networkframe_assign_configwritedly
 .text.iziplus_networkframe_assign_configread
                0x00004e60       0x34 izilink/slave/iziplus_networkframe.o
                0x00004e60                iziplus_networkframe_assign_configread
 .text.iziplus_networkframe_textwrite
                0x00004e94       0x20 izilink/slave/iziplus_networkframe.o
                0x00004e94                iziplus_networkframe_textwrite
 .text.iziplus_networkframe_textwritedly
                0x00004eb4       0x28 izilink/slave/iziplus_networkframe.o
                0x00004eb4                iziplus_networkframe_textwritedly
 .text.iziplus_networkframe_textread
                0x00004edc       0x34 izilink/slave/iziplus_networkframe.o
                0x00004edc                iziplus_networkframe_textread
 .text.iziplus_networkframe_versionread
                0x00004f10       0x80 izilink/slave/iziplus_networkframe.o
                0x00004f10                iziplus_networkframe_versionread
 .text.iziplus_networkframe_operationmodewrite
                0x00004f90       0x30 izilink/slave/iziplus_networkframe.o
                0x00004f90                iziplus_networkframe_operationmodewrite
 .text.iziplus_networkframe_stateread
                0x00004fc0       0x30 izilink/slave/iziplus_networkframe.o
                0x00004fc0                iziplus_networkframe_stateread
 .text.iziplus_networkframe_contactaction
                0x00004ff0       0x2c izilink/slave/iziplus_networkframe.o
                0x00004ff0                iziplus_networkframe_contactaction
 .text.iziplus_networkframe_joinnetworkaction
                0x0000501c       0x30 izilink/slave/iziplus_networkframe.o
                0x0000501c                iziplus_networkframe_joinnetworkaction
 .text.iziplus_networkframe_identifyaction
                0x0000504c       0x24 izilink/slave/iziplus_networkframe.o
                0x0000504c                iziplus_networkframe_identifyaction
 .text.iziplus_networkframe_identifyaction_not
                0x00005070       0x24 izilink/slave/iziplus_networkframe.o
                0x00005070                iziplus_networkframe_identifyaction_not
 .text.iziplus_networkframe_firmwarewrite
                0x00005094       0x20 izilink/slave/iziplus_networkframe.o
                0x00005094                iziplus_networkframe_firmwarewrite
 .text.iziplus_networkframe_firmwarewritedly
                0x000050b4       0x28 izilink/slave/iziplus_networkframe.o
                0x000050b4                iziplus_networkframe_firmwarewritedly
 .text.iziplus_networkframe_firmwareapply
                0x000050dc       0x20 izilink/slave/iziplus_networkframe.o
                0x000050dc                iziplus_networkframe_firmwareapply
 .text.iziplus_networkframe_firmwareapplydly
                0x000050fc       0x28 izilink/slave/iziplus_networkframe.o
                0x000050fc                iziplus_networkframe_firmwareapplydly
 .text.iziplus_networkframe_firmwareallow
                0x00005124       0x2c izilink/slave/iziplus_networkframe.o
                0x00005124                iziplus_networkframe_firmwareallow
 .text.iziplus_networkframe_production_data_write
                0x00005150       0x20 izilink/slave/iziplus_networkframe.o
                0x00005150                iziplus_networkframe_production_data_write
 .text.iziplus_networkframe_production_data_read
                0x00005170       0x38 izilink/slave/iziplus_networkframe.o
                0x00005170                iziplus_networkframe_production_data_read
 .text.bod33_enable_at_poweron
                0x000051a8       0x74 misc/bod.o
                0x000051a8                bod33_enable_at_poweron
 .text.bod33_ensure
                0x0000521c       0xb8 misc/bod.o
                0x0000521c                bod33_ensure
 .text.RtcTime_GetSeconds
                0x000052d4        0xc misc/rtctime.o
                0x000052d4                RtcTime_GetSeconds
 .text.RtcTime_Tick
                0x000052e0       0x10 misc/rtctime.o
                0x000052e0                RtcTime_Tick
 .text.Eeprom_init
                0x000052f0       0x44 misc/smart_eeprom.o
                0x000052f0                Eeprom_init
 .text.Eeprom_Read
                0x00005334       0x30 misc/smart_eeprom.o
                0x00005334                Eeprom_Read
 .text.Eeprom_Write
                0x00005364       0x44 misc/smart_eeprom.o
                0x00005364                Eeprom_Write
 .text.dcbm1_err_cb
                0x000053a8       0x10 powerline/dcbm1_driver.o
 .text.dcbm1_rx_cb
                0x000053b8       0x40 powerline/dcbm1_driver.o
 .text.dcbm1_tx_cb
                0x000053f8       0x98 powerline/dcbm1_driver.o
 .text.dcbm1_set_rx_callback
                0x00005490       0x24 powerline/dcbm1_driver.o
                0x00005490                dcbm1_set_rx_callback
 .text.dcbm1_enable_bus_busy
                0x000054b4        0xc powerline/dcbm1_driver.o
                0x000054b4                dcbm1_enable_bus_busy
 .text.dcbm1_send
                0x000054c0       0xd0 powerline/dcbm1_driver.o
                0x000054c0                dcbm1_send
 .text.dcbm1_writesync
                0x00005590       0x58 powerline/dcbm1_driver.o
                0x00005590                dcbm1_writesync
 .text.dcbm1_writereg
                0x000055e8       0x58 powerline/dcbm1_driver.o
                0x000055e8                dcbm1_writereg
 .text.dcbm1_writeonlyreg
                0x00005640       0x7c powerline/dcbm1_driver.o
                0x00005640                dcbm1_writeonlyreg
 .text.dcbm1_readreg
                0x000056bc       0x70 powerline/dcbm1_driver.o
                0x000056bc                dcbm1_readreg
 .text.dcbm1_writeverifyreg
                0x0000572c       0x54 powerline/dcbm1_driver.o
                0x0000572c                dcbm1_writeverifyreg
 .text.dcbm1_checkfrequency
                0x00005780       0x28 powerline/dcbm1_driver.o
                0x00005780                dcbm1_checkfrequency
 .text.dcbm1_getfrequency_h
                0x000057a8       0x10 powerline/dcbm1_driver.o
                0x000057a8                dcbm1_getfrequency_h
 .text.dcbm1_getfrequency_l
                0x000057b8       0x18 powerline/dcbm1_driver.o
                0x000057b8                dcbm1_getfrequency_l
 .text.dcbm1_checkrate
                0x000057d0       0x28 powerline/dcbm1_driver.o
                0x000057d0                dcbm1_checkrate
 .text.dcbm1_getrate_kHz
                0x000057f8       0x20 powerline/dcbm1_driver.o
                0x000057f8                dcbm1_getrate_kHz
 .text.dcbm1_checkerror
                0x00005818        0x4 powerline/dcbm1_driver.o
                0x00005818                dcbm1_checkerror
 .text.dcbm1_setcom
                0x0000581c       0x44 powerline/dcbm1_driver.o
                0x0000581c                dcbm1_setcom
 .text.dcbm1_init
                0x00005860      0x200 powerline/dcbm1_driver.o
                0x00005860                dcbm1_init
 .text.dcbm1_nap
                0x00005a60       0x6c powerline/dcbm1_driver.o
                0x00005a60                dcbm1_nap
 .text.dcbm1_driver_init
                0x00005acc       0x24 powerline/dcbm1_driver.o
                0x00005acc                dcbm1_driver_init
 .text.Production_Write
                0x00005af0       0x40 production/production.o
                0x00005af0                Production_Write
 .text.Production_WriteStruct
                0x00005b30       0x1c production/production.o
                0x00005b30                Production_WriteStruct
 .text.I2Cx_Init
                0x00005b4c       0xf4 uart/i2cx.o
                0x00005b4c                I2Cx_Init
 .text.I2Cx_Write_Sequence
                0x00005c40       0x40 uart/i2cx.o
                0x00005c40                I2Cx_Write_Sequence
 .text.I2Cx_Check
                0x00005c80       0x20 uart/i2cx.o
                0x00005c80                I2Cx_Check
 .text.Usart1_DmaCb
                0x00005ca0        0xc uart/usart1.o
                0x00005ca0                Usart1_DmaCb
 .text.Usart1_Init
                0x00005cac      0x158 uart/usart1.o
                0x00005cac                Usart1_Init
 .text.SERCOM1_0_Handler
                0x00005e04       0x58 uart/usart1.o
                0x00005e04                SERCOM1_0_Handler
 .text.SERCOM1_1_Handler
                0x00005e5c       0x20 uart/usart1.o
                0x00005e5c                SERCOM1_1_Handler
 .text.SERCOM1_2_Handler
                0x00005e7c       0x20 uart/usart1.o
                0x00005e7c                SERCOM1_2_Handler
 .text.SERCOM1_3_Handler
                0x00005e9c       0x20 uart/usart1.o
                0x00005e9c                SERCOM1_3_Handler
 .text.Usart1_PutBfr
                0x00005ebc       0x10 uart/usart1.o
                0x00005ebc                Usart1_PutBfr
 .text.SERCOM2_0_Handler
                0x00005ecc       0x58 uart/usart2.o
                0x00005ecc                SERCOM2_0_Handler
 .text.SERCOM2_1_Handler
                0x00005f24       0x40 uart/usart2.o
                0x00005f24                SERCOM2_1_Handler
 .text.SERCOM2_2_Handler
                0x00005f64       0x20 uart/usart2.o
                0x00005f64                SERCOM2_2_Handler
 .text.SERCOM2_3_Handler
                0x00005f84       0x20 uart/usart2.o
                0x00005f84                SERCOM2_3_Handler
 .text.AppCalib_Default
                0x00005fa4       0x58 appconfig.o
                0x00005fa4                AppCalib_Default
 .text.AppConfig_Default
                0x00005ffc      0x108 appconfig.o
                0x00005ffc                AppConfig_Default
 .text.AppConfig_Get
                0x00006104       0x1c appconfig.o
                0x00006104                AppConfig_Get
 .text.AppConfig_GetPtr
                0x00006120        0x8 appconfig.o
                0x00006120                AppConfig_GetPtr
 .text.AppConfig_Set
                0x00006128       0x50 appconfig.o
                0x00006128                AppConfig_Set
 .text.AppCalib_Set
                0x00006178       0x38 appconfig.o
                0x00006178                AppCalib_Set
 .text.AppLog_Default
                0x000061b0       0x90 appconfig.o
                0x000061b0                AppLog_Default
 .text.AppConfig_CheckConfig
                0x00006240       0xac appconfig.o
                0x00006240                AppConfig_CheckConfig
 .text.AppLog_Set
                0x000062ec       0x3c appconfig.o
                0x000062ec                AppLog_Set
 .text.AppConfig_Init
                0x00006328      0x178 appconfig.o
                0x00006328                AppConfig_Init
 .text.atmel_start_init
                0x000064a0        0x8 atmel_start.o
                0x000064a0                atmel_start_init
 .text.Dummy_Handler
                0x000064a8        0xc Device_Startup/startup_same51.o
                0x000064a8                EIC_5_Handler
                0x000064a8                SERCOM0_2_Handler
                0x000064a8                EIC_13_Handler
                0x000064a8                DAC_3_Handler
                0x000064a8                TRNG_Handler
                0x000064a8                TC2_Handler
                0x000064a8                PDEC_2_Handler
                0x000064a8                EIC_4_Handler
                0x000064a8                AC_Handler
                0x000064a8                SERCOM3_1_Handler
                0x000064a8                SERCOM3_2_Handler
                0x000064a8                PDEC_0_Handler
                0x000064a8                QSPI_Handler
                0x000064a8                EIC_3_Handler
                0x000064a8                DAC_2_Handler
                0x000064a8                SERCOM0_0_Handler
                0x000064a8                RTC_Handler
                0x000064a8                SERCOM4_0_Handler
                0x000064a8                EIC_10_Handler
                0x000064a8                SERCOM0_3_Handler
                0x000064a8                EIC_11_Handler
                0x000064a8                EIC_9_Handler
                0x000064a8                OSC32KCTRL_Handler
                0x000064a8                SUPC_1_Handler
                0x000064a8                WDT_Handler
                0x000064a8                EIC_8_Handler
                0x000064a8                EIC_15_Handler
                0x000064a8                SERCOM5_0_Handler
                0x000064a8                TC1_Handler
                0x000064a8                OSCCTRL_4_Handler
                0x000064a8                SERCOM4_3_Handler
                0x000064a8                EIC_12_Handler
                0x000064a8                DMAC_4_Handler
                0x000064a8                USB_0_Handler
                0x000064a8                OSCCTRL_0_Handler
                0x000064a8                EIC_0_Handler
                0x000064a8                OSCCTRL_3_Handler
                0x000064a8                SERCOM4_1_Handler
                0x000064a8                TC3_Handler
                0x000064a8                Dummy_Handler
                0x000064a8                SERCOM5_1_Handler
                0x000064a8                DMAC_2_Handler
                0x000064a8                ADC0_0_Handler
                0x000064a8                SERCOM0_1_Handler
                0x000064a8                OSCCTRL_2_Handler
                0x000064a8                ADC1_0_Handler
                0x000064a8                USB_1_Handler
                0x000064a8                PM_Handler
                0x000064a8                DAC_4_Handler
                0x000064a8                TCC3_2_Handler
                0x000064a8                DMAC_1_Handler
                0x000064a8                TCC4_0_Handler
                0x000064a8                USB_3_Handler
                0x000064a8                CAN1_Handler
                0x000064a8                PDEC_1_Handler
                0x000064a8                SERCOM5_3_Handler
                0x000064a8                USB_2_Handler
                0x000064a8                SDHC0_Handler
                0x000064a8                I2S_Handler
                0x000064a8                EIC_2_Handler
                0x000064a8                PCC_Handler
                0x000064a8                DAC_0_Handler
                0x000064a8                EIC_6_Handler
                0x000064a8                OSCCTRL_1_Handler
                0x000064a8                PUKCC_Handler
                0x000064a8                SERCOM3_0_Handler
                0x000064a8                EIC_1_Handler
                0x000064a8                SERCOM4_2_Handler
                0x000064a8                EIC_7_Handler
                0x000064a8                SERCOM5_2_Handler
                0x000064a8                SERCOM3_3_Handler
                0x000064a8                TCC3_1_Handler
                0x000064a8                EIC_14_Handler
                0x000064a8                DAC_1_Handler
                0x000064a8                MCLK_Handler
                0x000064a8                SUPC_0_Handler
                0x000064a8                TC0_Handler
                0x000064a8                DMAC_3_Handler
                0x000064a8                TC5_Handler
                0x000064a8                AES_Handler
                0x000064a8                ICM_Handler
 .text.Dummy_Handler2
                0x000064b4        0xc Device_Startup/startup_same51.o
                0x000064b4                TCC1_3_Handler
                0x000064b4                TCC2_3_Handler
                0x000064b4                TCC2_1_Handler
                0x000064b4                TCC0_5_Handler
                0x000064b4                TCC0_6_Handler
                0x000064b4                TCC1_4_Handler
                0x000064b4                Dummy_Handler2
                0x000064b4                TCC2_2_Handler
                0x000064b4                TCC1_1_Handler
                0x000064b4                TCC1_2_Handler
                0x000064b4                TCC0_2_Handler
                0x000064b4                TCC0_1_Handler
                0x000064b4                TCC0_3_Handler
                0x000064b4                DebugMonitor_Handler
                0x000064b4                TCC0_4_Handler
 .text.Dummy_Handler3
                0x000064c0        0xc Device_Startup/startup_same51.o
                0x000064c0                EVSYS_3_Handler
                0x000064c0                EVSYS_1_Handler
                0x000064c0                PAC_Handler
                0x000064c0                Dummy_Handler3
                0x000064c0                EVSYS_4_Handler
                0x000064c0                EVSYS_2_Handler
                0x000064c0                FREQM_Handler
                0x000064c0                EVSYS_0_Handler
 .text.NonMaskableInt_Handler2
                0x000064cc        0xc Device_Startup/startup_same51.o
                0x000064cc                NonMaskableInt_Handler
                0x000064cc                NonMaskableInt_Handler2
 .text.HardFault_Handler2
                0x000064d8        0x4 Device_Startup/startup_same51.o
                0x000064d8                HardFault_Handler2
                0x000064d8                HardFault_Handler
 .text.MemManagement_Handler2
                0x000064dc        0xc Device_Startup/startup_same51.o
                0x000064dc                MemManagement_Handler2
                0x000064dc                MemManagement_Handler
 .text.BusFault_Handler2
                0x000064e8        0xc Device_Startup/startup_same51.o
                0x000064e8                BusFault_Handler
                0x000064e8                BusFault_Handler2
 .text.UsageFault_Handler2
                0x000064f4        0xc Device_Startup/startup_same51.o
                0x000064f4                UsageFault_Handler2
                0x000064f4                UsageFault_Handler
 .text.Reset_Handler
                0x00006500       0x94 Device_Startup/startup_same51.o
                0x00006500                Reset_Handler
 .text._gpio_set_pin_function
                0x00006594       0x80 driver/stepdown.o
 .text.StepDown_ChannelEnable_Ch1
                0x00006614       0xb0 driver/stepdown.o
                0x00006614                StepDown_ChannelEnable_Ch1
 .text.StepDown_ChannelEnable_Ch4
                0x000066c4       0xac driver/stepdown.o
                0x000066c4                StepDown_ChannelEnable_Ch4
 .text.StepDown_ChannelEnable_Ch2
                0x00006770       0xac driver/stepdown.o
                0x00006770                StepDown_ChannelEnable_Ch2
 .text.StepDown_ChannelEnable_Ch3
                0x0000681c       0xac driver/stepdown.o
                0x0000681c                StepDown_ChannelEnable_Ch3
 .text.StepDown_InitPwmChannel1
                0x000068c8       0x78 driver/stepdown.o
                0x000068c8                StepDown_InitPwmChannel1
 .text.StepDown_InitPwmChannel2
                0x00006940       0x78 driver/stepdown.o
                0x00006940                StepDown_InitPwmChannel2
 .text.StepDown_InitPwmChannel3
                0x000069b8       0x74 driver/stepdown.o
                0x000069b8                StepDown_InitPwmChannel3
 .text.StepDown_InitPwmChannel4
                0x00006a2c       0x78 driver/stepdown.o
                0x00006a2c                StepDown_InitPwmChannel4
 .text.StepDown_InitChannel1
                0x00006aa4      0x10c driver/stepdown.o
                0x00006aa4                StepDown_InitChannel1
 .text.StepDown_InitChannel2
                0x00006bb0       0xf0 driver/stepdown.o
                0x00006bb0                StepDown_InitChannel2
 .text.StepDown_InitChannel3
                0x00006ca0       0xf4 driver/stepdown.o
                0x00006ca0                StepDown_InitChannel3
 .text.StepDown_InitChannel4
                0x00006d94       0xf4 driver/stepdown.o
                0x00006d94                StepDown_InitChannel4
 .text.Filter_LowPass
                0x00006e88       0x2c driver/stepdown.o
                0x00006e88                Filter_LowPass
 .text.StepDown_IsClosed
                0x00006eb4       0x10 driver/stepdown.o
                0x00006eb4                StepDown_IsClosed
 .text.StepDown_Close
                0x00006ec4       0x4c driver/stepdown.o
                0x00006ec4                StepDown_Close
 .text.StepDown_CheckLimits.part.6
                0x00006f10      0x26c driver/stepdown.o
 .text.TCC3_0_Handler
                0x0000717c       0x88 driver/stepdown.o
                0x0000717c                TCC3_0_Handler
 .text.TCC1_0_Handler
                0x00007204       0x88 driver/stepdown.o
                0x00007204                TCC1_0_Handler
 .text.TCC2_0_Handler
                0x0000728c       0x88 driver/stepdown.o
                0x0000728c                TCC2_0_Handler
 .text.TCC0_0_Handler
                0x00007314       0x88 driver/stepdown.o
                0x00007314                TCC0_0_Handler
 .text.Stepdown_SetCurrentCalc
                0x0000739c      0x2b0 driver/stepdown.o
                0x0000739c                Stepdown_SetCurrentCalc
 .text.Stepdown_SetCurrentCh1
                0x0000764c       0x34 driver/stepdown.o
                0x0000764c                Stepdown_SetCurrentCh1
 .text.Stepdown_SetCurrentCh2
                0x00007680       0x34 driver/stepdown.o
                0x00007680                Stepdown_SetCurrentCh2
 .text.Stepdown_SetCurrentCh3
                0x000076b4       0x34 driver/stepdown.o
                0x000076b4                Stepdown_SetCurrentCh3
 .text.Stepdown_SetCurrentCh4
                0x000076e8       0x34 driver/stepdown.o
                0x000076e8                Stepdown_SetCurrentCh4
 .text.Stepdown_SetCurrent
                0x0000771c       0x88 driver/stepdown.o
                0x0000771c                Stepdown_SetCurrent
 .text.StepDown_Init
                0x000077a4       0x8c driver/stepdown.o
                0x000077a4                StepDown_Init
 .text.StepDown_Module_Update
                0x00007830       0x30 driver/stepdown.o
                0x00007830                StepDown_Module_Update
 .text.StepDown_GetPower
                0x00007860        0xc driver/stepdown.o
                0x00007860                StepDown_GetPower
 .text.StepDown_SleepCheck
                0x0000786c       0x1c driver/stepdown.o
                0x0000786c                StepDown_SleepCheck
 .text.StepDown_CheckCalibration
                0x00007888       0xb8 driver/stepdown.o
                0x00007888                StepDown_CheckCalibration
 .text.StepDown_Logging
                0x00007940       0x74 driver/stepdown.o
                0x00007940                StepDown_Logging
 .text.StepDown_Timer
                0x000079b4      0x108 driver/stepdown.o
                0x000079b4                StepDown_Timer
 .text.StepDown_Start
                0x00007abc      0x200 driver/stepdown.o
                0x00007abc                StepDown_Start
 *fill*         0x00007cbc        0x4 
 .text.StepDown_SetOutputs
                0x00007cc0      0x590 driver/stepdown.o
                0x00007cc0                StepDown_SetOutputs
 .text.StepDown_Task
                0x00008250      0x658 driver/stepdown.o
 .text.WD_Init  0x000088a8       0x48 driver_init.o
                0x000088a8                WD_Init
 .text.WD_Refresh
                0x000088f0       0x2c driver_init.o
                0x000088f0                WD_Refresh
 .text.RAND_0_init
                0x0000891c       0x34 driver_init.o
                0x0000891c                RAND_0_init
 .text.get_hw_id
                0x00008950       0xc8 driver_init.o
                0x00008950                get_hw_id
 .text.get_device_id
                0x00008a18       0x8c driver_init.o
                0x00008a18                get_device_id
 .text.system_init
                0x00008aa4      0x2f0 driver_init.o
                0x00008aa4                system_init
 .text.atomic_enter_critical
                0x00008d94       0x10 hal/src/hal_atomic.o
                0x00008d94                atomic_enter_critical
 .text.atomic_leave_critical
                0x00008da4        0xc hal/src/hal_atomic.o
                0x00008da4                atomic_leave_critical
 .text.flash_ready
                0x00008db0        0x8 hal/src/hal_flash.o
 .text.flash_error
                0x00008db8        0x8 hal/src/hal_flash.o
 .text.flash_init
                0x00008dc0       0x20 hal/src/hal_flash.o
                0x00008dc0                flash_init
 .text.flash_write_page_erase
                0x00008de0       0xb0 hal/src/hal_flash.o
                0x00008de0                flash_write_page_erase
 .text.flash_check_erase
                0x00008e90       0x14 hal/src/hal_flash.o
                0x00008e90                flash_check_erase
 .text.i2c_m_sync_write
                0x00008ea4       0x30 hal/src/hal_i2c_m_sync.o
 .text.i2c_m_sync_read
                0x00008ed4       0x30 hal/src/hal_i2c_m_sync.o
 .text.i2c_m_sync_init
                0x00008f04       0x20 hal/src/hal_i2c_m_sync.o
                0x00008f04                i2c_m_sync_init
 .text.i2c_m_sync_deinit
                0x00008f24       0x14 hal/src/hal_i2c_m_sync.o
                0x00008f24                i2c_m_sync_deinit
 .text.i2c_m_sync_enable
                0x00008f38        0x8 hal/src/hal_i2c_m_sync.o
                0x00008f38                i2c_m_sync_enable
 .text.i2c_m_sync_disable
                0x00008f40        0x8 hal/src/hal_i2c_m_sync.o
                0x00008f40                i2c_m_sync_disable
 .text.i2c_m_sync_set_slaveaddr
                0x00008f48       0x10 hal/src/hal_i2c_m_sync.o
                0x00008f48                i2c_m_sync_set_slaveaddr
 .text.i2c_m_sync_cmd_writeseq
                0x00008f58       0x24 hal/src/hal_i2c_m_sync.o
                0x00008f58                i2c_m_sync_cmd_writeseq
 .text.i2c_m_sync_get_io_descriptor
                0x00008f7c        0x8 hal/src/hal_i2c_m_sync.o
                0x00008f7c                i2c_m_sync_get_io_descriptor
 .text._rand_sync_read_data
                0x00008f84       0x48 hal/src/hal_rand_sync.o
 .text.rand_sync_init
                0x00008fcc        0x8 hal/src/hal_rand_sync.o
                0x00008fcc                rand_sync_init
 .text.rand_sync_enable
                0x00008fd4        0x8 hal/src/hal_rand_sync.o
                0x00008fd4                rand_sync_enable
 .text.rand_sync_read32
                0x00008fdc        0xc hal/src/hal_rand_sync.o
                0x00008fdc                rand_sync_read32
 .text._sbrk    0x00008fe8       0x1c hal/utils/src/utils_syscalls.o
                0x00008fe8                _sbrk
 .text.CAN0_Handler
                0x00009004       0x6c hpl/can/hpl_can.o
                0x00009004                CAN0_Handler
 .text._init_chip
                0x00009070       0x44 hpl/core/hpl_init.o
                0x00009070                _init_chip
 .text._gclk_init_generators_by_fref
                0x000090b4       0x50 hpl/gclk/hpl_gclk.o
                0x000090b4                _gclk_init_generators_by_fref
 .text._mclk_init
                0x00009104        0xc hpl/mclk/hpl_mclk.o
                0x00009104                _mclk_init
 .text._flash_program
                0x00009110       0x40 hpl/nvmctrl/hpl_nvmctrl.o
 .text._user_row_write_exec
                0x00009150       0x88 hpl/nvmctrl/hpl_nvmctrl.o
 .text._flash_init
                0x000091d8       0x54 hpl/nvmctrl/hpl_nvmctrl.o
                0x000091d8                _flash_init
 .text._flash_get_page_size
                0x0000922c        0x8 hpl/nvmctrl/hpl_nvmctrl.o
                0x0000922c                _flash_get_page_size
 .text._flash_get_total_pages
                0x00009234        0x8 hpl/nvmctrl/hpl_nvmctrl.o
                0x00009234                _flash_get_total_pages
 .text._flash_erase_block_addr
                0x0000923c       0x1c hpl/nvmctrl/hpl_nvmctrl.o
                0x0000923c                _flash_erase_block_addr
 .text._flash_write_page_addr
                0x00009258       0x14 hpl/nvmctrl/hpl_nvmctrl.o
                0x00009258                _flash_write_page_addr
 .text._flash_is_locked
                0x0000926c       0x18 hpl/nvmctrl/hpl_nvmctrl.o
                0x0000926c                _flash_is_locked
 .text.NVMCTRL_1_Handler
                0x00009284       0x30 hpl/nvmctrl/hpl_nvmctrl.o
                0x00009284                NVMCTRL_1_Handler
 .text.NVMCTRL_0_Handler
                0x000092b4        0x8 hpl/nvmctrl/hpl_nvmctrl.o
                0x000092b4                NVMCTRL_0_Handler
 .text._user_area_read
                0x000092bc       0x68 hpl/nvmctrl/hpl_nvmctrl.o
                0x000092bc                _user_area_read
 .text._user_area_write
                0x00009324       0x7c hpl/nvmctrl/hpl_nvmctrl.o
                0x00009324                _user_area_write
 .text._osc32kctrl_init_sources
                0x000093a0       0x14 hpl/osc32kctrl/hpl_osc32kctrl.o
                0x000093a0                _osc32kctrl_init_sources
 .text._oscctrl_init_sources
                0x000093b4       0x18 hpl/oscctrl/hpl_oscctrl.o
                0x000093b4                _oscctrl_init_sources
 .text._oscctrl_init_referenced_generators
                0x000093cc       0x6c hpl/oscctrl/hpl_oscctrl.o
                0x000093cc                _oscctrl_init_referenced_generators
 .text.RAMECC_Handler
                0x00009438       0x3c hpl/ramecc/hpl_ramecc.o
                0x00009438                RAMECC_Handler
 .text._get_i2cm_index
                0x00009474       0x48 hpl/sercom/hpl_sercom.o
 .text._sercom_i2c_sync_wait_bus
                0x000094bc       0x60 hpl/sercom/hpl_sercom.o
 .text._i2c_m_sync_init_impl
                0x0000951c       0xb4 hpl/sercom/hpl_sercom.o
 .text._i2c_m_sync_init
                0x000095d0        0xc hpl/sercom/hpl_sercom.o
                0x000095d0                _i2c_m_sync_init
 .text._i2c_m_sync_deinit
                0x000095dc       0x24 hpl/sercom/hpl_sercom.o
                0x000095dc                _i2c_m_sync_deinit
 .text._i2c_m_sync_enable
                0x00009600       0x48 hpl/sercom/hpl_sercom.o
                0x00009600                _i2c_m_sync_enable
 .text._i2c_m_sync_disable
                0x00009648       0x14 hpl/sercom/hpl_sercom.o
                0x00009648                _i2c_m_sync_disable
 .text._i2c_m_sync_transfer
                0x0000965c      0x4d0 hpl/sercom/hpl_sercom.o
                0x0000965c                _i2c_m_sync_transfer
 .text._rand_sync_init
                0x00009b2c       0x30 hpl/trng/hpl_trng.o
                0x00009b2c                _rand_sync_init
 .text._rand_sync_enable
                0x00009b5c       0x10 hpl/trng/hpl_trng.o
                0x00009b5c                _rand_sync_enable
 .text._rand_sync_read_one
                0x00009b6c        0xc hpl/trng/hpl_trng.o
                0x00009b6c                _rand_sync_read_one
 .text._wdt_init
                0x00009b78       0x44 hpl/wdt/hpl_wdt.o
                0x00009b78                _wdt_init
 .text._wdt_set_timeout_period
                0x00009bbc       0xc8 hpl/wdt/hpl_wdt.o
                0x00009bbc                _wdt_set_timeout_period
 .text._wdt_enable
                0x00009c84       0x14 hpl/wdt/hpl_wdt.o
                0x00009c84                _wdt_enable
 .text.IziPlus_Timer100ms
                0x00009c98       0x70 izilink/iziplus_driver.o
                0x00009c98                IziPlus_Timer100ms
 .text.IziPlus_Init
                0x00009d08       0xb4 izilink/iziplus_driver.o
                0x00009d08                IziPlus_Init
 .text.IziPlus_LightDataOk
                0x00009dbc       0x1c izilink/iziplus_driver.o
                0x00009dbc                IziPlus_LightDataOk
 .text.IziPlus_ContactReport
                0x00009dd8       0x50 izilink/iziplus_driver.o
                0x00009dd8                IziPlus_ContactReport
 .text.IziPlus_HandleRx
                0x00009e28      0xf2c izilink/iziplus_driver.o
                0x00009e28                IziPlus_HandleRx
 .text.IziPlus_HandleRxIdle
                0x0000ad54       0x90 izilink/iziplus_driver.o
                0x0000ad54                IziPlus_HandleRxIdle
 .text.IziPlus_IdentifyLocal
                0x0000ade4       0x10 izilink/iziplus_driver.o
                0x0000ade4                IziPlus_IdentifyLocal
 .text.IziPlus_Powerup
                0x0000adf4       0xf0 izilink/iziplus_driver.o
                0x0000adf4                IziPlus_Powerup
 .text.IziPlus_Task
                0x0000aee4      0x314 izilink/iziplus_driver.o
 .text.IziPlus_Module_SetConfigValue.part.3
                0x0000b1f8       0xac izilink/iziplus_module_def.o
 .text.IziPlus_Module_Overrule_Ch1234.part.5
                0x0000b2a4       0x38 izilink/iziplus_module_def.o
 .text.IziPlus_Module_InitReady
                0x0000b2dc        0xc izilink/iziplus_module_def.o
                0x0000b2dc                IziPlus_Module_InitReady
 .text.IziPlus_Module_Fixture_CC4
                0x0000b2e8       0x68 izilink/iziplus_module_def.o
                0x0000b2e8                IziPlus_Module_Fixture_CC4
 .text.IziPlus_Module_SetFixtureParameters
                0x0000b350       0x64 izilink/iziplus_module_def.o
                0x0000b350                IziPlus_Module_SetFixtureParameters
 .text.IziPlus_Module_Update
                0x0000b3b4       0xc8 izilink/iziplus_module_def.o
                0x0000b3b4                IziPlus_Module_Update
 .text.IziPlus_Module_Init
                0x0000b47c       0xac izilink/iziplus_module_def.o
                0x0000b47c                IziPlus_Module_Init
 .text.IziPlus_Module_TemperatureCheck
                0x0000b528       0x84 izilink/iziplus_module_def.o
                0x0000b528                IziPlus_Module_TemperatureCheck
 .text.IziPlus_Module_TempLimit
                0x0000b5ac       0x34 izilink/iziplus_module_def.o
                0x0000b5ac                IziPlus_Module_TempLimit
 .text.IziPlus_Module_PowerCheck
                0x0000b5e0       0xa4 izilink/iziplus_module_def.o
                0x0000b5e0                IziPlus_Module_PowerCheck
 .text.IziPlus_Module_Timer100ms
                0x0000b684      0x4cc izilink/iziplus_module_def.o
                0x0000b684                IziPlus_Module_Timer100ms
 .text.IziPlus_Module_IsSafetyOff_Ch1
                0x0000bb50       0x14 izilink/iziplus_module_def.o
                0x0000bb50                IziPlus_Module_IsSafetyOff_Ch1
 .text.IziPlus_Module_IsSafetyOff_Ch2
                0x0000bb64       0x14 izilink/iziplus_module_def.o
                0x0000bb64                IziPlus_Module_IsSafetyOff_Ch2
 .text.IziPlus_Module_IsSafetyOff_Ch3
                0x0000bb78       0x14 izilink/iziplus_module_def.o
                0x0000bb78                IziPlus_Module_IsSafetyOff_Ch3
 .text.IziPlus_Module_IsSafetyOff_Ch4
                0x0000bb8c       0x14 izilink/iziplus_module_def.o
                0x0000bb8c                IziPlus_Module_IsSafetyOff_Ch4
 .text.IziPlus_Module_IsSafetyOff_Chx
                0x0000bba0       0x20 izilink/iziplus_module_def.o
                0x0000bba0                IziPlus_Module_IsSafetyOff_Chx
 .text.IziPlus_Module_SafetyOff_Chx
                0x0000bbc0       0x20 izilink/iziplus_module_def.o
                0x0000bbc0                IziPlus_Module_SafetyOff_Chx
 .text.IziPlus_Module_IdentifySync
                0x0000bbe0        0xc izilink/iziplus_module_def.o
                0x0000bbe0                IziPlus_Module_IdentifySync
 .text.IziPlus_Module_IsIdentifying
                0x0000bbec       0x10 izilink/iziplus_module_def.o
                0x0000bbec                IziPlus_Module_IsIdentifying
 .text.IziPlus_Module_GetCpuState
                0x0000bbfc        0xc izilink/iziplus_module_def.o
                0x0000bbfc                IziPlus_Module_GetCpuState
 .text.IziPlus_Module_MonitorValue
                0x0000bc08      0x3a4 izilink/iziplus_module_def.o
                0x0000bc08                IziPlus_Module_MonitorValue
 .text.IziPlus_Module_GetMonitor
                0x0000bfac       0x68 izilink/iziplus_module_def.o
                0x0000bfac                IziPlus_Module_GetMonitor
 .text.IziPlus_Module_SetConfigByIndex
                0x0000c014       0x84 izilink/iziplus_module_def.o
                0x0000c014                IziPlus_Module_SetConfigByIndex
 .text.IziPlus_Module_ConfigValue
                0x0000c098       0xb0 izilink/iziplus_module_def.o
                0x0000c098                IziPlus_Module_ConfigValue
 .text.IziPlus_Module_GetConfig
                0x0000c148       0x38 izilink/iziplus_module_def.o
                0x0000c148                IziPlus_Module_GetConfig
 .text.IziPlus_Module_SetIdentify
                0x0000c180       0x80 izilink/iziplus_module_def.o
                0x0000c180                IziPlus_Module_SetIdentify
 .text.IziPlus_Module_GetDim
                0x0000c200       0xe8 izilink/iziplus_module_def.o
                0x0000c200                IziPlus_Module_GetDim
 .text.IziPlus_Module_GetChannelAmount
                0x0000c2e8        0xc izilink/iziplus_module_def.o
                0x0000c2e8                IziPlus_Module_GetChannelAmount
 .text.IziPlus_Module_GetChannelAmountTemp
                0x0000c2f4       0x30 izilink/iziplus_module_def.o
                0x0000c2f4                IziPlus_Module_GetChannelAmountTemp
 .text.IziPlus_Module_GetHwRevision
                0x0000c324        0x8 izilink/iziplus_module_def.o
                0x0000c324                IziPlus_Module_GetHwRevision
 .text.IziPlus_Module_GetVariant
                0x0000c32c        0x8 izilink/iziplus_module_def.o
                0x0000c32c                IziPlus_Module_GetVariant
 .text.IziPlus_Module_GetAppVersion
                0x0000c334       0x1c izilink/iziplus_module_def.o
                0x0000c334                IziPlus_Module_GetAppVersion
 .text.IziPlus_Module_GetBootVersion
                0x0000c350       0x1c izilink/iziplus_module_def.o
                0x0000c350                IziPlus_Module_GetBootVersion
 .text.IziPlus_Module_GetImageVersion
                0x0000c36c       0x1c izilink/iziplus_module_def.o
                0x0000c36c                IziPlus_Module_GetImageVersion
 .text.IziPlus_Module_GetTypedefVersion
                0x0000c388       0x14 izilink/iziplus_module_def.o
                0x0000c388                IziPlus_Module_GetTypedefVersion
 .text.IziPlus_Module_GetLedtableVersion
                0x0000c39c        0x8 izilink/iziplus_module_def.o
                0x0000c39c                IziPlus_Module_GetLedtableVersion
 .text.IziPlus_Module_GetMemoryVersion
                0x0000c3a4        0x4 izilink/iziplus_module_def.o
                0x0000c3a4                IziPlus_Module_GetMemoryVersion
 .text.IziPlus_Module_IsOverruled
                0x0000c3a8       0x14 izilink/iziplus_module_def.o
                0x0000c3a8                IziPlus_Module_IsOverruled
 .text.IziPlus_Module_Test
                0x0000c3bc       0x50 izilink/iziplus_module_def.o
                0x0000c3bc                IziPlus_Module_Test
 .text.IziPlus_Module_Overrule_Chx
                0x0000c40c       0x34 izilink/iziplus_module_def.o
                0x0000c40c                IziPlus_Module_Overrule_Chx
 .text.IziPlus_Module_Overrule_Ch1234
                0x0000c440       0x2c izilink/iziplus_module_def.o
                0x0000c440                IziPlus_Module_Overrule_Ch1234
 .text.IziPlus_NoComCheck
                0x0000c46c       0xe0 izilink/iziplus_module_def.o
                0x0000c46c                IziPlus_NoComCheck
 .text.IziInput_Init
                0x0000c54c        0x4 izilink/izi_input.o
                0x0000c54c                IziInput_Init
 .text.IziInput_10ms
                0x0000c550      0x334 izilink/izi_input.o
                0x0000c550                IziInput_10ms
 .text.IziInput_GetExtInput
                0x0000c884        0xc izilink/izi_input.o
                0x0000c884                IziInput_GetExtInput
 .text.__NVIC_SystemReset
                0x0000c890       0x24 main.o
 .text.vApplicationStackOverflowHook
                0x0000c8b4        0xc main.o
                0x0000c8b4                vApplicationStackOverflowHook
 .text.vApplicationIdleHook
                0x0000c8c0       0x60 main.o
                0x0000c8c0                vApplicationIdleHook
 .text.print_resetcause
                0x0000c920       0xd4 main.o
                0x0000c920                print_resetcause
 .text.ReportStackSize
                0x0000c9f4       0x30 main.o
                0x0000c9f4                ReportStackSize
 .text.startup.main
                0x0000ca24       0xd8 main.o
                0x0000ca24                main
 .text.Analog_125ms
                0x0000cafc      0x11c misc/analog.o
                0x0000cafc                Analog_125ms
 .text.Analog_Apply_Gain_Correction.part.0
                0x0000cc18       0x30 misc/analog.o
 .text.Analog_Apply_Gain_Correction2.part.1
                0x0000cc48       0x30 misc/analog.o
 .text.Analog_Init
                0x0000cc78      0x438 misc/analog.o
                0x0000cc78                Analog_Init
 .text.Analog_Ready
                0x0000d0b0       0x10 misc/analog.o
                0x0000d0b0                Analog_Ready
 .text.ADC1_1_Handler
                0x0000d0c0      0x12c misc/analog.o
                0x0000d0c0                ADC1_1_Handler
 .text.ADC0_1_Handler
                0x0000d1ec      0x12c misc/analog.o
                0x0000d1ec                ADC0_1_Handler
 .text.Analog_GetSupplyVoltage
                0x0000d318       0x28 misc/analog.o
                0x0000d318                Analog_GetSupplyVoltage
 .text.Analog_GetSupplyVoltageRaw
                0x0000d340        0xc misc/analog.o
                0x0000d340                Analog_GetSupplyVoltageRaw
 .text.Adc_GetTemperature
                0x0000d34c       0x24 misc/analog.o
                0x0000d34c                Adc_GetTemperature
 .text.Adc_GetTemperatureRaw
                0x0000d370       0x1c misc/analog.o
                0x0000d370                Adc_GetTemperatureRaw
 .text.Adc_GetTemperatureMax
                0x0000d38c        0xc misc/analog.o
                0x0000d38c                Adc_GetTemperatureMax
 .text.Adc_GetNtc
                0x0000d398       0x18 misc/analog.o
                0x0000d398                Adc_GetNtc
 .text.Adc_GetNtcMax
                0x0000d3b0        0xc misc/analog.o
                0x0000d3b0                Adc_GetNtcMax
 .text.Adc_GetNtcRaw
                0x0000d3bc        0xc misc/analog.o
                0x0000d3bc                Adc_GetNtcRaw
 .text.Adc_GetNtc2
                0x0000d3c8       0x18 misc/analog.o
                0x0000d3c8                Adc_GetNtc2
 .text.Adc_GetNtc2Max
                0x0000d3e0        0xc misc/analog.o
                0x0000d3e0                Adc_GetNtc2Max
 .text.Adc_GetVled1Raw
                0x0000d3ec        0xc misc/analog.o
                0x0000d3ec                Adc_GetVled1Raw
 .text.Adc_GetVled1
                0x0000d3f8       0x28 misc/analog.o
                0x0000d3f8                Adc_GetVled1
 .text.Adc_GetVled1LastRaw
                0x0000d420        0xc misc/analog.o
                0x0000d420                Adc_GetVled1LastRaw
 .text.Adc_GetVled2Raw
                0x0000d42c        0xc misc/analog.o
                0x0000d42c                Adc_GetVled2Raw
 .text.Adc_GetVled2
                0x0000d438       0x28 misc/analog.o
                0x0000d438                Adc_GetVled2
 .text.Adc_GetVled2LastRaw
                0x0000d460        0xc misc/analog.o
                0x0000d460                Adc_GetVled2LastRaw
 .text.Adc_GetVled3Raw
                0x0000d46c        0xc misc/analog.o
                0x0000d46c                Adc_GetVled3Raw
 .text.Adc_GetVled3
                0x0000d478       0x28 misc/analog.o
                0x0000d478                Adc_GetVled3
 .text.Adc_GetVled3LastRaw
                0x0000d4a0        0xc misc/analog.o
                0x0000d4a0                Adc_GetVled3LastRaw
 .text.Adc_GetVled4Raw
                0x0000d4ac        0xc misc/analog.o
                0x0000d4ac                Adc_GetVled4Raw
 .text.Adc_GetVled4
                0x0000d4b8       0x28 misc/analog.o
                0x0000d4b8                Adc_GetVled4
 .text.Adc_GetVled4LastRaw
                0x0000d4e0        0xc misc/analog.o
                0x0000d4e0                Adc_GetVled4LastRaw
 .text.State_SetError.part.0
                0x0000d4ec       0x1c misc/state.o
 .text.State_SetWarning.part.2
                0x0000d508       0x20 misc/state.o
 .text.State_SetError
                0x0000d528       0x10 misc/state.o
                0x0000d528                State_SetError
 .text.State_ClearError
                0x0000d538       0x1c misc/state.o
                0x0000d538                State_ClearError
 .text.State_GetHighestError
                0x0000d554       0x28 misc/state.o
                0x0000d554                State_GetHighestError
 .text.State_SetWarning
                0x0000d57c       0x10 misc/state.o
                0x0000d57c                State_SetWarning
 .text.State_ClearWarning
                0x0000d58c       0x2c misc/state.o
                0x0000d58c                State_ClearWarning
 .text.State_IsWarningActive
                0x0000d5b8       0x18 misc/state.o
                0x0000d5b8                State_IsWarningActive
 .text.State_GetHighestWarning
                0x0000d5d0       0x30 misc/state.o
                0x0000d5d0                State_GetHighestWarning
 .text.State_SetStartInfo
                0x0000d600       0x18 misc/state.o
                0x0000d600                State_SetStartInfo
 .text.State_ClearStartInfo
                0x0000d618       0x2c misc/state.o
                0x0000d618                State_ClearStartInfo
 .text.State_SetAttentionInfo
                0x0000d644       0x28 misc/state.o
                0x0000d644                State_SetAttentionInfo
 .text.State_ClearAttentionInfo
                0x0000d66c        0xc misc/state.o
                0x0000d66c                State_ClearAttentionInfo
 .text.State_SetLed
                0x0000d678      0x10c misc/state.o
                0x0000d678                State_SetLed
 .text.State_Blink
                0x0000d784       0xb8 misc/state.o
                0x0000d784                State_Blink
 .text.State_Timer200ms
                0x0000d83c      0x28c misc/state.o
                0x0000d83c                State_Timer200ms
 .text.TC4_Handler
                0x0000dac8      0x12c misc/state.o
                0x0000dac8                TC4_Handler
 .text.State_TimerSync
                0x0000dbf4       0x88 misc/state.o
                0x0000dbf4                State_TimerSync
 .text.State_Init
                0x0000dc7c       0xcc misc/state.o
                0x0000dc7c                State_Init
 .text.State_ComToggle
                0x0000dd48       0x64 misc/state.o
                0x0000dd48                State_ComToggle
 .text.State_ComToggleNoData
                0x0000ddac       0x70 misc/state.o
                0x0000ddac                State_ComToggleNoData
 .text.State_ResetToggleData_Show
                0x0000de1c       0x10 misc/state.o
                0x0000de1c                State_ResetToggleData_Show
 .text.TCC4_1_Handler
                0x0000de2c       0x34 misc/timing.o
                0x0000de2c                TCC4_1_Handler
 .text.TCC4_2_Handler
                0x0000de60       0x34 misc/timing.o
                0x0000de60                TCC4_2_Handler
 .text.timing_init
                0x0000de94       0x9c misc/timing.o
                0x0000de94                timing_init
 .text.vListInitialise
                0x0000df30       0x18 thirdparty/RTOS/freertos/FreeRTOSV10.0.0/Source/list.o
                0x0000df30                vListInitialise
 .text.vListInitialiseItem
                0x0000df48        0x8 thirdparty/RTOS/freertos/FreeRTOSV10.0.0/Source/list.o
                0x0000df48                vListInitialiseItem
 .text.vListInsertEnd
                0x0000df50       0x20 thirdparty/RTOS/freertos/FreeRTOSV10.0.0/Source/list.o
                0x0000df50                vListInsertEnd
 .text.vListInsert
                0x0000df70       0x34 thirdparty/RTOS/freertos/FreeRTOSV10.0.0/Source/list.o
                0x0000df70                vListInsert
 .text.uxListRemove
                0x0000dfa4       0x28 thirdparty/RTOS/freertos/FreeRTOSV10.0.0/Source/list.o
                0x0000dfa4                uxListRemove
 .text.prvTaskExitError
                0x0000dfcc       0x40 thirdparty/RTOS/freertos/FreeRTOSV10.0.0/Source/portable/GCC/ARM_CM4F/port.o
 .text.unlikely.prvPortStartFirstTask
                0x0000e00c       0x28 thirdparty/RTOS/freertos/FreeRTOSV10.0.0/Source/portable/GCC/ARM_CM4F/port.o
 .text.unlikely.vPortEnableVFP
                0x0000e034       0x14 thirdparty/RTOS/freertos/FreeRTOSV10.0.0/Source/portable/GCC/ARM_CM4F/port.o
 .text.pxPortInitialiseStack
                0x0000e048       0x2c thirdparty/RTOS/freertos/FreeRTOSV10.0.0/Source/portable/GCC/ARM_CM4F/port.o
                0x0000e048                pxPortInitialiseStack
 *fill*         0x0000e074        0xc 
 .text.SVCall_Handler
                0x0000e080       0x24 thirdparty/RTOS/freertos/FreeRTOSV10.0.0/Source/portable/GCC/ARM_CM4F/port.o
                0x0000e080                SVCall_Handler
 .text.vPortEnterCritical
                0x0000e0a4       0x44 thirdparty/RTOS/freertos/FreeRTOSV10.0.0/Source/portable/GCC/ARM_CM4F/port.o
                0x0000e0a4                vPortEnterCritical
 .text.vPortExitCritical
                0x0000e0e8       0x28 thirdparty/RTOS/freertos/FreeRTOSV10.0.0/Source/portable/GCC/ARM_CM4F/port.o
                0x0000e0e8                vPortExitCritical
 .text.PendSV_Handler
                0x0000e110       0x64 thirdparty/RTOS/freertos/FreeRTOSV10.0.0/Source/portable/GCC/ARM_CM4F/port.o
                0x0000e110                PendSV_Handler
 .text.SysTick_Handler
                0x0000e174       0x30 thirdparty/RTOS/freertos/FreeRTOSV10.0.0/Source/portable/GCC/ARM_CM4F/port.o
                0x0000e174                SysTick_Handler
 .text.vPortSetupTimerInterrupt
                0x0000e1a4       0x2c thirdparty/RTOS/freertos/FreeRTOSV10.0.0/Source/portable/GCC/ARM_CM4F/port.o
                0x0000e1a4                vPortSetupTimerInterrupt
 .text.xPortStartScheduler
                0x0000e1d0      0x120 thirdparty/RTOS/freertos/FreeRTOSV10.0.0/Source/portable/GCC/ARM_CM4F/port.o
                0x0000e1d0                xPortStartScheduler
 .text.vPortValidateInterruptPriority
                0x0000e2f0       0x58 thirdparty/RTOS/freertos/FreeRTOSV10.0.0/Source/portable/GCC/ARM_CM4F/port.o
                0x0000e2f0                vPortValidateInterruptPriority
 .text.pvPortMalloc
                0x0000e348       0x64 thirdparty/RTOS/freertos/FreeRTOSV10.0.0/Source/portable/MemMang/heap_1.o
                0x0000e348                pvPortMalloc
 .text.vPortFree
                0x0000e3ac       0x18 thirdparty/RTOS/freertos/FreeRTOSV10.0.0/Source/portable/MemMang/heap_1.o
                0x0000e3ac                vPortFree
 .text.xPortGetFreeHeapSize
                0x0000e3c4       0x14 thirdparty/RTOS/freertos/FreeRTOSV10.0.0/Source/portable/MemMang/heap_1.o
                0x0000e3c4                xPortGetFreeHeapSize
 .text.unlikely.prvCopyDataToQueue
                0x0000e3d8       0x74 thirdparty/RTOS/freertos/FreeRTOSV10.0.0/Source/queue.o
 .text.unlikely.prvCopyDataFromQueue
                0x0000e44c       0x2c thirdparty/RTOS/freertos/FreeRTOSV10.0.0/Source/queue.o
 .text.xQueueGenericReset.part.1
                0x0000e478       0x14 thirdparty/RTOS/freertos/FreeRTOSV10.0.0/Source/queue.o
 .text.prvNotifyQueueSetContainer
                0x0000e48c       0x80 thirdparty/RTOS/freertos/FreeRTOSV10.0.0/Source/queue.o
 .text.prvUnlockQueue
                0x0000e50c       0xbc thirdparty/RTOS/freertos/FreeRTOSV10.0.0/Source/queue.o
 .text.xQueueGenericReset
                0x0000e5c8       0x94 thirdparty/RTOS/freertos/FreeRTOSV10.0.0/Source/queue.o
                0x0000e5c8                xQueueGenericReset
 .text.xQueueGenericCreate
                0x0000e65c       0x58 thirdparty/RTOS/freertos/FreeRTOSV10.0.0/Source/queue.o
                0x0000e65c                xQueueGenericCreate
 .text.xQueueGenericSend
                0x0000e6b4      0x1c8 thirdparty/RTOS/freertos/FreeRTOSV10.0.0/Source/queue.o
                0x0000e6b4                xQueueGenericSend
 .text.xQueueGenericSendFromISR
                0x0000e87c       0xe8 thirdparty/RTOS/freertos/FreeRTOSV10.0.0/Source/queue.o
                0x0000e87c                xQueueGenericSendFromISR
 .text.xQueueGiveFromISR
                0x0000e964       0xcc thirdparty/RTOS/freertos/FreeRTOSV10.0.0/Source/queue.o
                0x0000e964                xQueueGiveFromISR
 .text.xQueueReceive
                0x0000ea30      0x190 thirdparty/RTOS/freertos/FreeRTOSV10.0.0/Source/queue.o
                0x0000ea30                xQueueReceive
 .text.xQueueSemaphoreTake
                0x0000ebc0      0x1cc thirdparty/RTOS/freertos/FreeRTOSV10.0.0/Source/queue.o
                0x0000ebc0                xQueueSemaphoreTake
 .text.vQueueWaitForMessageRestricted
                0x0000ed8c       0x58 thirdparty/RTOS/freertos/FreeRTOSV10.0.0/Source/queue.o
                0x0000ed8c                vQueueWaitForMessageRestricted
 .text.prvIdleTask
                0x0000ede4       0x2c thirdparty/RTOS/freertos/FreeRTOSV10.0.0/Source/tasks.o
 .text.prvResetNextTaskUnblockTime.part.1
                0x0000ee10       0x18 thirdparty/RTOS/freertos/FreeRTOSV10.0.0/Source/tasks.o
 .text.prvAddCurrentTaskToDelayedList
                0x0000ee28       0x80 thirdparty/RTOS/freertos/FreeRTOSV10.0.0/Source/tasks.o
 .text.eTaskGetState.part.4
                0x0000eea8       0x14 thirdparty/RTOS/freertos/FreeRTOSV10.0.0/Source/tasks.o
 .text.xTaskCreate
                0x0000eebc      0x1c0 thirdparty/RTOS/freertos/FreeRTOSV10.0.0/Source/tasks.o
                0x0000eebc                xTaskCreate
 .text.eTaskGetState
                0x0000f07c       0x60 thirdparty/RTOS/freertos/FreeRTOSV10.0.0/Source/tasks.o
                0x0000f07c                eTaskGetState
 .text.vTaskStartScheduler
                0x0000f0dc       0x84 thirdparty/RTOS/freertos/FreeRTOSV10.0.0/Source/tasks.o
                0x0000f0dc                vTaskStartScheduler
 .text.vTaskSuspendAll
                0x0000f160       0x14 thirdparty/RTOS/freertos/FreeRTOSV10.0.0/Source/tasks.o
                0x0000f160                vTaskSuspendAll
 .text.xTaskGetTickCount
                0x0000f174        0xc thirdparty/RTOS/freertos/FreeRTOSV10.0.0/Source/tasks.o
                0x0000f174                xTaskGetTickCount
 .text.xTaskGetTickCountFromISR
                0x0000f180       0x18 thirdparty/RTOS/freertos/FreeRTOSV10.0.0/Source/tasks.o
                0x0000f180                xTaskGetTickCountFromISR
 .text.xTaskIncrementTick
                0x0000f198      0x124 thirdparty/RTOS/freertos/FreeRTOSV10.0.0/Source/tasks.o
                0x0000f198                xTaskIncrementTick
 .text.xTaskResumeAll
                0x0000f2bc      0x104 thirdparty/RTOS/freertos/FreeRTOSV10.0.0/Source/tasks.o
                0x0000f2bc                xTaskResumeAll
 .text.vTaskDelay
                0x0000f3c0       0x58 thirdparty/RTOS/freertos/FreeRTOSV10.0.0/Source/tasks.o
                0x0000f3c0                vTaskDelay
 .text.vTaskSwitchContext
                0x0000f418       0x94 thirdparty/RTOS/freertos/FreeRTOSV10.0.0/Source/tasks.o
                0x0000f418                vTaskSwitchContext
 .text.vTaskPlaceOnEventList
                0x0000f4ac       0x3c thirdparty/RTOS/freertos/FreeRTOSV10.0.0/Source/tasks.o
                0x0000f4ac                vTaskPlaceOnEventList
 .text.vTaskPlaceOnEventListRestricted
                0x0000f4e8       0x48 thirdparty/RTOS/freertos/FreeRTOSV10.0.0/Source/tasks.o
                0x0000f4e8                vTaskPlaceOnEventListRestricted
 .text.xTaskRemoveFromEventList
                0x0000f530       0x7c thirdparty/RTOS/freertos/FreeRTOSV10.0.0/Source/tasks.o
                0x0000f530                xTaskRemoveFromEventList
 .text.vTaskInternalSetTimeOutState
                0x0000f5ac       0x14 thirdparty/RTOS/freertos/FreeRTOSV10.0.0/Source/tasks.o
                0x0000f5ac                vTaskInternalSetTimeOutState
 .text.xTaskCheckForTimeOut
                0x0000f5c0       0x9c thirdparty/RTOS/freertos/FreeRTOSV10.0.0/Source/tasks.o
                0x0000f5c0                xTaskCheckForTimeOut
 .text.vTaskMissedYield
                0x0000f65c       0x10 thirdparty/RTOS/freertos/FreeRTOSV10.0.0/Source/tasks.o
                0x0000f65c                vTaskMissedYield
 .text.vTaskGetInfo
                0x0000f66c       0xa0 thirdparty/RTOS/freertos/FreeRTOSV10.0.0/Source/tasks.o
                0x0000f66c                vTaskGetInfo
 .text.xTaskGetSchedulerState
                0x0000f70c       0x20 thirdparty/RTOS/freertos/FreeRTOSV10.0.0/Source/tasks.o
                0x0000f70c                xTaskGetSchedulerState
 .text.xTaskPriorityInherit
                0x0000f72c       0x90 thirdparty/RTOS/freertos/FreeRTOSV10.0.0/Source/tasks.o
                0x0000f72c                xTaskPriorityInherit
 .text.xTaskPriorityDisinherit
                0x0000f7bc       0x8c thirdparty/RTOS/freertos/FreeRTOSV10.0.0/Source/tasks.o
                0x0000f7bc                xTaskPriorityDisinherit
 .text.vTaskPriorityDisinheritAfterTimeout
                0x0000f848       0xa0 thirdparty/RTOS/freertos/FreeRTOSV10.0.0/Source/tasks.o
                0x0000f848                vTaskPriorityDisinheritAfterTimeout
 .text.pvTaskIncrementMutexHeldCount
                0x0000f8e8       0x1c thirdparty/RTOS/freertos/FreeRTOSV10.0.0/Source/tasks.o
                0x0000f8e8                pvTaskIncrementMutexHeldCount
 .text.prvCheckForValidListAndQueue
                0x0000f904       0x54 thirdparty/RTOS/freertos/FreeRTOSV10.0.0/Source/timers.o
 .text.prvInsertTimerInActiveList
                0x0000f958       0x44 thirdparty/RTOS/freertos/FreeRTOSV10.0.0/Source/timers.o
 .text.xTimerCreateTimerTask
                0x0000f99c       0x50 thirdparty/RTOS/freertos/FreeRTOSV10.0.0/Source/timers.o
                0x0000f99c                xTimerCreateTimerTask
 .text.xTimerCreate
                0x0000f9ec       0x54 thirdparty/RTOS/freertos/FreeRTOSV10.0.0/Source/timers.o
                0x0000f9ec                xTimerCreate
 .text.xTimerGenericCommand
                0x0000fa40       0x74 thirdparty/RTOS/freertos/FreeRTOSV10.0.0/Source/timers.o
                0x0000fa40                xTimerGenericCommand
 .text.prvSwitchTimerLists
                0x0000fab4       0x94 thirdparty/RTOS/freertos/FreeRTOSV10.0.0/Source/timers.o
 .text.prvTimerTask
                0x0000fb48      0x1d4 thirdparty/RTOS/freertos/FreeRTOSV10.0.0/Source/timers.o
 .text.Crc16    0x0000fd1c       0x3c C:\projects\trunk\Izi-Lib-sam\Release\libIZI-Lib-sam.a(crc.o)
                0x0000fd1c                Crc16
 .text.Crc16Fast
                0x0000fd58       0x28 C:\projects\trunk\Izi-Lib-sam\Release\libIZI-Lib-sam.a(crc.o)
                0x0000fd58                Crc16Fast
 .text          0x0000fd80       0x30 c:/program files (x86)/atmel/studio/7.0/toolchain/arm/arm-gnu-toolchain/bin/../lib/gcc/arm-none-eabi/6.3.1/thumb/v7e-m\libgcc.a(_aeabi_uldivmod.o)
                0x0000fd80                __aeabi_uldivmod
 .text          0x0000fdb0      0x2dc c:/program files (x86)/atmel/studio/7.0/toolchain/arm/arm-gnu-toolchain/bin/../lib/gcc/arm-none-eabi/6.3.1/thumb/v7e-m\libgcc.a(_udivmoddi4.o)
                0x0000fdb0                __udivmoddi4
 .text          0x0001008c        0x4 c:/program files (x86)/atmel/studio/7.0/toolchain/arm/arm-gnu-toolchain/bin/../lib/gcc/arm-none-eabi/6.3.1/thumb/v7e-m\libgcc.a(_dvmd_tls.o)
                0x0001008c                __aeabi_idiv0
                0x0001008c                __aeabi_ldiv0
 .text.__libc_init_array
                0x00010090       0x48 c:/program files (x86)/atmel/studio/7.0/toolchain/arm/arm-gnu-toolchain/bin/../lib/gcc/arm-none-eabi/6.3.1/../../../../arm-none-eabi/lib/thumb/v7e-m\libc_nano.a(lib_a-init.o)
                0x00010090                __libc_init_array
 .text.memcpy   0x000100d8       0x16 c:/program files (x86)/atmel/studio/7.0/toolchain/arm/arm-gnu-toolchain/bin/../lib/gcc/arm-none-eabi/6.3.1/../../../../arm-none-eabi/lib/thumb/v7e-m\libc_nano.a(lib_a-memcpy-stub.o)
                0x000100d8                memcpy
 .text.memset   0x000100ee       0x10 c:/program files (x86)/atmel/studio/7.0/toolchain/arm/arm-gnu-toolchain/bin/../lib/gcc/arm-none-eabi/6.3.1/../../../../arm-none-eabi/lib/thumb/v7e-m\libc_nano.a(lib_a-memset.o)
                0x000100ee                memset
 *fill*         0x000100fe        0x2 
 .text.sprintf  0x00010100       0x48 c:/program files (x86)/atmel/studio/7.0/toolchain/arm/arm-gnu-toolchain/bin/../lib/gcc/arm-none-eabi/6.3.1/../../../../arm-none-eabi/lib/thumb/v7e-m\libc_nano.a(lib_a-sprintf.o)
                0x00010100                siprintf
                0x00010100                sprintf
 .text          0x00010148       0x10 c:/program files (x86)/atmel/studio/7.0/toolchain/arm/arm-gnu-toolchain/bin/../lib/gcc/arm-none-eabi/6.3.1/../../../../arm-none-eabi/lib/thumb/v7e-m\libc_nano.a(lib_a-strlen.o)
                0x00010148                strlen
 .text.strncpy  0x00010158       0x2a c:/program files (x86)/atmel/studio/7.0/toolchain/arm/arm-gnu-toolchain/bin/../lib/gcc/arm-none-eabi/6.3.1/../../../../arm-none-eabi/lib/thumb/v7e-m\libc_nano.a(lib_a-strncpy.o)
                0x00010158                strncpy
 *fill*         0x00010182        0x2 
 .text._malloc_r
                0x00010184       0xbc c:/program files (x86)/atmel/studio/7.0/toolchain/arm/arm-gnu-toolchain/bin/../lib/gcc/arm-none-eabi/6.3.1/../../../../arm-none-eabi/lib/thumb/v7e-m\libc_nano.a(lib_a-nano-mallocr.o)
                0x00010184                _malloc_r
 .text.__ssputs_r
                0x00010240       0xb6 c:/program files (x86)/atmel/studio/7.0/toolchain/arm/arm-gnu-toolchain/bin/../lib/gcc/arm-none-eabi/6.3.1/../../../../arm-none-eabi/lib/thumb/v7e-m\libc_nano.a(lib_a-nano-svfprintf.o)
                0x00010240                __ssputs_r
 *fill*         0x000102f6        0x2 
 .text._svfprintf_r
                0x000102f8      0x1e8 c:/program files (x86)/atmel/studio/7.0/toolchain/arm/arm-gnu-toolchain/bin/../lib/gcc/arm-none-eabi/6.3.1/../../../../arm-none-eabi/lib/thumb/v7e-m\libc_nano.a(lib_a-nano-svfprintf.o)
                0x000102f8                _svfiprintf_r
                0x000102f8                _svfprintf_r
 .text._printf_common
                0x000104e0       0xec c:/program files (x86)/atmel/studio/7.0/toolchain/arm/arm-gnu-toolchain/bin/../lib/gcc/arm-none-eabi/6.3.1/../../../../arm-none-eabi/lib/thumb/v7e-m\libc_nano.a(lib_a-nano-vfprintf_i.o)
                0x000104e0                _printf_common
 .text._printf_i
                0x000105cc      0x240 c:/program files (x86)/atmel/studio/7.0/toolchain/arm/arm-gnu-toolchain/bin/../lib/gcc/arm-none-eabi/6.3.1/../../../../arm-none-eabi/lib/thumb/v7e-m\libc_nano.a(lib_a-nano-vfprintf_i.o)
                0x000105cc                _printf_i
 .text._sbrk_r  0x0001080c       0x20 c:/program files (x86)/atmel/studio/7.0/toolchain/arm/arm-gnu-toolchain/bin/../lib/gcc/arm-none-eabi/6.3.1/../../../../arm-none-eabi/lib/thumb/v7e-m\libc_nano.a(lib_a-sbrkr.o)
                0x0001080c                _sbrk_r
 *fill*         0x0001082c        0x4 
 .text          0x00010830       0xa0 c:/program files (x86)/atmel/studio/7.0/toolchain/arm/arm-gnu-toolchain/bin/../lib/gcc/arm-none-eabi/6.3.1/../../../../arm-none-eabi/lib/thumb/v7e-m\libc_nano.a(lib_a-memchr.o)
                0x00010830                memchr
 .text.memmove  0x000108d0       0x34 c:/program files (x86)/atmel/studio/7.0/toolchain/arm/arm-gnu-toolchain/bin/../lib/gcc/arm-none-eabi/6.3.1/../../../../arm-none-eabi/lib/thumb/v7e-m\libc_nano.a(lib_a-memmove.o)
                0x000108d0                memmove
 .text.__malloc_lock
                0x00010904        0x2 c:/program files (x86)/atmel/studio/7.0/toolchain/arm/arm-gnu-toolchain/bin/../lib/gcc/arm-none-eabi/6.3.1/../../../../arm-none-eabi/lib/thumb/v7e-m\libc_nano.a(lib_a-mlock.o)
                0x00010904                __malloc_lock
 .text.__malloc_unlock
                0x00010906        0x2 c:/program files (x86)/atmel/studio/7.0/toolchain/arm/arm-gnu-toolchain/bin/../lib/gcc/arm-none-eabi/6.3.1/../../../../arm-none-eabi/lib/thumb/v7e-m\libc_nano.a(lib_a-mlock.o)
                0x00010906                __malloc_unlock
 .text._free_r  0x00010908       0x9c c:/program files (x86)/atmel/studio/7.0/toolchain/arm/arm-gnu-toolchain/bin/../lib/gcc/arm-none-eabi/6.3.1/../../../../arm-none-eabi/lib/thumb/v7e-m\libc_nano.a(lib_a-nano-freer.o)
                0x00010908                _free_r
 .text._realloc_r
                0x000109a4       0x4c c:/program files (x86)/atmel/studio/7.0/toolchain/arm/arm-gnu-toolchain/bin/../lib/gcc/arm-none-eabi/6.3.1/../../../../arm-none-eabi/lib/thumb/v7e-m\libc_nano.a(lib_a-nano-reallocr.o)
                0x000109a4                _realloc_r
 .text._malloc_usable_size_r
                0x000109f0       0x12 c:/program files (x86)/atmel/studio/7.0/toolchain/arm/arm-gnu-toolchain/bin/../lib/gcc/arm-none-eabi/6.3.1/../../../../arm-none-eabi/lib/thumb/v7e-m\libc_nano.a(lib_a-nano-msizer.o)
                0x000109f0                _malloc_usable_size_r
 *(.glue_7t)
 .glue_7t       0x00010a02        0x0 linker stubs
 *(.glue_7)
 .glue_7        0x00010a02        0x0 linker stubs
 *(.rodata .rodata* .gnu.linkonce.r.*)
 *fill*         0x00010a02        0x2 
 .rodata.str1.4
                0x00010a04        0xa izilink/slave/iziplus_dataframe.o
 *fill*         0x00010a0e        0x2 
 .rodata        0x00010a10       0x10 powerline/dcbm1_driver.o
                0x00010a10                csel_rates
 .rodata        0x00010a20      0x648 driver/stepdown.o
                0x00010a20                random_table
                0x00010a40                dmxTable
                0x00011048                random_table2
 .rodata.str1.4
                0x00011068        0x9 driver/stepdown.o
 *fill*         0x00011071        0x3 
 .rodata        0x00011074       0x30 hpl/sercom/hpl_sercom.o
 .rodata.str1.4
                0x000110a4       0x3f izilink/iziplus_driver.o
 *fill*         0x000110e3        0x1 
 .rodata        0x000110e4      0x428 izilink/iziplus_module_def.o
                0x000114ac                CfgSwap_table
 .rodata.str1.4
                0x0001150c        0xe izilink/iziplus_module_def.o
 *fill*         0x0001151a        0x2 
 .rodata.str1.4
                0x0001151c       0x60 izilink/izi_input.o
 .rodata.str1.4
                0x0001157c       0xde main.o
 *fill*         0x0001165a        0x2 
 .rodata        0x0001165c      0x21c misc/analog.o
                0x0001165c                ntc_table
                0x0001185c                adc_filters
                0x00011864                adc_channels
                0x0001186c                adc2_filters
                0x00011870                adc2_channels
                0x00011874                g_Adc_12bitFullRange
 .rodata.str1.4
                0x00011878        0xd misc/analog.o
 *fill*         0x00011885        0x3 
 .rodata        0x00011888       0x33 misc/state.o
                0x00011888                color_table
 *fill*         0x000118bb        0x1 
 .rodata.str1.4
                0x000118bc      0x25b misc/state.o
                                0x25f (size before relaxing)
 *fill*         0x00011b17        0x1 
 .rodata.str1.4
                0x00011b18       0x17 thirdparty/RTOS/freertos/FreeRTOSV10.0.0/Source/tasks.o
 *fill*         0x00011b2f        0x1 
 .rodata.str1.4
                0x00011b30        0x8 thirdparty/RTOS/freertos/FreeRTOSV10.0.0/Source/timers.o
 .rodata        0x00011b38      0x200 C:\projects\trunk\Izi-Lib-sam\Release\libIZI-Lib-sam.a(crc.o)
                0x00011b38                crc16Table
 .rodata.__sf_fake_stderr
                0x00011d38       0x20 c:/program files (x86)/atmel/studio/7.0/toolchain/arm/arm-gnu-toolchain/bin/../lib/gcc/arm-none-eabi/6.3.1/../../../../arm-none-eabi/lib/thumb/v7e-m\libc_nano.a(lib_a-findfp.o)
                0x00011d38                __sf_fake_stderr
 .rodata.__sf_fake_stdin
                0x00011d58       0x20 c:/program files (x86)/atmel/studio/7.0/toolchain/arm/arm-gnu-toolchain/bin/../lib/gcc/arm-none-eabi/6.3.1/../../../../arm-none-eabi/lib/thumb/v7e-m\libc_nano.a(lib_a-findfp.o)
                0x00011d58                __sf_fake_stdin
 .rodata.__sf_fake_stdout
                0x00011d78       0x20 c:/program files (x86)/atmel/studio/7.0/toolchain/arm/arm-gnu-toolchain/bin/../lib/gcc/arm-none-eabi/6.3.1/../../../../arm-none-eabi/lib/thumb/v7e-m\libc_nano.a(lib_a-findfp.o)
                0x00011d78                __sf_fake_stdout
 .rodata._svfprintf_r.str1.1
                0x00011d98       0x11 c:/program files (x86)/atmel/studio/7.0/toolchain/arm/arm-gnu-toolchain/bin/../lib/gcc/arm-none-eabi/6.3.1/../../../../arm-none-eabi/lib/thumb/v7e-m\libc_nano.a(lib_a-nano-svfprintf.o)
 .rodata._printf_i.str1.1
                0x00011da9       0x22 c:/program files (x86)/atmel/studio/7.0/toolchain/arm/arm-gnu-toolchain/bin/../lib/gcc/arm-none-eabi/6.3.1/../../../../arm-none-eabi/lib/thumb/v7e-m\libc_nano.a(lib_a-nano-vfprintf_i.o)
 *(.ARM.extab* .gnu.linkonce.armextab.*)
                0x00011dcc                . = ALIGN (0x4)
 *fill*         0x00011dcb        0x1 
 *(.init)
 .init          0x00011dcc        0x4 c:/program files (x86)/atmel/studio/7.0/toolchain/arm/arm-gnu-toolchain/bin/../lib/gcc/arm-none-eabi/6.3.1/thumb/v7e-m/crti.o
                0x00011dcc                _init
 .init          0x00011dd0        0x8 c:/program files (x86)/atmel/studio/7.0/toolchain/arm/arm-gnu-toolchain/bin/../lib/gcc/arm-none-eabi/6.3.1/thumb/v7e-m/crtn.o
                0x00011dd8                . = ALIGN (0x4)
                0x00011dd8                __preinit_array_start = .
 *(.preinit_array)
                0x00011dd8                __preinit_array_end = .
                0x00011dd8                . = ALIGN (0x4)
                0x00011dd8                __init_array_start = .
 *(SORT(.init_array.*))
 *(.init_array)
 .init_array    0x00011dd8        0x4 c:/program files (x86)/atmel/studio/7.0/toolchain/arm/arm-gnu-toolchain/bin/../lib/gcc/arm-none-eabi/6.3.1/thumb/v7e-m/crtbegin.o
                0x00011ddc                __init_array_end = .
                0x00011ddc                . = ALIGN (0x4)
 *crtbegin.o(.ctors)
 *(EXCLUDE_FILE(*crtend.o) .ctors)
 *(SORT(.ctors.*))
 *crtend.o(.ctors)
                0x00011ddc                . = ALIGN (0x4)
 *(.fini)
 .fini          0x00011ddc        0x4 c:/program files (x86)/atmel/studio/7.0/toolchain/arm/arm-gnu-toolchain/bin/../lib/gcc/arm-none-eabi/6.3.1/thumb/v7e-m/crti.o
                0x00011ddc                _fini
 .fini          0x00011de0        0x8 c:/program files (x86)/atmel/studio/7.0/toolchain/arm/arm-gnu-toolchain/bin/../lib/gcc/arm-none-eabi/6.3.1/thumb/v7e-m/crtn.o
                0x00011de8                . = ALIGN (0x4)
                0x00011de8                __fini_array_start = .
 *(.fini_array)
 .fini_array    0x00011de8        0x4 c:/program files (x86)/atmel/studio/7.0/toolchain/arm/arm-gnu-toolchain/bin/../lib/gcc/arm-none-eabi/6.3.1/thumb/v7e-m/crtbegin.o
 *(SORT(.fini_array.*))
                0x00011dec                __fini_array_end = .
 *crtbegin.o(.dtors)
 *(EXCLUDE_FILE(*crtend.o) .dtors)
 *(SORT(.dtors.*))
 *crtend.o(.dtors)
                0x00011dec                . = ALIGN (0x4)
                0x00011dec                _efixed = .
                [!provide]                PROVIDE (__exidx_start, .)

.vfp11_veneer   0x00011dec        0x0
 .vfp11_veneer  0x00011dec        0x0 linker stubs

.v4_bx          0x00011dec        0x0
 .v4_bx         0x00011dec        0x0 linker stubs

.iplt           0x00011dec        0x0
 .iplt          0x00011dec        0x0 c:/program files (x86)/atmel/studio/7.0/toolchain/arm/arm-gnu-toolchain/bin/../lib/gcc/arm-none-eabi/6.3.1/thumb/v7e-m/crtbegin.o

.ARM.exidx      0x00011dec        0x8
 *(.ARM.exidx* .gnu.linkonce.armexidx.*)
 .ARM.exidx     0x00011dec        0x8 c:/program files (x86)/atmel/studio/7.0/toolchain/arm/arm-gnu-toolchain/bin/../lib/gcc/arm-none-eabi/6.3.1/thumb/v7e-m\libgcc.a(_udivmoddi4.o)
                [!provide]                PROVIDE (__exidx_end, .)
                0x00011df4                . = ALIGN (0x4)
                0x00011df4                _etext = .

.bootloadersection
                0x00000000        0x0
                0x00000000                . = ALIGN (0x4)
                0x00000000                _sbootloadersection = .
 *(.bootloadersection*)
                0x00000000                . = ALIGN (0x4)
                0x00000000                _ebootloadersection = .

.appsettingsection
                0x0003c000        0x0
                0x0003c000                . = ALIGN (0x4)
                0x0003c000                _sappsettingsection = .
 *(.appsettingsection*)
                0x0003c000                . = ALIGN (0x4)
                0x0003c000                _eappsettingsection = .

.firmwareinfosection
                0x0001ff00      0x100
                0x0001ff00                . = ALIGN (0x4)
                0x0001ff00                _sfirmwareinfosection = .
 *(.firmwareinfosection*)
 .firmwareinfosection
                0x0001ff00      0x100 version.o
                0x0001ff00                firmare_info
                0x00020000                . = ALIGN (0x4)
                0x00020000                _efirmwareinfosection = .

.eh_frame       0x00020000        0x0
 .eh_frame      0x00020000        0x0 c:/program files (x86)/atmel/studio/7.0/toolchain/arm/arm-gnu-toolchain/bin/../lib/gcc/arm-none-eabi/6.3.1/thumb/v7e-m/crtbegin.o

.rel.dyn        0x00020000        0x0
 .rel.iplt      0x00020000        0x0 c:/program files (x86)/atmel/studio/7.0/toolchain/arm/arm-gnu-toolchain/bin/../lib/gcc/arm-none-eabi/6.3.1/thumb/v7e-m/crtbegin.o

.jcr            0x00020000        0x0
 .jcr           0x00020000        0x0 c:/program files (x86)/atmel/studio/7.0/toolchain/arm/arm-gnu-toolchain/bin/../lib/gcc/arm-none-eabi/6.3.1/thumb/v7e-m/crtbegin.o

.igot.plt       0x00011df4        0x0 load address 0x00020000
 .igot.plt      0x00011df4        0x0 c:/program files (x86)/atmel/studio/7.0/toolchain/arm/arm-gnu-toolchain/bin/../lib/gcc/arm-none-eabi/6.3.1/thumb/v7e-m/crtbegin.o

.mirrorsection  0x00022000        0x0
                0x00022000                . = ALIGN (0x4)
                0x00022000                _smirrorsection = .
 *(.mirrorsection*)
                0x00022000                . = ALIGN (0x4)
                0x00022000                _emirrorsection = .

.relocate       0x20002200      0x964 load address 0x00011df4
                0x20002200                . = ALIGN (0x4)
                0x20002200                _srelocate = .
 *(.ramfunc .ramfunc.*)
 *(.data .data.*)
 .data          0x20002200        0x3 izilink/slave/iziplus_dataframe.o
                0x20002200                iziplus_data_quality
                0x20002201                iziplus_data_quality_first
                0x20002202                iziplus_trace_lvl
 *fill*         0x20002203        0x1 
 .data          0x20002204      0x84a driver/stepdown.o
                0x20002204                stepdown_ctrl_chx
                0x20002a4d                last_freq
 .data          0x20002a4e        0x9 izilink/iziplus_driver.o
                0x20002a56                izi_trace_lvl
 *fill*         0x20002a57        0x1 
 .data          0x20002a58        0x6 izilink/iziplus_module_def.o
                0x20002a58                intern_temp_master
                0x20002a5a                ntc_temp_master
                0x20002a5c                power_master
 .data          0x20002a5e        0x1 main.o
 *fill*         0x20002a5f        0x1 
 .data          0x20002a60        0x8 misc/analog.o
                0x20002a60                adc_valid_time
 .data          0x20002a68       0x92 misc/state.o
                0x20002a68                StateErrorText
                0x20002a94                StateWarningText
                0x20002ae4                StateStartInfoText
                0x20002af6                state_trace_lvl
 *fill*         0x20002afa        0x2 
 .data          0x20002afc        0x4 thirdparty/RTOS/freertos/FreeRTOSV10.0.0/Source/portable/GCC/ARM_CM4F/port.o
 .data._impure_ptr
                0x20002b00        0x4 c:/program files (x86)/atmel/studio/7.0/toolchain/arm/arm-gnu-toolchain/bin/../lib/gcc/arm-none-eabi/6.3.1/../../../../arm-none-eabi/lib/thumb/v7e-m\libc_nano.a(lib_a-impure.o)
                0x20002b00                _impure_ptr
 .data.impure_data
                0x20002b04       0x60 c:/program files (x86)/atmel/studio/7.0/toolchain/arm/arm-gnu-toolchain/bin/../lib/gcc/arm-none-eabi/6.3.1/../../../../arm-none-eabi/lib/thumb/v7e-m\libc_nano.a(lib_a-impure.o)
                0x20002b64                . = ALIGN (0x4)
                0x20002b64                _erelocate = .

.energy_ram     0x2001fe80       0x7c
                0x2001fe80                . = ALIGN (0x4)
 *(.energy_ram)
 .energy_ram    0x2001fe80       0x7c appconfig.o
                0x2001fe80                appLog
                0x2001fefc                . = ALIGN (0x4)

.boot_ram       0x2001ff00       0x34
                0x2001ff00                . = ALIGN (0x4)
 *(.boot_ram)
 .boot_ram      0x2001ff00       0x34 main.o
                0x2001ff00                boot_data
                0x2001ff34                . = ALIGN (0x4)

.can_ram        0x20000000        0x0
                0x20000000                . = ALIGN (0x4)
 *(.can_ram)
                0x20000000                . = ALIGN (0x4)

.qspi           0x04000000        0x0
                0x04000000                . = ALIGN (0x8)
                0x04000000                _sqspi = .
 *(.qspi .qspi.*)
                0x04000000                . = ALIGN (0x8)
                0x04000000                _eqspi = .

.bss            0x20002b70     0xcd78 load address 0x00012770
                0x20002b70                . = ALIGN (0x4)
                0x20002b70                _sbss = .
                0x20002b70                _szero = .
 *(.bss .bss.*)
 .bss           0x20002b70       0x1c c:/program files (x86)/atmel/studio/7.0/toolchain/arm/arm-gnu-toolchain/bin/../lib/gcc/arm-none-eabi/6.3.1/thumb/v7e-m/crtbegin.o
 .bss           0x20002b8c       0x18 dmac/dmac.o
 .bss           0x20002ba4        0x9 driver/mcp4728.o
                0x20002ba4                mcp4728_dac_values
                0x20002bac                mcp4728_init
 *fill*         0x20002bad        0x3 
 .bss           0x20002bb0        0x8 izilink/izi_output.o
                0x20002bb0                izi_output_valid
                0x20002bb4                xIziOutput_Timer
 .bss           0x20002bb8      0xa94 izilink/slave/iziplus_dataframe.o
                0x20003402                iziplus_rx_crap
                0x20003404                iziplus_rx_crap2
                0x2000340c                iziplus_device_type
                0x2000341c                iziplus_data_last_seq
                0x2000341e                iziplus_data_last_cnt
                0x20003644                iziplus_dataframe_timer_prs
                0x20003646                iziplus_rx_loss
                0x20003648                last_send_ticks
 .bss           0x2000364c        0x4 misc/rtctime.o
 .bss           0x20003650       0x22 powerline/dcbm1_driver.o
 .bss           0x20003672        0x4 uart/i2cx.o
                0x20003672                i2c_init_busy
                0x20003673                i2c_init
 *fill*         0x20003676        0x2 
 .bss           0x20003678        0xc uart/usart1.o
 .bss           0x20003684        0xd uart/usart2.o
 *fill*         0x20003691        0x3 
 .bss           0x20003694       0x3c driver/stepdown.o
                0x2000369e                stepdown_current_chx
                0x200036ac                sectimer_prs
                0x200036b0                sec_after_pup
                0x200036b4                stimer_prs
                0x200036b5                err_report
                0x200036ba                stepdown_started
                0x200036bb                stepdown_started_first
                0x200036c0                counter
                0x200036c6                do_ff
                0x200036c7                last_level
                0x200036c8                dir
                0x200036cc                ac_ok
 .bss           0x200036d0        0x4 hal/src/hal_flash.o
 .bss           0x200036d4        0x4 hal/utils/src/utils_syscalls.o
 .bss           0x200036d8        0x4 hpl/can/hpl_can.o
 .bss           0x200036dc     0x2004 hpl/nvmctrl/hpl_nvmctrl.o
 .bss           0x200056e0      0x146 izilink/iziplus_driver.o
                0x20005700                iziplus_cmd_delayed_req
 *fill*         0x20005826        0x2 
 .bss           0x20005828       0x2e izilink/iziplus_module_def.o
                0x20005828                overrule_time_chx
                0x2000582a                iziplus_init_rdy
                0x2000582b                module_channels_amount
                0x2000582c                max_intern_temp_raw
                0x2000582e                max_ntc_temp_raw
                0x20005830                module_identify_prs
                0x20005834                safety_time_ch
                0x2000583c                module_identify_time
                0x2000583e                module_identify_mode
                0x20005840                overrule_prio_chx
                0x20005842                module_identify_unlock_time
                0x20005844                timer_prs
                0x20005850                module_pup_time
                0x20005852                monitor_idx
                0x20005853                monitor_idx_ext
 *fill*         0x20005856        0x2 
 .bss           0x20005858       0x48 izilink/izi_input.o
                0x2000589c                xIziInput_Timer
 .bss           0x200058a0       0x34 main.o
 .bss           0x200058d4       0x34 misc/analog.o
                0x200058d4                analog_vcc_calibrate
                0x200058d5                adc_init_ready
                0x200058f0                xAnalog_Timer
                0x200058f4                adc_channel_sel
                0x200058f6                adc2_channel_sel
                0x20005904                analog_avg_out_current_offset
 .bss           0x20005908       0x4b misc/state.o
 *fill*         0x20005953        0x1 
 .bss           0x20005954        0x8 misc/timing.o
 .bss           0x2000595c        0x8 thirdparty/RTOS/freertos/FreeRTOSV10.0.0/Source/portable/GCC/ARM_CM4F/port.o