Archive member included to satisfy reference by file (symbol)

C:\projects\trunk\Izi-Lib-sam\Release\libIZI-Lib-sam.a(crc.o)
                              main.o (Crc16Fast)
c:/program files (x86)/atmel/studio/7.0/toolchain/arm/arm-gnu-toolchain/bin/../lib/gcc/arm-none-eabi/6.3.1/thumb/v7e-m\libgcc.a(_arm_addsubdf3.o)
                              hpl/sercom/hpl_sercom.o (__aeabi_dsub)
c:/program files (x86)/atmel/studio/7.0/toolchain/arm/arm-gnu-toolchain/bin/../lib/gcc/arm-none-eabi/6.3.1/thumb/v7e-m\libgcc.a(_arm_muldivdf3.o)
                              hpl/sercom/hpl_sercom.o (__aeabi_dmul)
c:/program files (x86)/atmel/studio/7.0/toolchain/arm/arm-gnu-toolchain/bin/../lib/gcc/arm-none-eabi/6.3.1/thumb/v7e-m\libgcc.a(_arm_fixunsdfsi.o)
                              hpl/sercom/hpl_sercom.o (__aeabi_d2uiz)
c:/program files (x86)/atmel/studio/7.0/toolchain/arm/arm-gnu-toolchain/bin/../lib/gcc/arm-none-eabi/6.3.1/thumb/v7e-m\libgcc.a(_aeabi_uldivmod.o)
                              hpl/sercom/hpl_sercom.o (__aeabi_uldivmod)
c:/program files (x86)/atmel/studio/7.0/toolchain/arm/arm-gnu-toolchain/bin/../lib/gcc/arm-none-eabi/6.3.1/thumb/v7e-m\libgcc.a(_udivmoddi4.o)
                              c:/program files (x86)/atmel/studio/7.0/toolchain/arm/arm-gnu-toolchain/bin/../lib/gcc/arm-none-eabi/6.3.1/thumb/v7e-m\libgcc.a(_aeabi_uldivmod.o) (__udivmoddi4)
c:/program files (x86)/atmel/studio/7.0/toolchain/arm/arm-gnu-toolchain/bin/../lib/gcc/arm-none-eabi/6.3.1/thumb/v7e-m\libgcc.a(_dvmd_tls.o)
                              c:/program files (x86)/atmel/studio/7.0/toolchain/arm/arm-gnu-toolchain/bin/../lib/gcc/arm-none-eabi/6.3.1/thumb/v7e-m\libgcc.a(_aeabi_uldivmod.o) (__aeabi_ldiv0)
c:/program files (x86)/atmel/studio/7.0/toolchain/arm/arm-gnu-toolchain/bin/../lib/gcc/arm-none-eabi/6.3.1/../../../../arm-none-eabi/lib/thumb/v7e-m\libc_nano.a(lib_a-exit.o)
                              c:/program files (x86)/atmel/studio/7.0/toolchain/arm/arm-gnu-toolchain/bin/../lib/gcc/arm-none-eabi/6.3.1/../../../../arm-none-eabi/lib/thumb/v7e-m/crt0.o (exit)
c:/program files (x86)/atmel/studio/7.0/toolchain/arm/arm-gnu-toolchain/bin/../lib/gcc/arm-none-eabi/6.3.1/../../../../arm-none-eabi/lib/thumb/v7e-m\libc_nano.a(lib_a-impure.o)
                              c:/program files (x86)/atmel/studio/7.0/toolchain/arm/arm-gnu-toolchain/bin/../lib/gcc/arm-none-eabi/6.3.1/../../../../arm-none-eabi/lib/thumb/v7e-m\libc_nano.a(lib_a-exit.o) (_global_impure_ptr)
c:/program files (x86)/atmel/studio/7.0/toolchain/arm/arm-gnu-toolchain/bin/../lib/gcc/arm-none-eabi/6.3.1/../../../../arm-none-eabi/lib/thumb/v7e-m\libc_nano.a(lib_a-init.o)
                              c:/program files (x86)/atmel/studio/7.0/toolchain/arm/arm-gnu-toolchain/bin/../lib/gcc/arm-none-eabi/6.3.1/../../../../arm-none-eabi/lib/thumb/v7e-m/crt0.o (__libc_init_array)
c:/program files (x86)/atmel/studio/7.0/toolchain/arm/arm-gnu-toolchain/bin/../lib/gcc/arm-none-eabi/6.3.1/../../../../arm-none-eabi/lib/thumb/v7e-m\libc_nano.a(lib_a-locale.o)
                              misc/rprintf.o (__locale_ctype_ptr)
c:/program files (x86)/atmel/studio/7.0/toolchain/arm/arm-gnu-toolchain/bin/../lib/gcc/arm-none-eabi/6.3.1/../../../../arm-none-eabi/lib/thumb/v7e-m\libc_nano.a(lib_a-mbtowc_r.o)
                              c:/program files (x86)/atmel/studio/7.0/toolchain/arm/arm-gnu-toolchain/bin/../lib/gcc/arm-none-eabi/6.3.1/../../../../arm-none-eabi/lib/thumb/v7e-m\libc_nano.a(lib_a-locale.o) (__ascii_mbtowc)
c:/program files (x86)/atmel/studio/7.0/toolchain/arm/arm-gnu-toolchain/bin/../lib/gcc/arm-none-eabi/6.3.1/../../../../arm-none-eabi/lib/thumb/v7e-m\libc_nano.a(lib_a-memcpy-stub.o)
                              hpl/nvmctrl/hpl_nvmctrl.o (memcpy)
c:/program files (x86)/atmel/studio/7.0/toolchain/arm/arm-gnu-toolchain/bin/../lib/gcc/arm-none-eabi/6.3.1/../../../../arm-none-eabi/lib/thumb/v7e-m\libc_nano.a(lib_a-memset.o)
                              c:/program files (x86)/atmel/studio/7.0/toolchain/arm/arm-gnu-toolchain/bin/../lib/gcc/arm-none-eabi/6.3.1/../../../../arm-none-eabi/lib/thumb/v7e-m/crt0.o (memset)
c:/program files (x86)/atmel/studio/7.0/toolchain/arm/arm-gnu-toolchain/bin/../lib/gcc/arm-none-eabi/6.3.1/../../../../arm-none-eabi/lib/thumb/v7e-m\libc_nano.a(lib_a-printf.o)
                              hal/utils/src/utils_syscalls.o (printf)
c:/program files (x86)/atmel/studio/7.0/toolchain/arm/arm-gnu-toolchain/bin/../lib/gcc/arm-none-eabi/6.3.1/../../../../arm-none-eabi/lib/thumb/v7e-m\libc_nano.a(lib_a-strcmp.o)
                              c:/program files (x86)/atmel/studio/7.0/toolchain/arm/arm-gnu-toolchain/bin/../lib/gcc/arm-none-eabi/6.3.1/../../../../arm-none-eabi/lib/thumb/v7e-m\libc_nano.a(lib_a-locale.o) (strcmp)
c:/program files (x86)/atmel/studio/7.0/toolchain/arm/arm-gnu-toolchain/bin/../lib/gcc/arm-none-eabi/6.3.1/../../../../arm-none-eabi/lib/thumb/v7e-m\libc_nano.a(lib_a-strlen.o)
                              misc/rprintf.o (strlen)
[...]
Memory Configuration

Name             Origin             Length             Attributes
rom              0x00000000         0x00003ffc         xr
app_setting      0x0003c000         0x00004000         xr
firmware_info    0x00003ffc         0x00000004         xr
mirror           0x00022000         0x0001df00         xr
ram              0x20002200         0x0001dd80         xrw
can_ram          0x20000000         0x00002200         xrw
energy_ram       0x2001fe80         0x00000080         xrw
boot_ram         0x2001ff00         0x00000100         xrw
bkupram          0x47000000         0x00002000         xrw
qspi             0x04000000         0x01000000         xrw
bootloader       0x00000000         0xffffffff
*default*        0x00000000         0xffffffff

Linker script and memory map

LOAD c:/program files (x86)/atmel/studio/7.0/toolchain/arm/arm-gnu-toolchain/bin/../lib/gcc/arm-none-eabi/6.3.1/thumb/v7e-m/crti.o
LOAD c:/program files (x86)/atmel/studio/7.0/toolchain/arm/arm-gnu-toolchain/bin/../lib/gcc/arm-none-eabi/6.3.1/thumb/v7e-m/crtbegin.o
LOAD c:/program files (x86)/atmel/studio/7.0/toolchain/arm/arm-gnu-toolchain/bin/../lib/gcc/arm-none-eabi/6.3.1/../../../../arm-none-eabi/lib/thumb/v7e-m/crt0.o
LOAD atmel_start.o
LOAD Device_Startup/startup_same51.o
LOAD Device_Startup/system_same51.o
LOAD driver_init.o
LOAD examples/driver_examples.o
LOAD hal/src/hal_atomic.o
LOAD hal/src/hal_cache.o
LOAD hal/src/hal_delay.o
LOAD hal/src/hal_flash.o
LOAD hal/src/hal_gpio.o
LOAD hal/src/hal_init.o
LOAD hal/src/hal_io.o
LOAD hal/src/hal_sleep.o
LOAD hal/src/hal_usart_async.o
LOAD hal/src/hal_wdt.o
LOAD hal/utils/src/utils_assert.o
LOAD hal/utils/src/utils_event.o
LOAD hal/utils/src/utils_list.o
LOAD hal/utils/src/utils_ringbuffer.o
LOAD hal/utils/src/utils_syscalls.o
LOAD hpl/cmcc/hpl_cmcc.o
LOAD hpl/core/hpl_core_m4.o
LOAD hpl/core/hpl_init.o
LOAD hpl/dmac/hpl_dmac.o
LOAD hpl/gclk/hpl_gclk.o
LOAD hpl/mclk/hpl_mclk.o
LOAD hpl/nvmctrl/hpl_nvmctrl.o
LOAD hpl/osc32kctrl/hpl_osc32kctrl.o
LOAD hpl/oscctrl/hpl_oscctrl.o
LOAD hpl/pm/hpl_pm.o
LOAD hpl/ramecc/hpl_ramecc.o
LOAD hpl/sercom/hpl_sercom.o
LOAD hpl/wdt/hpl_wdt.o
LOAD main.o
LOAD misc/rprintf.o
LOAD uart/usart4.o
LOAD version.o
START GROUP
LOAD c:/program files (x86)/atmel/studio/7.0/toolchain/arm/arm-gnu-toolchain/bin/../lib/gcc/arm-none-eabi/6.3.1/../../../../arm-none-eabi/lib/thumb/v7e-m\libm.a
LOAD C:\projects\trunk\Izi-Lib-sam\Release\libIZI-Lib-sam.a
END GROUP
START GROUP
LOAD c:/program files (x86)/atmel/studio/7.0/toolchain/arm/arm-gnu-toolchain/bin/../lib/gcc/arm-none-eabi/6.3.1/thumb/v7e-m\libgcc.a
LOAD c:/program files (x86)/atmel/studio/7.0/toolchain/arm/arm-gnu-toolchain/bin/../lib/gcc/arm-none-eabi/6.3.1/../../../../arm-none-eabi/lib/thumb/v7e-m\libc_nano.a
END GROUP
START GROUP
LOAD c:/program files (x86)/atmel/studio/7.0/toolchain/arm/arm-gnu-toolchain/bin/../lib/gcc/arm-none-eabi/6.3.1/thumb/v7e-m\libgcc.a
LOAD c:/program files (x86)/atmel/studio/7.0/toolchain/arm/arm-gnu-toolchain/bin/../lib/gcc/arm-none-eabi/6.3.1/../../../../arm-none-eabi/lib/thumb/v7e-m\libc_nano.a
END GROUP
LOAD c:/program files (x86)/atmel/studio/7.0/toolchain/arm/arm-gnu-toolchain/bin/../lib/gcc/arm-none-eabi/6.3.1/thumb/v7e-m/crtend.o
LOAD c:/program files (x86)/atmel/studio/7.0/toolchain/arm/arm-gnu-toolchain/bin/../lib/gcc/arm-none-eabi/6.3.1/thumb/v7e-m/crtn.o
                0x00001000                STACK_SIZE = DEFINED (STACK_SIZE)?STACK_SIZE:DEFINED (__stack_size__)?__stack_size__:0x1000

.text           0x00000000      0xd80
                0x00000000                . = ALIGN (0x4)
                0x00000000                _sfixed = .
 *(.vectors .vectors.*)
 .vectors       0x00000000      0x264 Device_Startup/startup_same51.o
                0x00000000                exception_table
 *(.text .text.* .gnu.linkonce.t.*)
 .text          0x00000264       0x6c c:/program files (x86)/atmel/studio/7.0/toolchain/arm/arm-gnu-toolchain/bin/../lib/gcc/arm-none-eabi/6.3.1/thumb/v7e-m/crtbegin.o
 .text.atmel_start_init
                0x000002d0        0x8 atmel_start.o
                0x000002d0                atmel_start_init
 .text.Reset_Handler
                0x000002d8       0x78 Device_Startup/startup_same51.o
                0x000002d8                Reset_Handler
 .text.Dummy_Handler
                0x00000350        0xc Device_Startup/startup_same51.o
                0x00000350                EIC_5_Handler
                0x00000350                SVCall_Handler
                0x00000350                SERCOM0_2_Handler
                0x00000350                EIC_13_Handler
                0x00000350                EVSYS_0_Handler
                0x00000350                TCC1_3_Handler
                0x00000350                DAC_3_Handler
                0x00000350                TRNG_Handler
                0x00000350                HardFault_Handler
                0x00000350                TC2_Handler
                0x00000350                PDEC_2_Handler
                0x00000350                EIC_4_Handler
                0x00000350                AC_Handler
                0x00000350                SERCOM3_1_Handler
                0x00000350                SysTick_Handler
                0x00000350                TCC2_3_Handler
                0x00000350                SERCOM3_2_Handler
                0x00000350                PendSV_Handler
                0x00000350                ADC1_1_Handler
                0x00000350                EVSYS_3_Handler
                0x00000350                PDEC_0_Handler
                0x00000350                QSPI_Handler
                0x00000350                NonMaskableInt_Handler
                0x00000350                TCC0_0_Handler
                0x00000350                EIC_3_Handler
                0x00000350                MemManagement_Handler
                0x00000350                DAC_2_Handler
                0x00000350                SERCOM0_0_Handler
                0x00000350                RTC_Handler
                0x00000350                UsageFault_Handler
                0x00000350                EIC_10_Handler
                0x00000350                SERCOM0_3_Handler
                0x00000350                EIC_11_Handler
                0x00000350                EIC_9_Handler
                0x00000350                OSC32KCTRL_Handler
                0x00000350                TCC2_1_Handler
                0x00000350                SUPC_1_Handler
                0x00000350                TCC0_5_Handler
                0x00000350                TCC0_6_Handler
                0x00000350                EVSYS_1_Handler
                0x00000350                TCC1_4_Handler
                0x00000350                DMAC_0_Handler
                0x00000350                WDT_Handler
                0x00000350                CAN0_Handler
                0x00000350                EIC_8_Handler
                0x00000350                EIC_15_Handler
                0x00000350                SERCOM5_0_Handler
                0x00000350                TC4_Handler
                0x00000350                TC1_Handler
                0x00000350                OSCCTRL_4_Handler
                0x00000350                EIC_12_Handler
                0x00000350                DMAC_4_Handler
                0x00000350                TCC4_2_Handler
                0x00000350                PAC_Handler
                0x00000350                TCC1_0_Handler
                0x00000350                USB_0_Handler
                0x00000350                OSCCTRL_0_Handler
                0x00000350                EIC_0_Handler
                0x00000350                OSCCTRL_3_Handler
                0x00000350                TC3_Handler
                0x00000350                Dummy_Handler
                0x00000350                TCC3_0_Handler
                0x00000350                TCC2_2_Handler
                0x00000350                SERCOM5_1_Handler
                0x00000350                TCC1_1_Handler
                0x00000350                DMAC_2_Handler
                0x00000350                ADC0_0_Handler
                0x00000350                SERCOM0_1_Handler
                0x00000350                OSCCTRL_2_Handler
                0x00000350                ADC1_0_Handler
                0x00000350                TCC1_2_Handler
                0x00000350                USB_1_Handler
                0x00000350                PM_Handler
                0x00000350                SERCOM2_3_Handler
                0x00000350                DAC_4_Handler
                0x00000350                TCC3_2_Handler
                0x00000350                TCC0_2_Handler
                0x00000350                DMAC_1_Handler
                0x00000350                TCC4_0_Handler
                0x00000350                USB_3_Handler
                0x00000350                CAN1_Handler
                0x00000350                TCC2_0_Handler
                0x00000350                PDEC_1_Handler
                0x00000350                TCC4_1_Handler
                0x00000350                SERCOM5_3_Handler
                0x00000350                USB_2_Handler
                0x00000350                SDHC0_Handler
                0x00000350                SERCOM1_1_Handler
                0x00000350                I2S_Handler
                0x00000350                EIC_2_Handler
                0x00000350                PCC_Handler
                0x00000350                DAC_0_Handler
                0x00000350                TCC0_1_Handler
                0x00000350                SERCOM1_3_Handler
                0x00000350                EIC_6_Handler
                0x00000350                OSCCTRL_1_Handler
                0x00000350                SERCOM1_0_Handler
                0x00000350                PUKCC_Handler
                0x00000350                SERCOM2_1_Handler
                0x00000350                SERCOM1_2_Handler
                0x00000350                SERCOM3_0_Handler
                0x00000350                EIC_1_Handler
                0x00000350                EVSYS_4_Handler
                0x00000350                EIC_7_Handler
                0x00000350                SERCOM5_2_Handler
                0x00000350                SERCOM3_3_Handler
                0x00000350                ADC0_1_Handler
                0x00000350                SERCOM2_2_Handler
                0x00000350                TCC3_1_Handler
                0x00000350                EIC_14_Handler
                0x00000350                DAC_1_Handler
                0x00000350                MCLK_Handler
                0x00000350                EVSYS_2_Handler
                0x00000350                SUPC_0_Handler
                0x00000350                BusFault_Handler
                0x00000350                FREQM_Handler
                0x00000350                TC0_Handler
                0x00000350                TCC0_3_Handler
                0x00000350                DMAC_3_Handler
                0x00000350                DebugMonitor_Handler
                0x00000350                TCC0_4_Handler
                0x00000350                TC5_Handler
                0x00000350                SERCOM2_0_Handler
                0x00000350                AES_Handler
                0x00000350                ICM_Handler
 .text.FLASH_0_CLOCK_init
                0x0000035c       0x10 driver_init.o
                0x0000035c                FLASH_0_CLOCK_init
 .text.FLASH_0_init
                0x0000036c       0x24 driver_init.o
                0x0000036c                FLASH_0_init
 .text.WDT_0_CLOCK_init
                0x00000390       0x10 driver_init.o
                0x00000390                WDT_0_CLOCK_init
 .text.WDT_0_init
                0x000003a0       0x24 driver_init.o
                0x000003a0                WDT_0_init
 .text.system_init
                0x000003c4       0x20 driver_init.o
                0x000003c4                system_init
 .text.atomic_enter_critical
                0x000003e4        0xe hal/src/hal_atomic.o
                0x000003e4                atomic_enter_critical
 .text.atomic_leave_critical
                0x000003f2        0xc hal/src/hal_atomic.o
                0x000003f2                atomic_leave_critical
 .text.flash_ready
                0x000003fe        0x8 hal/src/hal_flash.o
 .text.flash_error
                0x00000406        0x8 hal/src/hal_flash.o
 *fill*         0x0000040e        0x2 
 .text.flash_init
                0x00000410       0x20 hal/src/hal_flash.o
                0x00000410                flash_init
 .text.flash_write_page_erase
                0x00000430       0xa8 hal/src/hal_flash.o
                0x00000430                flash_write_page_erase
 .text._init_chip
                0x000004d8       0x44 hpl/core/hpl_init.o
                0x000004d8                _init_chip
 .text._gclk_init_generators_by_fref
                0x0000051c       0x38 hpl/gclk/hpl_gclk.o
                0x0000051c                _gclk_init_generators_by_fref
 .text._mclk_init
                0x00000554        0xc hpl/mclk/hpl_mclk.o
                0x00000554                _mclk_init
 .text._flash_program
                0x00000560       0x3c hpl/nvmctrl/hpl_nvmctrl.o
 .text._flash_init
                0x0000059c       0x4c hpl/nvmctrl/hpl_nvmctrl.o
                0x0000059c                _flash_init
 .text._flash_get_page_size
                0x000005e8        0x6 hpl/nvmctrl/hpl_nvmctrl.o
                0x000005e8                _flash_get_page_size
 .text._flash_get_total_pages
                0x000005ee        0x8 hpl/nvmctrl/hpl_nvmctrl.o
                0x000005ee                _flash_get_total_pages
 .text._flash_erase_block_addr
                0x000005f6       0x1a hpl/nvmctrl/hpl_nvmctrl.o
                0x000005f6                _flash_erase_block_addr
 .text._flash_write_page_addr
                0x00000610       0x14 hpl/nvmctrl/hpl_nvmctrl.o
                0x00000610                _flash_write_page_addr
 .text._flash_is_locked
                0x00000624       0x18 hpl/nvmctrl/hpl_nvmctrl.o
                0x00000624                _flash_is_locked
 .text.NVMCTRL_1_Handler
                0x0000063c       0x2c hpl/nvmctrl/hpl_nvmctrl.o
                0x0000063c                NVMCTRL_1_Handler
 .text.NVMCTRL_0_Handler
                0x00000668        0x8 hpl/nvmctrl/hpl_nvmctrl.o
                0x00000668                NVMCTRL_0_Handler
 .text._osc32kctrl_init_sources
                0x00000670       0x20 hpl/osc32kctrl/hpl_osc32kctrl.o
                0x00000670                _osc32kctrl_init_sources
 .text._oscctrl_init_sources
                0x00000690       0x18 hpl/oscctrl/hpl_oscctrl.o
                0x00000690                _oscctrl_init_sources
 .text._oscctrl_init_referenced_generators
                0x000006a8       0x68 hpl/oscctrl/hpl_oscctrl.o
                0x000006a8                _oscctrl_init_referenced_generators
 .text.RAMECC_Handler
                0x00000710       0x3c hpl/ramecc/hpl_ramecc.o
                0x00000710                RAMECC_Handler
 .text.SERCOM4_3_Handler
                0x0000074c       0x6c hpl/sercom/hpl_sercom.o
                0x0000074c                SERCOM4_3_Handler
 .text.SERCOM4_2_Handler
                0x000007b8        0x8 hpl/sercom/hpl_sercom.o
                0x000007b8                SERCOM4_2_Handler
 .text.SERCOM4_1_Handler
                0x000007c0        0x8 hpl/sercom/hpl_sercom.o
                0x000007c0                SERCOM4_1_Handler
 .text.SERCOM4_0_Handler
                0x000007c8        0x8 hpl/sercom/hpl_sercom.o
                0x000007c8                SERCOM4_0_Handler
 .text._wdt_init
                0x000007d0       0x3e hpl/wdt/hpl_wdt.o
                0x000007d0                _wdt_init
 *fill*         0x0000080e        0x2 
 .text.__NVIC_SystemReset
                0x00000810       0x24 main.o
 .text._gpio_set_direction.constprop.2
                0x00000834       0x20 main.o
 .text.print_resetcause
                0x00000854       0x58 main.o
                0x00000854                print_resetcause
 .text.JumpToApplication
                0x000008ac       0x20 main.o
                0x000008ac                JumpToApplication
 .text.WhiteLight
                0x000008cc       0x54 main.o
                0x000008cc                WhiteLight
 .text.WD_Refresh
                0x00000920       0x2c main.o
                0x00000920                WD_Refresh
 .text.startup.main
                0x0000094c      0x1a4 main.o
                0x0000094c                main
 .text.Crc16Fast
                0x00000af0       0x28 C:\projects\trunk\Izi-Lib-sam\Release\libIZI-Lib-sam.a(crc.o)
                0x00000af0                Crc16Fast
 .text.__libc_init_array
                0x00000b18       0x48 c:/program files (x86)/atmel/studio/7.0/toolchain/arm/arm-gnu-toolchain/bin/../lib/gcc/arm-none-eabi/6.3.1/../../../../arm-none-eabi/lib/thumb/v7e-m\libc_nano.a(lib_a-init.o)
                0x00000b18                __libc_init_array
 *(.glue_7t)
 .glue_7t       0x00000b60        0x0 linker stubs
 *(.glue_7)
 .glue_7        0x00000b60        0x0 linker stubs
 *(.rodata .rodata* .gnu.linkonce.r.*)
 .rodata        0x00000b60      0x200 C:\projects\trunk\Izi-Lib-sam\Release\libIZI-Lib-sam.a(crc.o)
                0x00000b60                crc16Table
 *(.ARM.extab* .gnu.linkonce.armextab.*)
                0x00000d60                . = ALIGN (0x4)
 *(.init)
 .init          0x00000d60        0x4 c:/program files (x86)/atmel/studio/7.0/toolchain/arm/arm-gnu-toolchain/bin/../lib/gcc/arm-none-eabi/6.3.1/thumb/v7e-m/crti.o
                0x00000d60                _init
 .init          0x00000d64        0x8 c:/program files (x86)/atmel/studio/7.0/toolchain/arm/arm-gnu-toolchain/bin/../lib/gcc/arm-none-eabi/6.3.1/thumb/v7e-m/crtn.o
                0x00000d6c                . = ALIGN (0x4)
                0x00000d6c                __preinit_array_start = .
 *(.preinit_array)
                0x00000d6c                __preinit_array_end = .
                0x00000d6c                . = ALIGN (0x4)
                0x00000d6c                __init_array_start = .
 *(SORT(.init_array.*))
 *(.init_array)
 .init_array    0x00000d6c        0x4 c:/program files (x86)/atmel/studio/7.0/toolchain/arm/arm-gnu-toolchain/bin/../lib/gcc/arm-none-eabi/6.3.1/thumb/v7e-m/crtbegin.o
                0x00000d70                __init_array_end = .
                0x00000d70                . = ALIGN (0x4)
 *crtbegin.o(.ctors)
 *(EXCLUDE_FILE(*crtend.o) .ctors)
 *(SORT(.ctors.*))
 *crtend.o(.ctors)
                0x00000d70                . = ALIGN (0x4)
 *(.fini)
 .fini          0x00000d70        0x4 c:/program files (x86)/atmel/studio/7.0/toolchain/arm/arm-gnu-toolchain/bin/../lib/gcc/arm-none-eabi/6.3.1/thumb/v7e-m/crti.o
                0x00000d70                _fini
 .fini          0x00000d74        0x8 c:/program files (x86)/atmel/studio/7.0/toolchain/arm/arm-gnu-toolchain/bin/../lib/gcc/arm-none-eabi/6.3.1/thumb/v7e-m/crtn.o
                0x00000d7c                . = ALIGN (0x4)
                0x00000d7c                __fini_array_start = .
 *(.fini_array)
 .fini_array    0x00000d7c        0x4 c:/program files (x86)/atmel/studio/7.0/toolchain/arm/arm-gnu-toolchain/bin/../lib/gcc/arm-none-eabi/6.3.1/thumb/v7e-m/crtbegin.o
 *(SORT(.fini_array.*))
                0x00000d80                __fini_array_end = .
 *crtbegin.o(.dtors)
 *(EXCLUDE_FILE(*crtend.o) .dtors)
 *(SORT(.dtors.*))
 *crtend.o(.dtors)
                0x00000d80                . = ALIGN (0x4)
                0x00000d80                _efixed = .
                [!provide]                PROVIDE (__exidx_start, .)

.vfp11_veneer   0x00000d80        0x0
 .vfp11_veneer  0x00000d80        0x0 linker stubs

.v4_bx          0x00000d80        0x0
 .v4_bx         0x00000d80        0x0 linker stubs

.iplt           0x00000d80        0x0
 .iplt          0x00000d80        0x0 c:/program files (x86)/atmel/studio/7.0/toolchain/arm/arm-gnu-toolchain/bin/../lib/gcc/arm-none-eabi/6.3.1/thumb/v7e-m/crtbegin.o

.ARM.exidx
 *(.ARM.exidx* .gnu.linkonce.armexidx.*)
                [!provide]                PROVIDE (__exidx_end, .)
                0x00000d80                . = ALIGN (0x4)
                0x00000d80                _etext = .

.bootloadersection
                0x00000000        0x0
                0x00000000                . = ALIGN (0x4)
                0x00000000                _sbootloadersection = .
 *(.bootloadersection*)
                0x00000000                . = ALIGN (0x4)
                0x00000000                _ebootloadersection = .

.appsettingsection
                0x0003c000        0x0
                0x0003c000                . = ALIGN (0x4)
                0x0003c000                _sappsettingsection = .
 *(.appsettingsection*)
                0x0003c000                . = ALIGN (0x4)
                0x0003c000                _eappsettingsection = .

.firmwareinfosection
                0x00003ffc        0x4
                0x00003ffc                . = ALIGN (0x4)
                0x00003ffc                _sfirmwareinfosection = .
 *(.firmwareinfosection*)
 .firmwareinfosection
                0x00003ffc        0x4 version.o
                0x00003ffc                version
                0x00004000                . = ALIGN (0x4)
                0x00004000                _efirmwareinfosection = .

.eh_frame       0x00004000        0x0
 .eh_frame      0x00004000        0x0 c:/program files (x86)/atmel/studio/7.0/toolchain/arm/arm-gnu-toolchain/bin/../lib/gcc/arm-none-eabi/6.3.1/thumb/v7e-m/crtbegin.o

.rel.dyn        0x00004000        0x0
 .rel.iplt      0x00004000        0x0 c:/program files (x86)/atmel/studio/7.0/toolchain/arm/arm-gnu-toolchain/bin/../lib/gcc/arm-none-eabi/6.3.1/thumb/v7e-m/crtbegin.o

.jcr            0x00004000        0x0
 .jcr           0x00004000        0x0 c:/program files (x86)/atmel/studio/7.0/toolchain/arm/arm-gnu-toolchain/bin/../lib/gcc/arm-none-eabi/6.3.1/thumb/v7e-m/crtbegin.o

.igot.plt       0x00000d80        0x0 load address 0x00004000
 .igot.plt      0x00000d80        0x0 c:/program files (x86)/atmel/studio/7.0/toolchain/arm/arm-gnu-toolchain/bin/../lib/gcc/arm-none-eabi/6.3.1/thumb/v7e-m/crtbegin.o

.mirrorsection  0x00022000        0x0
                0x00022000                . = ALIGN (0x4)
                0x00022000                _smirrorsection = .
 *(.mirrorsection*)
                0x00022000                . = ALIGN (0x4)
                0x00022000                _emirrorsection = .

.relocate       0x20002200        0x0 load address 0x00000d80
                0x20002200                . = ALIGN (0x4)
                0x20002200                _srelocate = .
 *(.ramfunc .ramfunc.*)
 *(.data .data.*)
                0x20002200                . = ALIGN (0x4)
                0x20002200                _erelocate = .

.energy_ram     0x2001fe80        0x0
                0x2001fe80                . = ALIGN (0x4)
 *(.energy_ram)
                0x2001fe80                . = ALIGN (0x4)

.boot_ram       0x2001ff00       0x34
                0x2001ff00                . = ALIGN (0x4)
 *(.boot_ram)
 .boot_ram      0x2001ff00       0x34 main.o
                0x2001ff00                boot_data
                0x2001ff34                . = ALIGN (0x4)

.can_ram        0x20000000        0x0
                0x20000000                . = ALIGN (0x4)
 *(.can_ram)
                0x20000000                . = ALIGN (0x4)

.qspi           0x04000000        0x0
                0x04000000                . = ALIGN (0x8)
                0x04000000                _sqspi = .
 *(.qspi .qspi.*)
                0x04000000                . = ALIGN (0x8)
                0x04000000                _eqspi = .

.bss            0x20002200       0x58
                0x20002200                . = ALIGN (0x4)
                0x20002200                _sbss = .
                0x20002200                _szero = .
 *(.bss .bss.*)
 .bss           0x20002200       0x1c c:/program files (x86)/atmel/studio/7.0/toolchain/arm/arm-gnu-toolchain/bin/../lib/gcc/arm-none-eabi/6.3.1/thumb/v7e-m/crtbegin.o
 .bss           0x2000221c        0x4 hal/src/hal_flash.o
 .bss           0x20002220        0x4 hpl/nvmctrl/hpl_nvmctrl.o
 .bss           0x20002224        0x4 hpl/sercom/hpl_sercom.o
 *(COMMON)
 COMMON         0x20002228       0x20 driver_init.o
                0x20002228                FLASH_0
                0x20002244                WDT_0
 COMMON         0x20002248       0x10 hpl/ramecc/hpl_ramecc.o
                0x20002248                device
                0x20002258                . = ALIGN (0x4)
                0x20002258                _ebss = .
                0x20002258                _ezero = .

.stack          0x20002258     0x1000
                0x20002258                . = ALIGN (0x8)
                0x20002258                _sstack = .
                0x20003258                . = (. + STACK_SIZE)
 *fill*         0x20002258     0x1000 
                0x20003258                . = ALIGN (0x8)
                0x20003258                _estack = .
                0x20003258                . = ALIGN (0x4)
                0x20003258                _end = .
OUTPUT(IZI-Boot-sam.elf elf32-littlearm)

.ARM.attributes
                0x00000000       0x2e
 .ARM.attributes
                0x00000000       0x1e c:/program files (x86)/atmel/studio/7.0/toolchain/arm/arm-gnu-toolchain/bin/../lib/gcc/arm-none-eabi/6.3.1/thumb/v7e-m/crti.o
 .ARM.attributes
                0x0000001e       0x2e c:/program files (x86)/atmel/studio/7.0/toolchain/arm/arm-gnu-toolchain/bin/../lib/gcc/arm-none-eabi/6.3.1/thumb/v7e-m/crtbegin.o
 .ARM.attributes
                0x0000004c       0x37 atmel_start.o
 .ARM.attributes
                0x00000083       0x37 Device_Startup/startup_same51.o
 .ARM.attributes
                0x000000ba       0x37 driver_init.o
 .ARM.attributes
                0x000000f1       0x37 hal/src/hal_atomic.o
 .ARM.attributes
                0x00000128       0x37 hal/src/hal_flash.o
 .ARM.attributes
                0x0000015f       0x37 hpl/core/hpl_init.o
 .ARM.attributes
                0x00000196       0x37 hpl/gclk/hpl_gclk.o
 .ARM.attributes
                0x000001cd       0x37 hpl/mclk/hpl_mclk.o
 .ARM.attributes
                0x00000204       0x37 hpl/nvmctrl/hpl_nvmctrl.o
 .ARM.attributes
                0x0000023b       0x37 hpl/osc32kctrl/hpl_osc32kctrl.o
 .ARM.attributes
                0x00000272       0x37 hpl/oscctrl/hpl_oscctrl.o
 .ARM.attributes
                0x000002a9       0x37 hpl/ramecc/hpl_ramecc.o
 .ARM.attributes
                0x000002e0       0x37 hpl/sercom/hpl_sercom.o
 .ARM.attributes
                0x00000317       0x37 hpl/wdt/hpl_wdt.o
 .ARM.attributes
                0x0000034e       0x37 main.o
 .ARM.attributes
                0x00000385       0x37 version.o
 .ARM.attributes
                0x000003bc       0x33 C:\projects\trunk\Izi-Lib-sam\Release\libIZI-Lib-sam.a(crc.o)
 .ARM.attributes
                0x000003ef       0x2e c:/program files (x86)/atmel/studio/7.0/toolchain/arm/arm-gnu-toolchain/bin/../lib/gcc/arm-none-eabi/6.3.1/../../../../arm-none-eabi/lib/thumb/v7e-m\libc_nano.a(lib_a-init.o)
 .ARM.attributes
                0x0000041d       0x1e c:/program files (x86)/atmel/studio/7.0/toolchain/arm/arm-gnu-toolchain/bin/../lib/gcc/arm-none-eabi/6.3.1/thumb/v7e-m/crtn.o

.comment        0x00000000       0x59
 .comment       0x00000000       0x59 atmel_start.o
                                 0x5a (size before relaxing)
 .comment       0x00000059       0x5a Device_Startup/startup_same51.o
 .comment       0x00000059       0x5a driver_init.o
 .comment       0x00000059       0x5a hal/src/hal_atomic.o
 .comment       0x00000059       0x5a hal/src/hal_flash.o
 .comment       0x00000059       0x5a hpl/core/hpl_init.o
 .comment       0x00000059       0x5a hpl/gclk/hpl_gclk.o
 .comment       0x00000059       0x5a hpl/mclk/hpl_mclk.o
 .comment       0x00000059       0x5a hpl/nvmctrl/hpl_nvmctrl.o
 .comment       0x00000059       0x5a hpl/osc32kctrl/hpl_osc32kctrl.o
 .comment       0x00000059       0x5a hpl/oscctrl/hpl_oscctrl.o
 .comment       0x00000059       0x5a hpl/ramecc/hpl_ramecc.o
 .comment       0x00000059       0x5a hpl/sercom/hpl_sercom.o
 .comment       0x00000059       0x5a hpl/wdt/hpl_wdt.o
 .comment       0x00000059       0x5a main.o
 .comment       0x00000059       0x5a version.o
 .comment       0x00000059       0x5a C:\projects\trunk\Izi-Lib-sam\Release\libIZI-Lib-sam.a(crc.o)

.debug_frame    0x00000000       0x2c
 .debug_frame   0x00000000       0x2c c:/program files (x86)/atmel/studio/7.0/toolchain/arm/arm-gnu-toolchain/bin/../lib/gcc/arm-none-eabi/6.3.1/../../../../arm-none-eabi/lib/thumb/v7e-m\libc_nano.a(lib_a-init.o)
